<?xml version="1.0" encoding="ISO-8859-1" ?>
<link_info>
   <banner>TMS320C2000 Linker PC v18.1.1.LTS</banner>
   <copyright>Copyright (c) 1996-2017 Texas Instruments Incorporated</copyright>
   <link_time>0x5bfb545c</link_time>
   <link_errors>0x0</link_errors>
   <output_file>SourceTest.out</output_file>
   <entry_point>
      <name>_c_int00</name>
      <address>0x3f67b4</address>
   </entry_point>
   <input_file_list>
      <input_file id="fl-2">
         <path>.\</path>
         <kind>object</kind>
         <file>main.obj</file>
         <name>main.obj</name>
      </input_file>
      <input_file id="fl-3">
         <path>.\</path>
         <kind>object</kind>
         <file>mppt.obj</file>
         <name>mppt.obj</name>
      </input_file>
      <input_file id="fl-4">
         <path>.\</path>
         <kind>object</kind>
         <file>sensors.obj</file>
         <name>sensors.obj</name>
      </input_file>
      <input_file id="fl-5">
         <path>.\Source\</path>
         <kind>object</kind>
         <file>adc.obj</file>
         <name>adc.obj</name>
      </input_file>
      <input_file id="fl-6">
         <path>.\Source\</path>
         <kind>object</kind>
         <file>clk.obj</file>
         <name>clk.obj</name>
      </input_file>
      <input_file id="fl-7">
         <path>.\Source\</path>
         <kind>object</kind>
         <file>cpu.obj</file>
         <name>cpu.obj</name>
      </input_file>
      <input_file id="fl-8">
         <path>.\Source\</path>
         <kind>object</kind>
         <file>f2802x_defaultisr.obj</file>
         <name>f2802x_defaultisr.obj</name>
      </input_file>
      <input_file id="fl-9">
         <path>.\Source\</path>
         <kind>object</kind>
         <file>flash.obj</file>
         <name>flash.obj</name>
      </input_file>
      <input_file id="fl-a">
         <path>.\Source\</path>
         <kind>object</kind>
         <file>gpio.obj</file>
         <name>gpio.obj</name>
      </input_file>
      <input_file id="fl-b">
         <path>.\Source\</path>
         <kind>object</kind>
         <file>pie.obj</file>
         <name>pie.obj</name>
      </input_file>
      <input_file id="fl-c">
         <path>.\Source\</path>
         <kind>object</kind>
         <file>pll.obj</file>
         <name>pll.obj</name>
      </input_file>
      <input_file id="fl-d">
         <path>.\Source\</path>
         <kind>object</kind>
         <file>pwm.obj</file>
         <name>pwm.obj</name>
      </input_file>
      <input_file id="fl-e">
         <path>.\Source\</path>
         <kind>object</kind>
         <file>timer.obj</file>
         <name>timer.obj</name>
      </input_file>
      <input_file id="fl-f">
         <path>.\Source\</path>
         <kind>object</kind>
         <file>wdog.obj</file>
         <name>wdog.obj</name>
      </input_file>
      <input_file id="fl-13">
         <kind>object</kind>
         <file>&lt;internal&gt;</file>
         <name>&lt;internal&gt;</name>
      </input_file>
      <input_file id="fl-1f">
         <path>C:\ti\ccsv8\tools\compiler\ti-cgt-c2000_18.1.1.LTS\lib\</path>
         <kind>archive</kind>
         <file>rts2800_ml.lib</file>
         <name>boot28.asm.obj</name>
      </input_file>
      <input_file id="fl-20">
         <path>C:\ti\ccsv8\tools\compiler\ti-cgt-c2000_18.1.1.LTS\lib\</path>
         <kind>archive</kind>
         <file>rts2800_ml.lib</file>
         <name>fs_add28.asm.obj</name>
      </input_file>
      <input_file id="fl-21">
         <path>C:\ti\ccsv8\tools\compiler\ti-cgt-c2000_18.1.1.LTS\lib\</path>
         <kind>archive</kind>
         <file>rts2800_ml.lib</file>
         <name>fs_cmp28.asm.obj</name>
      </input_file>
      <input_file id="fl-22">
         <path>C:\ti\ccsv8\tools\compiler\ti-cgt-c2000_18.1.1.LTS\lib\</path>
         <kind>archive</kind>
         <file>rts2800_ml.lib</file>
         <name>fs_div28.asm.obj</name>
      </input_file>
      <input_file id="fl-23">
         <path>C:\ti\ccsv8\tools\compiler\ti-cgt-c2000_18.1.1.LTS\lib\</path>
         <kind>archive</kind>
         <file>rts2800_ml.lib</file>
         <name>fs_mpy28.asm.obj</name>
      </input_file>
      <input_file id="fl-24">
         <path>C:\ti\ccsv8\tools\compiler\ti-cgt-c2000_18.1.1.LTS\lib\</path>
         <kind>archive</kind>
         <file>rts2800_ml.lib</file>
         <name>fs_neg28.asm.obj</name>
      </input_file>
      <input_file id="fl-25">
         <path>C:\ti\ccsv8\tools\compiler\ti-cgt-c2000_18.1.1.LTS\lib\</path>
         <kind>archive</kind>
         <file>rts2800_ml.lib</file>
         <name>fs_tou28.asm.obj</name>
      </input_file>
      <input_file id="fl-26">
         <path>C:\ti\ccsv8\tools\compiler\ti-cgt-c2000_18.1.1.LTS\lib\</path>
         <kind>archive</kind>
         <file>rts2800_ml.lib</file>
         <name>u_tofs28.asm.obj</name>
      </input_file>
      <input_file id="fl-27">
         <path>C:\ti\ccsv8\tools\compiler\ti-cgt-c2000_18.1.1.LTS\lib\</path>
         <kind>archive</kind>
         <file>rts2800_ml.lib</file>
         <name>cpy_tbl.c.obj</name>
      </input_file>
      <input_file id="fl-28">
         <path>C:\ti\ccsv8\tools\compiler\ti-cgt-c2000_18.1.1.LTS\lib\</path>
         <kind>archive</kind>
         <file>rts2800_ml.lib</file>
         <name>memcpy.c.obj</name>
      </input_file>
      <input_file id="fl-29">
         <path>C:\ti\ccsv8\tools\compiler\ti-cgt-c2000_18.1.1.LTS\lib\</path>
         <kind>archive</kind>
         <file>rts2800_ml.lib</file>
         <name>pre_init.c.obj</name>
      </input_file>
      <input_file id="fl-2a">
         <path>C:\ti\ccsv8\tools\compiler\ti-cgt-c2000_18.1.1.LTS\lib\</path>
         <kind>archive</kind>
         <file>rts2800_ml.lib</file>
         <name>startup.c.obj</name>
      </input_file>
      <input_file id="fl-2b">
         <path>C:\ti\ccsv8\tools\compiler\ti-cgt-c2000_18.1.1.LTS\lib\</path>
         <kind>archive</kind>
         <file>rts2800_ml.lib</file>
         <name>exit.c.obj</name>
      </input_file>
      <input_file id="fl-2c">
         <path>C:\ti\ccsv8\tools\compiler\ti-cgt-c2000_18.1.1.LTS\lib\</path>
         <kind>archive</kind>
         <file>rts2800_ml.lib</file>
         <name>_lock.c.obj</name>
      </input_file>
      <input_file id="fl-2d">
         <path>C:\ti\ccsv8\tools\compiler\ti-cgt-c2000_18.1.1.LTS\lib\</path>
         <kind>archive</kind>
         <file>rts2800_ml.lib</file>
         <name>args_main.c.obj</name>
      </input_file>
   </input_file_list>
   <object_component_list>
      <object_component id="oc-15">
         <name>.cinit</name>
         <load_address>0x3f6a24</load_address>
         <run_address>0x3f6a24</run_address>
         <size>0x49</size>
         <input_file_ref idref="fl-2"/>
      </object_component>
      <object_component id="oc-9e">
         <name>.cinit</name>
         <load_address>0x3f6a6d</load_address>
         <run_address>0x3f6a6d</run_address>
         <size>0xe</size>
         <input_file_ref idref="fl-2b"/>
      </object_component>
      <object_component id="oc-b9">
         <name>.cinit:__lock</name>
         <load_address>0x3f6a7b</load_address>
         <run_address>0x3f6a7b</run_address>
         <size>0x5</size>
         <input_file_ref idref="fl-2c"/>
      </object_component>
      <object_component id="oc-c3">
         <name>.cinit:__unlock</name>
         <load_address>0x3f6a80</load_address>
         <run_address>0x3f6a80</run_address>
         <size>0x5</size>
         <input_file_ref idref="fl-2c"/>
      </object_component>
      <object_component id="oc-ba">
         <name>.text</name>
         <load_address>0x3f6000</load_address>
         <run_address>0x3f6000</run_address>
         <size>0x15d</size>
         <input_file_ref idref="fl-5"/>
      </object_component>
      <object_component id="oc-b5">
         <name>.text</name>
         <load_address>0x3f615d</load_address>
         <run_address>0x3f615d</run_address>
         <size>0x10b</size>
         <input_file_ref idref="fl-3"/>
      </object_component>
      <object_component id="oc-37">
         <name>.text:retain</name>
         <load_address>0x3f6268</load_address>
         <run_address>0x3f6268</run_address>
         <size>0xff</size>
         <input_file_ref idref="fl-8"/>
      </object_component>
      <object_component id="oc-be">
         <name>.text</name>
         <load_address>0x3f6367</load_address>
         <run_address>0x3f6367</run_address>
         <size>0xdd</size>
         <input_file_ref idref="fl-c"/>
      </object_component>
      <object_component id="oc-17">
         <name>.text:retain</name>
         <load_address>0x3f6444</load_address>
         <run_address>0x3f6444</run_address>
         <size>0xc2</size>
         <input_file_ref idref="fl-2"/>
      </object_component>
      <object_component id="oc-b4">
         <name>.text</name>
         <load_address>0x3f6506</load_address>
         <run_address>0x3f6506</run_address>
         <size>0xac</size>
         <input_file_ref idref="fl-4"/>
      </object_component>
      <object_component id="oc-c0">
         <name>.text</name>
         <load_address>0x3f65b2</load_address>
         <run_address>0x3f65b2</run_address>
         <size>0x88</size>
         <input_file_ref idref="fl-e"/>
      </object_component>
      <object_component id="oc-70">
         <name>.text</name>
         <load_address>0x3f663a</load_address>
         <run_address>0x3f663a</run_address>
         <size>0x83</size>
         <input_file_ref idref="fl-22"/>
      </object_component>
      <object_component id="oc-c1">
         <name>.text</name>
         <load_address>0x3f66bd</load_address>
         <run_address>0x3f66bd</run_address>
         <size>0x7f</size>
         <input_file_ref idref="fl-f"/>
      </object_component>
      <object_component id="oc-66">
         <name>.text</name>
         <load_address>0x3f673c</load_address>
         <run_address>0x3f673c</run_address>
         <size>0x78</size>
         <input_file_ref idref="fl-20"/>
      </object_component>
      <object_component id="oc-13">
         <name>.text</name>
         <load_address>0x3f67b4</load_address>
         <run_address>0x3f67b4</run_address>
         <size>0x54</size>
         <input_file_ref idref="fl-1f"/>
      </object_component>
      <object_component id="oc-bc">
         <name>.text</name>
         <load_address>0x3f6808</load_address>
         <run_address>0x3f6808</run_address>
         <size>0x4c</size>
         <input_file_ref idref="fl-7"/>
      </object_component>
      <object_component id="oc-b2">
         <name>.text</name>
         <load_address>0x3f6854</load_address>
         <run_address>0x3f6854</run_address>
         <size>0x29</size>
         <input_file_ref idref="fl-2b"/>
      </object_component>
      <object_component id="oc-af">
         <name>.text</name>
         <load_address>0x3f687d</load_address>
         <run_address>0x3f687d</run_address>
         <size>0x24</size>
         <input_file_ref idref="fl-27"/>
      </object_component>
      <object_component id="oc-7f">
         <name>.text</name>
         <load_address>0x3f68a1</load_address>
         <run_address>0x3f68a1</run_address>
         <size>0x1d</size>
         <input_file_ref idref="fl-25"/>
      </object_component>
      <object_component id="oc-b7">
         <name>.text</name>
         <load_address>0x3f68be</load_address>
         <run_address>0x3f68be</run_address>
         <size>0x1d</size>
         <input_file_ref idref="fl-28"/>
      </object_component>
      <object_component id="oc-b1">
         <name>.text</name>
         <load_address>0x3f68db</load_address>
         <run_address>0x3f68db</run_address>
         <size>0x19</size>
         <input_file_ref idref="fl-2d"/>
      </object_component>
      <object_component id="oc-6b">
         <name>.text</name>
         <load_address>0x3f68f4</load_address>
         <run_address>0x3f68f4</run_address>
         <size>0x17</size>
         <input_file_ref idref="fl-21"/>
      </object_component>
      <object_component id="oc-84">
         <name>.text</name>
         <load_address>0x3f690b</load_address>
         <run_address>0x3f690b</run_address>
         <size>0x10</size>
         <input_file_ref idref="fl-26"/>
      </object_component>
      <object_component id="oc-7a">
         <name>.text</name>
         <load_address>0x3f691b</load_address>
         <run_address>0x3f691b</run_address>
         <size>0x5</size>
         <input_file_ref idref="fl-24"/>
      </object_component>
      <object_component id="oc-ae">
         <name>.text</name>
         <load_address>0x3f6920</load_address>
         <run_address>0x3f6920</run_address>
         <size>0x2</size>
         <input_file_ref idref="fl-29"/>
      </object_component>
      <object_component id="oc-b0">
         <name>.text</name>
         <load_address>0x3f6922</load_address>
         <run_address>0x3f6922</run_address>
         <size>0x1</size>
         <input_file_ref idref="fl-2a"/>
      </object_component>
      <object_component id="oc-bf">
         <name>.text</name>
         <load_address>0x3f7000</load_address>
         <run_address>0x3f7000</run_address>
         <size>0x645</size>
         <input_file_ref idref="fl-d"/>
      </object_component>
      <object_component id="oc-b6">
         <name>.text</name>
         <load_address>0x3f7645</load_address>
         <run_address>0x3f7645</run_address>
         <size>0x352</size>
         <input_file_ref idref="fl-2"/>
      </object_component>
      <object_component id="oc-b3">
         <name>.text</name>
         <load_address>0x3f7997</load_address>
         <run_address>0x3f7997</run_address>
         <size>0x219</size>
         <input_file_ref idref="fl-a"/>
      </object_component>
      <object_component id="oc-bd">
         <name>.text</name>
         <load_address>0x3f7bb0</load_address>
         <run_address>0x3f7bb0</run_address>
         <size>0x1f7</size>
         <input_file_ref idref="fl-b"/>
      </object_component>
      <object_component id="oc-bb">
         <name>.text</name>
         <load_address>0x3f7da7</load_address>
         <run_address>0x3f7da7</run_address>
         <size>0x171</size>
         <input_file_ref idref="fl-6"/>
      </object_component>
      <object_component id="oc-75">
         <name>.text</name>
         <load_address>0x3f7f18</load_address>
         <run_address>0x3f7f18</run_address>
         <size>0x5a</size>
         <input_file_ref idref="fl-23"/>
      </object_component>
      <object_component id="oc-c2">
         <name>.text</name>
         <load_address>0x3f7f72</load_address>
         <run_address>0x3f7f72</run_address>
         <size>0x9</size>
         <input_file_ref idref="fl-2c"/>
      </object_component>
      <object_component id="oc-47">
         <name>.text:retain</name>
         <load_address>0x3f7f7b</load_address>
         <run_address>0x3f7f7b</run_address>
         <size>0x5</size>
         <input_file_ref idref="fl-b"/>
      </object_component>
      <object_component id="oc-60">
         <name>.stack</name>
         <uninitialized>true</uninitialized>
         <run_address>0x400</run_address>
         <size>0x0</size>
         <input_file_ref idref="fl-1f"/>
      </object_component>
      <object_component id="oc-e2">
         <name>.stack</name>
         <uninitialized>true</uninitialized>
         <run_address>0x400</run_address>
         <size>0x0</size>
      </object_component>
      <object_component id="oc-16">
         <name>.ebss</name>
         <uninitialized>true</uninitialized>
         <run_address>0x700</run_address>
         <size>0x80</size>
         <input_file_ref idref="fl-2"/>
      </object_component>
      <object_component id="oc-9f">
         <name>.ebss</name>
         <uninitialized>true</uninitialized>
         <run_address>0x780</run_address>
         <size>0x6</size>
         <input_file_ref idref="fl-2b"/>
      </object_component>
      <object_component id="oc-b8">
         <name>.ebss:__lock</name>
         <uninitialized>true</uninitialized>
         <run_address>0x786</run_address>
         <size>0x2</size>
         <input_file_ref idref="fl-2c"/>
      </object_component>
      <object_component id="oc-c5">
         <name>.ebss:__unlock</name>
         <uninitialized>true</uninitialized>
         <run_address>0x788</run_address>
         <size>0x2</size>
         <input_file_ref idref="fl-2c"/>
      </object_component>
      <object_component id="oc-31">
         <name>.ebss</name>
         <uninitialized>true</uninitialized>
         <run_address>0x78a</run_address>
         <size>0x1</size>
         <input_file_ref idref="fl-7"/>
      </object_component>
      <object_component id="oc-c4">
         <name>.econst:_PIE_tableDebugInit</name>
         <load_address>0x3f6924</load_address>
         <run_address>0x3f6924</run_address>
         <size>0x100</size>
         <input_file_ref idref="fl-b"/>
      </object_component>
      <object_component id="oc-61">
         <name>.reset</name>
         <load_address>0x3fffc0</load_address>
         <run_address>0x3fffc0</run_address>
         <size>0x2</size>
         <input_file_ref idref="fl-1f"/>
      </object_component>
      <object_component id="oc-14">
         <name>.debug_info</name>
         <load_address>0x0</load_address>
         <run_address>0x0</run_address>
         <size>0x7d5d</size>
         <input_file_ref idref="fl-2"/>
      </object_component>
      <object_component id="oc-1c">
         <name>.debug_info</name>
         <load_address>0x7d5d</load_address>
         <run_address>0x7d5d</run_address>
         <size>0x5d3</size>
         <input_file_ref idref="fl-3"/>
      </object_component>
      <object_component id="oc-21">
         <name>.debug_info</name>
         <load_address>0x8330</load_address>
         <run_address>0x8330</run_address>
         <size>0x64f</size>
         <input_file_ref idref="fl-4"/>
      </object_component>
      <object_component id="oc-26">
         <name>.debug_info</name>
         <load_address>0x897f</load_address>
         <run_address>0x897f</run_address>
         <size>0x2668</size>
         <input_file_ref idref="fl-5"/>
      </object_component>
      <object_component id="oc-2b">
         <name>.debug_info</name>
         <load_address>0xafe7</load_address>
         <run_address>0xafe7</run_address>
         <size>0x1e76</size>
         <input_file_ref idref="fl-6"/>
      </object_component>
      <object_component id="oc-30">
         <name>.debug_info</name>
         <load_address>0xce5d</load_address>
         <run_address>0xce5d</run_address>
         <size>0xbf7</size>
         <input_file_ref idref="fl-7"/>
      </object_component>
      <object_component id="oc-36">
         <name>.debug_info</name>
         <load_address>0xda54</load_address>
         <run_address>0xda54</run_address>
         <size>0x1748</size>
         <input_file_ref idref="fl-8"/>
      </object_component>
      <object_component id="oc-3c">
         <name>.debug_info</name>
         <load_address>0xf19c</load_address>
         <run_address>0xf19c</run_address>
         <size>0xb4f</size>
         <input_file_ref idref="fl-9"/>
      </object_component>
      <object_component id="oc-41">
         <name>.debug_info</name>
         <load_address>0xfceb</load_address>
         <run_address>0xfceb</run_address>
         <size>0x2161</size>
         <input_file_ref idref="fl-a"/>
      </object_component>
      <object_component id="oc-46">
         <name>.debug_info</name>
         <load_address>0x11e4c</load_address>
         <run_address>0x11e4c</run_address>
         <size>0x3d97</size>
         <input_file_ref idref="fl-b"/>
      </object_component>
      <object_component id="oc-4c">
         <name>.debug_info</name>
         <load_address>0x15be3</load_address>
         <run_address>0x15be3</run_address>
         <size>0x13df</size>
         <input_file_ref idref="fl-c"/>
      </object_component>
      <object_component id="oc-51">
         <name>.debug_info</name>
         <load_address>0x16fc2</load_address>
         <run_address>0x16fc2</run_address>
         <size>0x8255</size>
         <input_file_ref idref="fl-d"/>
      </object_component>
      <object_component id="oc-56">
         <name>.debug_info</name>
         <load_address>0x1f217</load_address>
         <run_address>0x1f217</run_address>
         <size>0xe37</size>
         <input_file_ref idref="fl-e"/>
      </object_component>
      <object_component id="oc-5b">
         <name>.debug_info</name>
         <load_address>0x2004e</load_address>
         <run_address>0x2004e</run_address>
         <size>0xd22</size>
         <input_file_ref idref="fl-f"/>
      </object_component>
      <object_component id="oc-62">
         <name>.debug_info</name>
         <load_address>0x20d70</load_address>
         <run_address>0x20d70</run_address>
         <size>0x16b</size>
         <input_file_ref idref="fl-1f"/>
      </object_component>
      <object_component id="oc-67">
         <name>.debug_info</name>
         <load_address>0x20edb</load_address>
         <run_address>0x20edb</run_address>
         <size>0x10c</size>
         <input_file_ref idref="fl-20"/>
      </object_component>
      <object_component id="oc-6c">
         <name>.debug_info</name>
         <load_address>0x20fe7</load_address>
         <run_address>0x20fe7</run_address>
         <size>0x10c</size>
         <input_file_ref idref="fl-21"/>
      </object_component>
      <object_component id="oc-71">
         <name>.debug_info</name>
         <load_address>0x210f3</load_address>
         <run_address>0x210f3</run_address>
         <size>0x10c</size>
         <input_file_ref idref="fl-22"/>
      </object_component>
      <object_component id="oc-76">
         <name>.debug_info</name>
         <load_address>0x211ff</load_address>
         <run_address>0x211ff</run_address>
         <size>0x10c</size>
         <input_file_ref idref="fl-23"/>
      </object_component>
      <object_component id="oc-7b">
         <name>.debug_info</name>
         <load_address>0x2130b</load_address>
         <run_address>0x2130b</run_address>
         <size>0x10c</size>
         <input_file_ref idref="fl-24"/>
      </object_component>
      <object_component id="oc-80">
         <name>.debug_info</name>
         <load_address>0x21417</load_address>
         <run_address>0x21417</run_address>
         <size>0x118</size>
         <input_file_ref idref="fl-25"/>
      </object_component>
      <object_component id="oc-85">
         <name>.debug_info</name>
         <load_address>0x2152f</load_address>
         <run_address>0x2152f</run_address>
         <size>0x110</size>
         <input_file_ref idref="fl-26"/>
      </object_component>
      <object_component id="oc-89">
         <name>.debug_info</name>
         <load_address>0x2163f</load_address>
         <run_address>0x2163f</run_address>
         <size>0x4c2</size>
         <input_file_ref idref="fl-27"/>
      </object_component>
      <object_component id="oc-8e">
         <name>.debug_info</name>
         <load_address>0x21b01</load_address>
         <run_address>0x21b01</run_address>
         <size>0x3bd</size>
         <input_file_ref idref="fl-28"/>
      </object_component>
      <object_component id="oc-93">
         <name>.debug_info</name>
         <load_address>0x21ebe</load_address>
         <run_address>0x21ebe</run_address>
         <size>0x330</size>
         <input_file_ref idref="fl-29"/>
      </object_component>
      <object_component id="oc-98">
         <name>.debug_info</name>
         <load_address>0x221ee</load_address>
         <run_address>0x221ee</run_address>
         <size>0x32d</size>
         <input_file_ref idref="fl-2a"/>
      </object_component>
      <object_component id="oc-9d">
         <name>.debug_info</name>
         <load_address>0x2251b</load_address>
         <run_address>0x2251b</run_address>
         <size>0x4c7</size>
         <input_file_ref idref="fl-2b"/>
      </object_component>
      <object_component id="oc-a4">
         <name>.debug_info</name>
         <load_address>0x229e2</load_address>
         <run_address>0x229e2</run_address>
         <size>0x44f</size>
         <input_file_ref idref="fl-2c"/>
      </object_component>
      <object_component id="oc-a9">
         <name>.debug_info</name>
         <load_address>0x22e31</load_address>
         <run_address>0x22e31</run_address>
         <size>0x3ea</size>
         <input_file_ref idref="fl-2d"/>
      </object_component>
      <object_component id="oc-e7">
         <name>.debug_info</name>
         <load_address>0x2321b</load_address>
         <run_address>0x2321b</run_address>
         <size>0xcb</size>
      </object_component>
      <object_component id="oc-18">
         <name>.debug_frame</name>
         <load_address>0x0</load_address>
         <run_address>0x0</run_address>
         <size>0x258</size>
         <input_file_ref idref="fl-2"/>
      </object_component>
      <object_component id="oc-1d">
         <name>.debug_frame</name>
         <load_address>0x258</load_address>
         <run_address>0x258</run_address>
         <size>0x64</size>
         <input_file_ref idref="fl-3"/>
      </object_component>
      <object_component id="oc-22">
         <name>.debug_frame</name>
         <load_address>0x2bc</load_address>
         <run_address>0x2bc</run_address>
         <size>0x74</size>
         <input_file_ref idref="fl-4"/>
      </object_component>
      <object_component id="oc-27">
         <name>.debug_frame</name>
         <load_address>0x330</load_address>
         <run_address>0x330</run_address>
         <size>0x1a8</size>
         <input_file_ref idref="fl-5"/>
      </object_component>
      <object_component id="oc-2c">
         <name>.debug_frame</name>
         <load_address>0x4d8</load_address>
         <run_address>0x4d8</run_address>
         <size>0x314</size>
         <input_file_ref idref="fl-6"/>
      </object_component>
      <object_component id="oc-32">
         <name>.debug_frame</name>
         <load_address>0x7ec</load_address>
         <run_address>0x7ec</run_address>
         <size>0x154</size>
         <input_file_ref idref="fl-7"/>
      </object_component>
      <object_component id="oc-38">
         <name>.debug_frame</name>
         <load_address>0x940</load_address>
         <run_address>0x940</run_address>
         <size>0x4e8</size>
         <input_file_ref idref="fl-8"/>
      </object_component>
      <object_component id="oc-3d">
         <name>.debug_frame</name>
         <load_address>0xe28</load_address>
         <run_address>0xe28</run_address>
         <size>0x20</size>
         <input_file_ref idref="fl-9"/>
      </object_component>
      <object_component id="oc-42">
         <name>.debug_frame</name>
         <load_address>0xe48</load_address>
         <run_address>0xe48</run_address>
         <size>0x154</size>
         <input_file_ref idref="fl-a"/>
      </object_component>
      <object_component id="oc-48">
         <name>.debug_frame</name>
         <load_address>0xf9c</load_address>
         <run_address>0xf9c</run_address>
         <size>0x32c</size>
         <input_file_ref idref="fl-b"/>
      </object_component>
      <object_component id="oc-4d">
         <name>.debug_frame</name>
         <load_address>0x12c8</load_address>
         <run_address>0x12c8</run_address>
         <size>0x218</size>
         <input_file_ref idref="fl-c"/>
      </object_component>
      <object_component id="oc-52">
         <name>.debug_frame</name>
         <load_address>0x14e0</load_address>
         <run_address>0x14e0</run_address>
         <size>0xb9c</size>
         <input_file_ref idref="fl-d"/>
      </object_component>
      <object_component id="oc-57">
         <name>.debug_frame</name>
         <load_address>0x207c</load_address>
         <run_address>0x207c</run_address>
         <size>0x170</size>
         <input_file_ref idref="fl-e"/>
      </object_component>
      <object_component id="oc-5c">
         <name>.debug_frame</name>
         <load_address>0x21ec</load_address>
         <run_address>0x21ec</run_address>
         <size>0x138</size>
         <input_file_ref idref="fl-f"/>
      </object_component>
      <object_component id="oc-8a">
         <name>.debug_frame</name>
         <load_address>0x2324</load_address>
         <run_address>0x2324</run_address>
         <size>0x58</size>
         <input_file_ref idref="fl-27"/>
      </object_component>
      <object_component id="oc-8f">
         <name>.debug_frame</name>
         <load_address>0x237c</load_address>
         <run_address>0x237c</run_address>
         <size>0x38</size>
         <input_file_ref idref="fl-28"/>
      </object_component>
      <object_component id="oc-94">
         <name>.debug_frame</name>
         <load_address>0x23b4</load_address>
         <run_address>0x23b4</run_address>
         <size>0x38</size>
         <input_file_ref idref="fl-29"/>
      </object_component>
      <object_component id="oc-99">
         <name>.debug_frame</name>
         <load_address>0x23ec</load_address>
         <run_address>0x23ec</run_address>
         <size>0x38</size>
         <input_file_ref idref="fl-2a"/>
      </object_component>
      <object_component id="oc-a0">
         <name>.debug_frame</name>
         <load_address>0x2424</load_address>
         <run_address>0x2424</run_address>
         <size>0x58</size>
         <input_file_ref idref="fl-2b"/>
      </object_component>
      <object_component id="oc-a5">
         <name>.debug_frame</name>
         <load_address>0x247c</load_address>
         <run_address>0x247c</run_address>
         <size>0x68</size>
         <input_file_ref idref="fl-2c"/>
      </object_component>
      <object_component id="oc-aa">
         <name>.debug_frame</name>
         <load_address>0x24e4</load_address>
         <run_address>0x24e4</run_address>
         <size>0x38</size>
         <input_file_ref idref="fl-2d"/>
      </object_component>
      <object_component id="oc-19">
         <name>.debug_line</name>
         <load_address>0x0</load_address>
         <run_address>0x0</run_address>
         <size>0x3b7</size>
         <input_file_ref idref="fl-2"/>
      </object_component>
      <object_component id="oc-1e">
         <name>.debug_line</name>
         <load_address>0x3b7</load_address>
         <run_address>0x3b7</run_address>
         <size>0x9b</size>
         <input_file_ref idref="fl-3"/>
      </object_component>
      <object_component id="oc-23">
         <name>.debug_line</name>
         <load_address>0x452</load_address>
         <run_address>0x452</run_address>
         <size>0xae</size>
         <input_file_ref idref="fl-4"/>
      </object_component>
      <object_component id="oc-28">
         <name>.debug_line</name>
         <load_address>0x500</load_address>
         <run_address>0x500</run_address>
         <size>0x216</size>
         <input_file_ref idref="fl-5"/>
      </object_component>
      <object_component id="oc-2d">
         <name>.debug_line</name>
         <load_address>0x716</load_address>
         <run_address>0x716</run_address>
         <size>0x37e</size>
         <input_file_ref idref="fl-6"/>
      </object_component>
      <object_component id="oc-33">
         <name>.debug_line</name>
         <load_address>0xa94</load_address>
         <run_address>0xa94</run_address>
         <size>0x153</size>
         <input_file_ref idref="fl-7"/>
      </object_component>
      <object_component id="oc-39">
         <name>.debug_line</name>
         <load_address>0xbe7</load_address>
         <run_address>0xbe7</run_address>
         <size>0x4d0</size>
         <input_file_ref idref="fl-8"/>
      </object_component>
      <object_component id="oc-3e">
         <name>.debug_line</name>
         <load_address>0x10b7</load_address>
         <run_address>0x10b7</run_address>
         <size>0x32</size>
         <input_file_ref idref="fl-9"/>
      </object_component>
      <object_component id="oc-43">
         <name>.debug_line</name>
         <load_address>0x10e9</load_address>
         <run_address>0x10e9</run_address>
         <size>0x262</size>
         <input_file_ref idref="fl-a"/>
      </object_component>
      <object_component id="oc-49">
         <name>.debug_line</name>
         <load_address>0x134b</load_address>
         <run_address>0x134b</run_address>
         <size>0x3dd</size>
         <input_file_ref idref="fl-b"/>
      </object_component>
      <object_component id="oc-4e">
         <name>.debug_line</name>
         <load_address>0x1728</load_address>
         <run_address>0x1728</run_address>
         <size>0x267</size>
         <input_file_ref idref="fl-c"/>
      </object_component>
      <object_component id="oc-53">
         <name>.debug_line</name>
         <load_address>0x198f</load_address>
         <run_address>0x198f</run_address>
         <size>0xc9a</size>
         <input_file_ref idref="fl-d"/>
      </object_component>
      <object_component id="oc-58">
         <name>.debug_line</name>
         <load_address>0x2629</load_address>
         <run_address>0x2629</run_address>
         <size>0x193</size>
         <input_file_ref idref="fl-e"/>
      </object_component>
      <object_component id="oc-5d">
         <name>.debug_line</name>
         <load_address>0x27bc</load_address>
         <run_address>0x27bc</run_address>
         <size>0x171</size>
         <input_file_ref idref="fl-f"/>
      </object_component>
      <object_component id="oc-63">
         <name>.debug_line</name>
         <load_address>0x292d</load_address>
         <run_address>0x292d</run_address>
         <size>0x7d</size>
         <input_file_ref idref="fl-1f"/>
      </object_component>
      <object_component id="oc-68">
         <name>.debug_line</name>
         <load_address>0x29aa</load_address>
         <run_address>0x29aa</run_address>
         <size>0xa9</size>
         <input_file_ref idref="fl-20"/>
      </object_component>
      <object_component id="oc-6d">
         <name>.debug_line</name>
         <load_address>0x2a53</load_address>
         <run_address>0x2a53</run_address>
         <size>0x52</size>
         <input_file_ref idref="fl-21"/>
      </object_component>
      <object_component id="oc-72">
         <name>.debug_line</name>
         <load_address>0x2aa5</load_address>
         <run_address>0x2aa5</run_address>
         <size>0xab</size>
         <input_file_ref idref="fl-22"/>
      </object_component>
      <object_component id="oc-77">
         <name>.debug_line</name>
         <load_address>0x2b50</load_address>
         <run_address>0x2b50</run_address>
         <size>0x8d</size>
         <input_file_ref idref="fl-23"/>
      </object_component>
      <object_component id="oc-7c">
         <name>.debug_line</name>
         <load_address>0x2bdd</load_address>
         <run_address>0x2bdd</run_address>
         <size>0x41</size>
         <input_file_ref idref="fl-24"/>
      </object_component>
      <object_component id="oc-81">
         <name>.debug_line</name>
         <load_address>0x2c1e</load_address>
         <run_address>0x2c1e</run_address>
         <size>0x56</size>
         <input_file_ref idref="fl-25"/>
      </object_component>
      <object_component id="oc-86">
         <name>.debug_line</name>
         <load_address>0x2c74</load_address>
         <run_address>0x2c74</run_address>
         <size>0x49</size>
         <input_file_ref idref="fl-26"/>
      </object_component>
      <object_component id="oc-8b">
         <name>.debug_line</name>
         <load_address>0x2cbd</load_address>
         <run_address>0x2cbd</run_address>
         <size>0x50</size>
         <input_file_ref idref="fl-27"/>
      </object_component>
      <object_component id="oc-90">
         <name>.debug_line</name>
         <load_address>0x2d0d</load_address>
         <run_address>0x2d0d</run_address>
         <size>0x62</size>
         <input_file_ref idref="fl-28"/>
      </object_component>
      <object_component id="oc-95">
         <name>.debug_line</name>
         <load_address>0x2d6f</load_address>
         <run_address>0x2d6f</run_address>
         <size>0x3e</size>
         <input_file_ref idref="fl-29"/>
      </object_component>
      <object_component id="oc-9a">
         <name>.debug_line</name>
         <load_address>0x2dad</load_address>
         <run_address>0x2dad</run_address>
         <size>0x3a</size>
         <input_file_ref idref="fl-2a"/>
      </object_component>
      <object_component id="oc-a1">
         <name>.debug_line</name>
         <load_address>0x2de7</load_address>
         <run_address>0x2de7</run_address>
         <size>0x65</size>
         <input_file_ref idref="fl-2b"/>
      </object_component>
      <object_component id="oc-a6">
         <name>.debug_line</name>
         <load_address>0x2e4c</load_address>
         <run_address>0x2e4c</run_address>
         <size>0x5e</size>
         <input_file_ref idref="fl-2c"/>
      </object_component>
      <object_component id="oc-ab">
         <name>.debug_line</name>
         <load_address>0x2eaa</load_address>
         <run_address>0x2eaa</run_address>
         <size>0x55</size>
         <input_file_ref idref="fl-2d"/>
      </object_component>
      <object_component id="oc-1a">
         <name>.debug_abbrev</name>
         <load_address>0x0</load_address>
         <run_address>0x0</run_address>
         <size>0x25d</size>
         <input_file_ref idref="fl-2"/>
      </object_component>
      <object_component id="oc-1f">
         <name>.debug_abbrev</name>
         <load_address>0x25d</load_address>
         <run_address>0x25d</run_address>
         <size>0x91</size>
         <input_file_ref idref="fl-3"/>
      </object_component>
      <object_component id="oc-24">
         <name>.debug_abbrev</name>
         <load_address>0x2ee</load_address>
         <run_address>0x2ee</run_address>
         <size>0xa3</size>
         <input_file_ref idref="fl-4"/>
      </object_component>
      <object_component id="oc-29">
         <name>.debug_abbrev</name>
         <load_address>0x391</load_address>
         <run_address>0x391</run_address>
         <size>0x161</size>
         <input_file_ref idref="fl-5"/>
      </object_component>
      <object_component id="oc-2e">
         <name>.debug_abbrev</name>
         <load_address>0x4f2</load_address>
         <run_address>0x4f2</run_address>
         <size>0x11d</size>
         <input_file_ref idref="fl-6"/>
      </object_component>
      <object_component id="oc-34">
         <name>.debug_abbrev</name>
         <load_address>0x60f</load_address>
         <run_address>0x60f</run_address>
         <size>0x112</size>
         <input_file_ref idref="fl-7"/>
      </object_component>
      <object_component id="oc-3a">
         <name>.debug_abbrev</name>
         <load_address>0x721</load_address>
         <run_address>0x721</run_address>
         <size>0xde</size>
         <input_file_ref idref="fl-8"/>
      </object_component>
      <object_component id="oc-3f">
         <name>.debug_abbrev</name>
         <load_address>0x7ff</load_address>
         <run_address>0x7ff</run_address>
         <size>0x13e</size>
         <input_file_ref idref="fl-9"/>
      </object_component>
      <object_component id="oc-44">
         <name>.debug_abbrev</name>
         <load_address>0x93d</load_address>
         <run_address>0x93d</run_address>
         <size>0x16d</size>
         <input_file_ref idref="fl-a"/>
      </object_component>
      <object_component id="oc-4a">
         <name>.debug_abbrev</name>
         <load_address>0xaaa</load_address>
         <run_address>0xaaa</run_address>
         <size>0x1ce</size>
         <input_file_ref idref="fl-b"/>
      </object_component>
      <object_component id="oc-4f">
         <name>.debug_abbrev</name>
         <load_address>0xc78</load_address>
         <run_address>0xc78</run_address>
         <size>0x1a4</size>
         <input_file_ref idref="fl-c"/>
      </object_component>
      <object_component id="oc-54">
         <name>.debug_abbrev</name>
         <load_address>0xe1c</load_address>
         <run_address>0xe1c</run_address>
         <size>0x16d</size>
         <input_file_ref idref="fl-d"/>
      </object_component>
      <object_component id="oc-59">
         <name>.debug_abbrev</name>
         <load_address>0xf89</load_address>
         <run_address>0xf89</run_address>
         <size>0x139</size>
         <input_file_ref idref="fl-e"/>
      </object_component>
      <object_component id="oc-5e">
         <name>.debug_abbrev</name>
         <load_address>0x10c2</load_address>
         <run_address>0x10c2</run_address>
         <size>0x13b</size>
         <input_file_ref idref="fl-f"/>
      </object_component>
      <object_component id="oc-64">
         <name>.debug_abbrev</name>
         <load_address>0x11fd</load_address>
         <run_address>0x11fd</run_address>
         <size>0x46</size>
         <input_file_ref idref="fl-1f"/>
      </object_component>
      <object_component id="oc-69">
         <name>.debug_abbrev</name>
         <load_address>0x1243</load_address>
         <run_address>0x1243</run_address>
         <size>0x38</size>
         <input_file_ref idref="fl-20"/>
      </object_component>
      <object_component id="oc-6e">
         <name>.debug_abbrev</name>
         <load_address>0x127b</load_address>
         <run_address>0x127b</run_address>
         <size>0x38</size>
         <input_file_ref idref="fl-21"/>
      </object_component>
      <object_component id="oc-73">
         <name>.debug_abbrev</name>
         <load_address>0x12b3</load_address>
         <run_address>0x12b3</run_address>
         <size>0x38</size>
         <input_file_ref idref="fl-22"/>
      </object_component>
      <object_component id="oc-78">
         <name>.debug_abbrev</name>
         <load_address>0x12eb</load_address>
         <run_address>0x12eb</run_address>
         <size>0x38</size>
         <input_file_ref idref="fl-23"/>
      </object_component>
      <object_component id="oc-7d">
         <name>.debug_abbrev</name>
         <load_address>0x1323</load_address>
         <run_address>0x1323</run_address>
         <size>0x38</size>
         <input_file_ref idref="fl-24"/>
      </object_component>
      <object_component id="oc-82">
         <name>.debug_abbrev</name>
         <load_address>0x135b</load_address>
         <run_address>0x135b</run_address>
         <size>0x38</size>
         <input_file_ref idref="fl-25"/>
      </object_component>
      <object_component id="oc-87">
         <name>.debug_abbrev</name>
         <load_address>0x1393</load_address>
         <run_address>0x1393</run_address>
         <size>0x38</size>
         <input_file_ref idref="fl-26"/>
      </object_component>
      <object_component id="oc-8c">
         <name>.debug_abbrev</name>
         <load_address>0x13cb</load_address>
         <run_address>0x13cb</run_address>
         <size>0xe3</size>
         <input_file_ref idref="fl-27"/>
      </object_component>
      <object_component id="oc-91">
         <name>.debug_abbrev</name>
         <load_address>0x14ae</load_address>
         <run_address>0x14ae</run_address>
         <size>0xa8</size>
         <input_file_ref idref="fl-28"/>
      </object_component>
      <object_component id="oc-96">
         <name>.debug_abbrev</name>
         <load_address>0x1556</load_address>
         <run_address>0x1556</run_address>
         <size>0x68</size>
         <input_file_ref idref="fl-29"/>
      </object_component>
      <object_component id="oc-9b">
         <name>.debug_abbrev</name>
         <load_address>0x15be</load_address>
         <run_address>0x15be</run_address>
         <size>0x66</size>
         <input_file_ref idref="fl-2a"/>
      </object_component>
      <object_component id="oc-a2">
         <name>.debug_abbrev</name>
         <load_address>0x1624</load_address>
         <run_address>0x1624</run_address>
         <size>0x130</size>
         <input_file_ref idref="fl-2b"/>
      </object_component>
      <object_component id="oc-a7">
         <name>.debug_abbrev</name>
         <load_address>0x1754</load_address>
         <run_address>0x1754</run_address>
         <size>0xb2</size>
         <input_file_ref idref="fl-2c"/>
      </object_component>
      <object_component id="oc-ac">
         <name>.debug_abbrev</name>
         <load_address>0x1806</load_address>
         <run_address>0x1806</run_address>
         <size>0xee</size>
         <input_file_ref idref="fl-2d"/>
      </object_component>
      <object_component id="oc-e8">
         <name>.debug_abbrev</name>
         <load_address>0x18f4</load_address>
         <run_address>0x18f4</run_address>
         <size>0xf</size>
      </object_component>
      <object_component id="oc-1b">
         <name>.debug_aranges</name>
         <load_address>0x0</load_address>
         <run_address>0x0</run_address>
         <size>0x90</size>
         <input_file_ref idref="fl-2"/>
      </object_component>
      <object_component id="oc-20">
         <name>.debug_aranges</name>
         <load_address>0x90</load_address>
         <run_address>0x90</run_address>
         <size>0x28</size>
         <input_file_ref idref="fl-3"/>
      </object_component>
      <object_component id="oc-25">
         <name>.debug_aranges</name>
         <load_address>0xb8</load_address>
         <run_address>0xb8</run_address>
         <size>0x30</size>
         <input_file_ref idref="fl-4"/>
      </object_component>
      <object_component id="oc-2a">
         <name>.debug_aranges</name>
         <load_address>0xe8</load_address>
         <run_address>0xe8</run_address>
         <size>0x88</size>
         <input_file_ref idref="fl-5"/>
      </object_component>
      <object_component id="oc-2f">
         <name>.debug_aranges</name>
         <load_address>0x170</load_address>
         <run_address>0x170</run_address>
         <size>0xf0</size>
         <input_file_ref idref="fl-6"/>
      </object_component>
      <object_component id="oc-35">
         <name>.debug_aranges</name>
         <load_address>0x260</load_address>
         <run_address>0x260</run_address>
         <size>0x70</size>
         <input_file_ref idref="fl-7"/>
      </object_component>
      <object_component id="oc-3b">
         <name>.debug_aranges</name>
         <load_address>0x2d0</load_address>
         <run_address>0x2d0</run_address>
         <size>0x1b0</size>
         <input_file_ref idref="fl-8"/>
      </object_component>
      <object_component id="oc-40">
         <name>.debug_aranges</name>
         <load_address>0x480</load_address>
         <run_address>0x480</run_address>
         <size>0x18</size>
         <input_file_ref idref="fl-9"/>
      </object_component>
      <object_component id="oc-45">
         <name>.debug_aranges</name>
         <load_address>0x498</load_address>
         <run_address>0x498</run_address>
         <size>0x70</size>
         <input_file_ref idref="fl-a"/>
      </object_component>
      <object_component id="oc-4b">
         <name>.debug_aranges</name>
         <load_address>0x508</load_address>
         <run_address>0x508</run_address>
         <size>0xf8</size>
         <input_file_ref idref="fl-b"/>
      </object_component>
      <object_component id="oc-50">
         <name>.debug_aranges</name>
         <load_address>0x600</load_address>
         <run_address>0x600</run_address>
         <size>0xa8</size>
         <input_file_ref idref="fl-c"/>
      </object_component>
      <object_component id="oc-55">
         <name>.debug_aranges</name>
         <load_address>0x6a8</load_address>
         <run_address>0x6a8</run_address>
         <size>0x360</size>
         <input_file_ref idref="fl-d"/>
      </object_component>
      <object_component id="oc-5a">
         <name>.debug_aranges</name>
         <load_address>0xa08</load_address>
         <run_address>0xa08</run_address>
         <size>0x78</size>
         <input_file_ref idref="fl-e"/>
      </object_component>
      <object_component id="oc-5f">
         <name>.debug_aranges</name>
         <load_address>0xa80</load_address>
         <run_address>0xa80</run_address>
         <size>0x68</size>
         <input_file_ref idref="fl-f"/>
      </object_component>
      <object_component id="oc-65">
         <name>.debug_aranges</name>
         <load_address>0xae8</load_address>
         <run_address>0xae8</run_address>
         <size>0x20</size>
         <input_file_ref idref="fl-1f"/>
      </object_component>
      <object_component id="oc-6a">
         <name>.debug_aranges</name>
         <load_address>0xb08</load_address>
         <run_address>0xb08</run_address>
         <size>0x20</size>
         <input_file_ref idref="fl-20"/>
      </object_component>
      <object_component id="oc-6f">
         <name>.debug_aranges</name>
         <load_address>0xb28</load_address>
         <run_address>0xb28</run_address>
         <size>0x20</size>
         <input_file_ref idref="fl-21"/>
      </object_component>
      <object_component id="oc-74">
         <name>.debug_aranges</name>
         <load_address>0xb48</load_address>
         <run_address>0xb48</run_address>
         <size>0x20</size>
         <input_file_ref idref="fl-22"/>
      </object_component>
      <object_component id="oc-79">
         <name>.debug_aranges</name>
         <load_address>0xb68</load_address>
         <run_address>0xb68</run_address>
         <size>0x20</size>
         <input_file_ref idref="fl-23"/>
      </object_component>
      <object_component id="oc-7e">
         <name>.debug_aranges</name>
         <load_address>0xb88</load_address>
         <run_address>0xb88</run_address>
         <size>0x20</size>
         <input_file_ref idref="fl-24"/>
      </object_component>
      <object_component id="oc-83">
         <name>.debug_aranges</name>
         <load_address>0xba8</load_address>
         <run_address>0xba8</run_address>
         <size>0x20</size>
         <input_file_ref idref="fl-25"/>
      </object_component>
      <object_component id="oc-88">
         <name>.debug_aranges</name>
         <load_address>0xbc8</load_address>
         <run_address>0xbc8</run_address>
         <size>0x20</size>
         <input_file_ref idref="fl-26"/>
      </object_component>
      <object_component id="oc-8d">
         <name>.debug_aranges</name>
         <load_address>0xbe8</load_address>
         <run_address>0xbe8</run_address>
         <size>0x20</size>
         <input_file_ref idref="fl-27"/>
      </object_component>
      <object_component id="oc-92">
         <name>.debug_aranges</name>
         <load_address>0xc08</load_address>
         <run_address>0xc08</run_address>
         <size>0x20</size>
         <input_file_ref idref="fl-28"/>
      </object_component>
      <object_component id="oc-97">
         <name>.debug_aranges</name>
         <load_address>0xc28</load_address>
         <run_address>0xc28</run_address>
         <size>0x20</size>
         <input_file_ref idref="fl-29"/>
      </object_component>
      <object_component id="oc-9c">
         <name>.debug_aranges</name>
         <load_address>0xc48</load_address>
         <run_address>0xc48</run_address>
         <size>0x20</size>
         <input_file_ref idref="fl-2a"/>
      </object_component>
      <object_component id="oc-a3">
         <name>.debug_aranges</name>
         <load_address>0xc68</load_address>
         <run_address>0xc68</run_address>
         <size>0x28</size>
         <input_file_ref idref="fl-2b"/>
      </object_component>
      <object_component id="oc-a8">
         <name>.debug_aranges</name>
         <load_address>0xc90</load_address>
         <run_address>0xc90</run_address>
         <size>0x30</size>
         <input_file_ref idref="fl-2c"/>
      </object_component>
      <object_component id="oc-ad">
         <name>.debug_aranges</name>
         <load_address>0xcc0</load_address>
         <run_address>0xcc0</run_address>
         <size>0x20</size>
         <input_file_ref idref="fl-2d"/>
      </object_component>
   </object_component_list>
   <logical_group_list>
      <logical_group id="lg-2" display="no" color="cyan">
         <name>codestart</name>
         <run_address>0x0</run_address>
         <size>0x0</size>
         <contents>
         </contents>
      </logical_group>
      <logical_group id="lg-3" display="no" color="cyan">
         <name>ramfuncs</name>
         <run_address>0x50</run_address>
         <size>0x0</size>
         <contents>
         </contents>
      </logical_group>
      <logical_group id="lg-4" display="no" color="cyan">
         <name>.cinit</name>
         <load_address>0x3f6a24</load_address>
         <run_address>0x3f6a24</run_address>
         <size>0x63</size>
         <contents>
            <object_component_ref idref="oc-15"/>
            <object_component_ref idref="oc-9e"/>
            <object_component_ref idref="oc-b9"/>
            <object_component_ref idref="oc-c3"/>
         </contents>
      </logical_group>
      <logical_group id="lg-5" display="no" color="cyan">
         <name>.pinit</name>
         <run_address>0x0</run_address>
         <size>0x0</size>
         <contents>
         </contents>
      </logical_group>
      <logical_group id="lg-e3" display="no" color="cyan">
         <name>.text.1</name>
         <load_address>0x3f6000</load_address>
         <run_address>0x3f6000</run_address>
         <size>0x923</size>
         <contents>
            <object_component_ref idref="oc-ba"/>
            <object_component_ref idref="oc-b5"/>
            <object_component_ref idref="oc-37"/>
            <object_component_ref idref="oc-be"/>
            <object_component_ref idref="oc-17"/>
            <object_component_ref idref="oc-b4"/>
            <object_component_ref idref="oc-c0"/>
            <object_component_ref idref="oc-70"/>
            <object_component_ref idref="oc-c1"/>
            <object_component_ref idref="oc-66"/>
            <object_component_ref idref="oc-13"/>
            <object_component_ref idref="oc-bc"/>
            <object_component_ref idref="oc-b2"/>
            <object_component_ref idref="oc-af"/>
            <object_component_ref idref="oc-7f"/>
            <object_component_ref idref="oc-b7"/>
            <object_component_ref idref="oc-b1"/>
            <object_component_ref idref="oc-6b"/>
            <object_component_ref idref="oc-84"/>
            <object_component_ref idref="oc-7a"/>
            <object_component_ref idref="oc-ae"/>
            <object_component_ref idref="oc-b0"/>
         </contents>
      </logical_group>
      <logical_group id="lg-e4" display="no" color="cyan">
         <name>.text.2</name>
         <load_address>0x3f7000</load_address>
         <run_address>0x3f7000</run_address>
         <size>0xf80</size>
         <contents>
            <object_component_ref idref="oc-bf"/>
            <object_component_ref idref="oc-b6"/>
            <object_component_ref idref="oc-b3"/>
            <object_component_ref idref="oc-bd"/>
            <object_component_ref idref="oc-bb"/>
            <object_component_ref idref="oc-75"/>
            <object_component_ref idref="oc-c2"/>
            <object_component_ref idref="oc-47"/>
         </contents>
      </logical_group>
      <split_section id="lg-6" display="no" color="cyan">
         <name>.text</name>
         <contents>
            <logical_group_ref idref="lg-e3"/>
            <logical_group_ref idref="lg-e4"/>
         </contents>
      </split_section>
      <logical_group id="lg-7" display="no" color="cyan">
         <name>csmpasswds</name>
         <run_address>0x0</run_address>
         <size>0x0</size>
         <contents>
         </contents>
      </logical_group>
      <logical_group id="lg-8" display="no" color="cyan">
         <name>csm_rsvd</name>
         <run_address>0x0</run_address>
         <size>0x0</size>
         <contents>
         </contents>
      </logical_group>
      <logical_group id="lg-9" display="no" color="cyan">
         <name>.stack</name>
         <run_address>0x400</run_address>
         <size>0x300</size>
         <contents>
            <object_component_ref idref="oc-60"/>
            <object_component_ref idref="oc-e2"/>
         </contents>
      </logical_group>
      <logical_group id="lg-e5" display="no" color="cyan">
         <name>.ebss</name>
         <run_address>0x700</run_address>
         <size>0x8b</size>
         <contents>
            <object_component_ref idref="oc-16"/>
            <object_component_ref idref="oc-9f"/>
            <object_component_ref idref="oc-b8"/>
            <object_component_ref idref="oc-c5"/>
            <object_component_ref idref="oc-31"/>
         </contents>
      </logical_group>
      <split_section id="lg-a" display="no" color="cyan">
         <name>.ebss</name>
         <contents>
            <logical_group_ref idref="lg-e5"/>
         </contents>
      </split_section>
      <logical_group id="lg-b" display="no" color="cyan">
         <name>.esysmem</name>
         <run_address>0x0</run_address>
         <size>0x0</size>
         <contents>
         </contents>
      </logical_group>
      <logical_group id="lg-e6" display="no" color="cyan">
         <name>.econst</name>
         <load_address>0x3f6924</load_address>
         <run_address>0x3f6924</run_address>
         <size>0x100</size>
         <contents>
            <object_component_ref idref="oc-c4"/>
         </contents>
      </logical_group>
      <split_section id="lg-c" display="no" color="cyan">
         <name>.econst</name>
         <contents>
            <logical_group_ref idref="lg-e6"/>
         </contents>
      </split_section>
      <logical_group id="lg-d" display="no" color="cyan">
         <name>.switch</name>
         <run_address>0x0</run_address>
         <size>0x0</size>
         <contents>
         </contents>
      </logical_group>
      <logical_group id="lg-e" display="no" color="cyan">
         <name>IQmath</name>
         <run_address>0x0</run_address>
         <size>0x0</size>
         <contents>
         </contents>
      </logical_group>
      <logical_group id="lg-f" display="no" color="cyan">
         <name>IQmathTables</name>
         <run_address>0x0</run_address>
         <size>0x0</size>
         <contents>
         </contents>
      </logical_group>
      <logical_group id="lg-10" display="no" color="cyan">
         <name>.reset</name>
         <load_address>0x3fffc0</load_address>
         <run_address>0x3fffc0</run_address>
         <size>0x2</size>
         <contents>
            <object_component_ref idref="oc-61"/>
         </contents>
      </logical_group>
      <logical_group id="lg-11" display="no" color="cyan">
         <name>vectors</name>
         <run_address>0x3fffc2</run_address>
         <size>0x0</size>
         <contents>
         </contents>
      </logical_group>
      <logical_group id="lg-d6" display="never" color="cyan">
         <name>.debug_info</name>
         <load_address>0x0</load_address>
         <run_address>0x0</run_address>
         <size>0x232e6</size>
         <contents>
            <object_component_ref idref="oc-14"/>
            <object_component_ref idref="oc-1c"/>
            <object_component_ref idref="oc-21"/>
            <object_component_ref idref="oc-26"/>
            <object_component_ref idref="oc-2b"/>
            <object_component_ref idref="oc-30"/>
            <object_component_ref idref="oc-36"/>
            <object_component_ref idref="oc-3c"/>
            <object_component_ref idref="oc-41"/>
            <object_component_ref idref="oc-46"/>
            <object_component_ref idref="oc-4c"/>
            <object_component_ref idref="oc-51"/>
            <object_component_ref idref="oc-56"/>
            <object_component_ref idref="oc-5b"/>
            <object_component_ref idref="oc-62"/>
            <object_component_ref idref="oc-67"/>
            <object_component_ref idref="oc-6c"/>
            <object_component_ref idref="oc-71"/>
            <object_component_ref idref="oc-76"/>
            <object_component_ref idref="oc-7b"/>
            <object_component_ref idref="oc-80"/>
            <object_component_ref idref="oc-85"/>
            <object_component_ref idref="oc-89"/>
            <object_component_ref idref="oc-8e"/>
            <object_component_ref idref="oc-93"/>
            <object_component_ref idref="oc-98"/>
            <object_component_ref idref="oc-9d"/>
            <object_component_ref idref="oc-a4"/>
            <object_component_ref idref="oc-a9"/>
            <object_component_ref idref="oc-e7"/>
         </contents>
      </logical_group>
      <logical_group id="lg-d8" display="never" color="cyan">
         <name>.debug_frame</name>
         <load_address>0x0</load_address>
         <run_address>0x0</run_address>
         <size>0x251c</size>
         <contents>
            <object_component_ref idref="oc-18"/>
            <object_component_ref idref="oc-1d"/>
            <object_component_ref idref="oc-22"/>
            <object_component_ref idref="oc-27"/>
            <object_component_ref idref="oc-2c"/>
            <object_component_ref idref="oc-32"/>
            <object_component_ref idref="oc-38"/>
            <object_component_ref idref="oc-3d"/>
            <object_component_ref idref="oc-42"/>
            <object_component_ref idref="oc-48"/>
            <object_component_ref idref="oc-4d"/>
            <object_component_ref idref="oc-52"/>
            <object_component_ref idref="oc-57"/>
            <object_component_ref idref="oc-5c"/>
            <object_component_ref idref="oc-8a"/>
            <object_component_ref idref="oc-8f"/>
            <object_component_ref idref="oc-94"/>
            <object_component_ref idref="oc-99"/>
            <object_component_ref idref="oc-a0"/>
            <object_component_ref idref="oc-a5"/>
            <object_component_ref idref="oc-aa"/>
         </contents>
      </logical_group>
      <logical_group id="lg-da" display="never" color="cyan">
         <name>.debug_line</name>
         <load_address>0x0</load_address>
         <run_address>0x0</run_address>
         <size>0x2eff</size>
         <contents>
            <object_component_ref idref="oc-19"/>
            <object_component_ref idref="oc-1e"/>
            <object_component_ref idref="oc-23"/>
            <object_component_ref idref="oc-28"/>
            <object_component_ref idref="oc-2d"/>
            <object_component_ref idref="oc-33"/>
            <object_component_ref idref="oc-39"/>
            <object_component_ref idref="oc-3e"/>
            <object_component_ref idref="oc-43"/>
            <object_component_ref idref="oc-49"/>
            <object_component_ref idref="oc-4e"/>
            <object_component_ref idref="oc-53"/>
            <object_component_ref idref="oc-58"/>
            <object_component_ref idref="oc-5d"/>
            <object_component_ref idref="oc-63"/>
            <object_component_ref idref="oc-68"/>
            <object_component_ref idref="oc-6d"/>
            <object_component_ref idref="oc-72"/>
            <object_component_ref idref="oc-77"/>
            <object_component_ref idref="oc-7c"/>
            <object_component_ref idref="oc-81"/>
            <object_component_ref idref="oc-86"/>
            <object_component_ref idref="oc-8b"/>
            <object_component_ref idref="oc-90"/>
            <object_component_ref idref="oc-95"/>
            <object_component_ref idref="oc-9a"/>
            <object_component_ref idref="oc-a1"/>
            <object_component_ref idref="oc-a6"/>
            <object_component_ref idref="oc-ab"/>
         </contents>
      </logical_group>
      <logical_group id="lg-dc" display="never" color="cyan">
         <name>.debug_abbrev</name>
         <load_address>0x0</load_address>
         <run_address>0x0</run_address>
         <size>0x1903</size>
         <contents>
            <object_component_ref idref="oc-1a"/>
            <object_component_ref idref="oc-1f"/>
            <object_component_ref idref="oc-24"/>
            <object_component_ref idref="oc-29"/>
            <object_component_ref idref="oc-2e"/>
            <object_component_ref idref="oc-34"/>
            <object_component_ref idref="oc-3a"/>
            <object_component_ref idref="oc-3f"/>
            <object_component_ref idref="oc-44"/>
            <object_component_ref idref="oc-4a"/>
            <object_component_ref idref="oc-4f"/>
            <object_component_ref idref="oc-54"/>
            <object_component_ref idref="oc-59"/>
            <object_component_ref idref="oc-5e"/>
            <object_component_ref idref="oc-64"/>
            <object_component_ref idref="oc-69"/>
            <object_component_ref idref="oc-6e"/>
            <object_component_ref idref="oc-73"/>
            <object_component_ref idref="oc-78"/>
            <object_component_ref idref="oc-7d"/>
            <object_component_ref idref="oc-82"/>
            <object_component_ref idref="oc-87"/>
            <object_component_ref idref="oc-8c"/>
            <object_component_ref idref="oc-91"/>
            <object_component_ref idref="oc-96"/>
            <object_component_ref idref="oc-9b"/>
            <object_component_ref idref="oc-a2"/>
            <object_component_ref idref="oc-a7"/>
            <object_component_ref idref="oc-ac"/>
            <object_component_ref idref="oc-e8"/>
         </contents>
      </logical_group>
      <logical_group id="lg-de" display="never" color="cyan">
         <name>.debug_aranges</name>
         <load_address>0x0</load_address>
         <run_address>0x0</run_address>
         <size>0xce0</size>
         <contents>
            <object_component_ref idref="oc-1b"/>
            <object_component_ref idref="oc-20"/>
            <object_component_ref idref="oc-25"/>
            <object_component_ref idref="oc-2a"/>
            <object_component_ref idref="oc-2f"/>
            <object_component_ref idref="oc-35"/>
            <object_component_ref idref="oc-3b"/>
            <object_component_ref idref="oc-40"/>
            <object_component_ref idref="oc-45"/>
            <object_component_ref idref="oc-4b"/>
            <object_component_ref idref="oc-50"/>
            <object_component_ref idref="oc-55"/>
            <object_component_ref idref="oc-5a"/>
            <object_component_ref idref="oc-5f"/>
            <object_component_ref idref="oc-65"/>
            <object_component_ref idref="oc-6a"/>
            <object_component_ref idref="oc-6f"/>
            <object_component_ref idref="oc-74"/>
            <object_component_ref idref="oc-79"/>
            <object_component_ref idref="oc-7e"/>
            <object_component_ref idref="oc-83"/>
            <object_component_ref idref="oc-88"/>
            <object_component_ref idref="oc-8d"/>
            <object_component_ref idref="oc-92"/>
            <object_component_ref idref="oc-97"/>
            <object_component_ref idref="oc-9c"/>
            <object_component_ref idref="oc-a3"/>
            <object_component_ref idref="oc-a8"/>
            <object_component_ref idref="oc-ad"/>
         </contents>
      </logical_group>
   </logical_group_list>
   <placement_map>
      <memory_area display="yes" color="green">
         <name>RAMM0</name>
         <page_id>0x0</page_id>
         <origin>0x50</origin>
         <length>0x3b0</length>
         <used_space>0x0</used_space>
         <unused_space>0x3b0</unused_space>
         <attributes>RWIX</attributes>
         <usage_details>
            <allocated_space>
               <start_address>0x50</start_address>
               <size>0x0</size>
               <logical_group_ref idref="lg-3"/>
            </allocated_space>
            <available_space>
               <start_address>0x50</start_address>
               <size>0x3b0</size>
            </available_space>
         </usage_details>
      </memory_area>
      <memory_area display="yes" color="green">
         <name>OTP</name>
         <page_id>0x0</page_id>
         <origin>0x3d7800</origin>
         <length>0x400</length>
         <used_space>0x0</used_space>
         <unused_space>0x400</unused_space>
         <attributes>RWIX</attributes>
         <usage_details>
         </usage_details>
      </memory_area>
      <memory_area display="yes" color="green">
         <name>FLASHB</name>
         <page_id>0x0</page_id>
         <origin>0x3f6000</origin>
         <length>0x1000</length>
         <used_space>0xa86</used_space>
         <unused_space>0x57a</unused_space>
         <attributes>RWIX</attributes>
         <usage_details>
            <allocated_space>
               <start_address>0x3f6000</start_address>
               <size>0x923</size>
               <logical_group_ref idref="lg-e3"/>
            </allocated_space>
            <available_space>
               <start_address>0x3f6923</start_address>
               <size>0x1</size>
            </available_space>
            <allocated_space>
               <start_address>0x3f6924</start_address>
               <size>0x100</size>
               <logical_group_ref idref="lg-e6"/>
            </allocated_space>
            <allocated_space>
               <start_address>0x3f6a24</start_address>
               <size>0x63</size>
               <logical_group_ref idref="lg-4"/>
            </allocated_space>
            <available_space>
               <start_address>0x3f6a87</start_address>
               <size>0x579</size>
            </available_space>
         </usage_details>
      </memory_area>
      <memory_area display="yes" color="green">
         <name>FLASHA</name>
         <page_id>0x0</page_id>
         <origin>0x3f7000</origin>
         <length>0xf80</length>
         <used_space>0xf80</used_space>
         <unused_space>0x0</unused_space>
         <attributes>RWIX</attributes>
         <usage_details>
            <allocated_space>
               <start_address>0x3f7000</start_address>
               <size>0xf80</size>
               <logical_group_ref idref="lg-e4"/>
            </allocated_space>
         </usage_details>
      </memory_area>
      <memory_area display="yes" color="green">
         <name>CSM_RSVD</name>
         <page_id>0x0</page_id>
         <origin>0x3f7f80</origin>
         <length>0x76</length>
         <used_space>0x0</used_space>
         <unused_space>0x76</unused_space>
         <attributes>RWIX</attributes>
         <usage_details>
         </usage_details>
      </memory_area>
      <memory_area display="no" color="green">
         <name>BEGIN</name>
         <page_id>0x0</page_id>
         <origin>0x3f7ff6</origin>
         <length>0x2</length>
         <used_space>0x0</used_space>
         <unused_space>0x2</unused_space>
         <attributes>RWIX</attributes>
         <usage_details>
         </usage_details>
      </memory_area>
      <memory_area display="no" color="green">
         <name>CSM_PWL_P0</name>
         <page_id>0x0</page_id>
         <origin>0x3f7ff8</origin>
         <length>0x8</length>
         <used_space>0x0</used_space>
         <unused_space>0x8</unused_space>
         <attributes>RWIX</attributes>
         <usage_details>
         </usage_details>
      </memory_area>
      <memory_area display="yes" color="green">
         <name>IQTABLES</name>
         <page_id>0x0</page_id>
         <origin>0x3fe000</origin>
         <length>0xb50</length>
         <used_space>0x0</used_space>
         <unused_space>0xb50</unused_space>
         <attributes>RWIX</attributes>
         <usage_details>
         </usage_details>
      </memory_area>
      <memory_area display="yes" color="green">
         <name>IQTABLES2</name>
         <page_id>0x0</page_id>
         <origin>0x3feb50</origin>
         <length>0x8c</length>
         <used_space>0x0</used_space>
         <unused_space>0x8c</unused_space>
         <attributes>RWIX</attributes>
         <usage_details>
         </usage_details>
      </memory_area>
      <memory_area display="yes" color="green">
         <name>IQTABLES3</name>
         <page_id>0x0</page_id>
         <origin>0x3febdc</origin>
         <length>0xaa</length>
         <used_space>0x0</used_space>
         <unused_space>0xaa</unused_space>
         <attributes>RWIX</attributes>
         <usage_details>
         </usage_details>
      </memory_area>
      <memory_area display="yes" color="green">
         <name>ROM</name>
         <page_id>0x0</page_id>
         <origin>0x3ff27c</origin>
         <length>0xd44</length>
         <used_space>0x0</used_space>
         <unused_space>0xd44</unused_space>
         <attributes>RWIX</attributes>
         <usage_details>
         </usage_details>
      </memory_area>
      <memory_area display="no" color="green">
         <name>RESET</name>
         <page_id>0x0</page_id>
         <origin>0x3fffc0</origin>
         <length>0x2</length>
         <used_space>0x0</used_space>
         <unused_space>0x2</unused_space>
         <attributes>RWIX</attributes>
         <usage_details>
         </usage_details>
      </memory_area>
      <memory_area display="no" color="green">
         <name>VECTORS</name>
         <page_id>0x0</page_id>
         <origin>0x3fffc2</origin>
         <length>0x3e</length>
         <used_space>0x0</used_space>
         <unused_space>0x3e</unused_space>
         <attributes>RWIX</attributes>
         <usage_details>
         </usage_details>
      </memory_area>
      <memory_area display="no" color="green">
         <name>BOOT_RSVD</name>
         <page_id>0x1</page_id>
         <origin>0x0</origin>
         <length>0x50</length>
         <used_space>0x0</used_space>
         <unused_space>0x50</unused_space>
         <attributes>RWIX</attributes>
         <usage_details>
         </usage_details>
      </memory_area>
      <memory_area display="yes" color="green">
         <name>RAMM1</name>
         <page_id>0x1</page_id>
         <origin>0x400</origin>
         <length>0x400</length>
         <used_space>0x38b</used_space>
         <unused_space>0x75</unused_space>
         <attributes>RWIX</attributes>
         <usage_details>
            <allocated_space>
               <start_address>0x400</start_address>
               <size>0x300</size>
               <logical_group_ref idref="lg-9"/>
            </allocated_space>
            <allocated_space>
               <start_address>0x700</start_address>
               <size>0x8b</size>
               <logical_group_ref idref="lg-e5"/>
            </allocated_space>
            <available_space>
               <start_address>0x78b</start_address>
               <size>0x75</size>
            </available_space>
         </usage_details>
      </memory_area>
      <memory_area display="yes" color="green">
         <name>RAML0</name>
         <page_id>0x1</page_id>
         <origin>0x8000</origin>
         <length>0x400</length>
         <used_space>0x0</used_space>
         <unused_space>0x400</unused_space>
         <attributes>RWIX</attributes>
         <usage_details>
         </usage_details>
      </memory_area>
   </placement_map>
   <symbol_table>
      <symbol id="sm-0">
         <name>_RamfuncsLoadStart</name>
         <value>0x50</value>
      </symbol>
      <symbol id="sm-1">
         <name>_RamfuncsLoadSize</name>
         <value>0x0</value>
      </symbol>
      <symbol id="sm-2">
         <name>_RamfuncsRunStart</name>
         <value>0x50</value>
      </symbol>
      <symbol id="sm-3">
         <name>cinit</name>
         <value>0x3f6a24</value>
      </symbol>
      <symbol id="sm-4">
         <name>___cinit__</name>
         <value>0x3f6a24</value>
      </symbol>
      <symbol id="sm-5">
         <name>pinit</name>
         <value>0xffffffff</value>
      </symbol>
      <symbol id="sm-6">
         <name>___pinit__</name>
         <value>0xffffffff</value>
      </symbol>
      <symbol id="sm-7">
         <name>binit</name>
         <value>0xffffffff</value>
      </symbol>
      <symbol id="sm-8">
         <name>___binit__</name>
         <value>0xffffffff</value>
      </symbol>
      <symbol id="sm-9">
         <name>__STACK_SIZE</name>
         <value>0x300</value>
      </symbol>
      <symbol id="sm-a">
         <name>__STACK_END</name>
         <value>0x700</value>
      </symbol>
      <symbol id="sm-b">
         <name>___c_args__</name>
         <value>0xffffffff</value>
      </symbol>
      <symbol id="sm-c">
         <name>.text</name>
         <value>0xffffffff</value>
      </symbol>
      <symbol id="sm-d">
         <name>___text__</name>
         <value>0xffffffff</value>
      </symbol>
      <symbol id="sm-e">
         <name>etext</name>
         <value>0xffffffff</value>
      </symbol>
      <symbol id="sm-f">
         <name>___etext__</name>
         <value>0xffffffff</value>
      </symbol>
      <symbol id="sm-10">
         <name>___TI_pprof_out_hndl</name>
         <value>0xffffffff</value>
      </symbol>
      <symbol id="sm-11">
         <name>___TI_prof_data_start</name>
         <value>0xffffffff</value>
      </symbol>
      <symbol id="sm-12">
         <name>___TI_prof_data_size</name>
         <value>0xffffffff</value>
      </symbol>
      <symbol id="sm-5d">
         <name>_main</name>
         <value>0x3f7676</value>
         <object_component_ref idref="oc-b6"/>
      </symbol>
      <symbol id="sm-5e">
         <name>_InitEGpio</name>
         <value>0x3f7773</value>
         <object_component_ref idref="oc-b6"/>
      </symbol>
      <symbol id="sm-5f">
         <name>_adc_isr</name>
         <value>0x3f64d4</value>
         <object_component_ref idref="oc-17"/>
      </symbol>
      <symbol id="sm-60">
         <name>_voltage</name>
         <value>0x70a</value>
         <object_component_ref idref="oc-16"/>
      </symbol>
      <symbol id="sm-61">
         <name>_current_prev</name>
         <value>0x720</value>
         <object_component_ref idref="oc-16"/>
      </symbol>
      <symbol id="sm-62">
         <name>_track</name>
         <value>0x700</value>
         <object_component_ref idref="oc-16"/>
      </symbol>
      <symbol id="sm-63">
         <name>_power_prev</name>
         <value>0x71e</value>
         <object_component_ref idref="oc-16"/>
      </symbol>
      <symbol id="sm-64">
         <name>_myPwm</name>
         <value>0x724</value>
         <object_component_ref idref="oc-16"/>
      </symbol>
      <symbol id="sm-65">
         <name>_cpu_timer1_isr</name>
         <value>0x3f6444</value>
         <object_component_ref idref="oc-17"/>
      </symbol>
      <symbol id="sm-66">
         <name>_InitAdc</name>
         <value>0x3f7841</value>
         <object_component_ref idref="oc-b6"/>
      </symbol>
      <symbol id="sm-67">
         <name>_cpu_timer0_isr</name>
         <value>0x3f6466</value>
         <object_component_ref idref="oc-17"/>
      </symbol>
      <symbol id="sm-68">
         <name>_myPie</name>
         <value>0x726</value>
         <object_component_ref idref="oc-16"/>
      </symbol>
      <symbol id="sm-69">
         <name>_duty_constant</name>
         <value>0x716</value>
         <object_component_ref idref="oc-16"/>
      </symbol>
      <symbol id="sm-6a">
         <name>_current_in</name>
         <value>0x760</value>
         <object_component_ref idref="oc-16"/>
      </symbol>
      <symbol id="sm-6b">
         <name>_power</name>
         <value>0x70c</value>
         <object_component_ref idref="oc-16"/>
      </symbol>
      <symbol id="sm-6c">
         <name>_power_max</name>
         <value>0x702</value>
         <object_component_ref idref="oc-16"/>
      </symbol>
      <symbol id="sm-6d">
         <name>_myPll</name>
         <value>0x710</value>
         <object_component_ref idref="oc-16"/>
[...]
      </symbol>
      <symbol id="sm-245">
         <name>_PWM_setActionQual_Zero_PwmA</name>
         <value>0x3f72e4</value>
         <object_component_ref idref="oc-bf"/>
      </symbol>
      <symbol id="sm-246">
         <name>_PWM_setHrControlMode</name>
         <value>0x3f71d4</value>
         <object_component_ref idref="oc-bf"/>
      </symbol>
      <symbol id="sm-247">
         <name>_PWM_setPhase</name>
         <value>0x3f74d2</value>
         <object_component_ref idref="oc-bf"/>
      </symbol>
      <symbol id="sm-248">
         <name>_PWM_setDeadBandPolarity</name>
         <value>0x3f7388</value>
         <object_component_ref idref="oc-bf"/>
      </symbol>
      <symbol id="sm-249">
         <name>_PWM_setIntMode</name>
         <value>0x3f7482</value>
         <object_component_ref idref="oc-bf"/>
      </symbol>
      <symbol id="sm-24a">
         <name>_PWM_setPhaseDir</name>
         <value>0x3f74db</value>
         <object_component_ref idref="oc-bf"/>
      </symbol>
      <symbol id="sm-24b">
         <name>_PWM_setLoadMode_CmpB</name>
         <value>0x3f74b0</value>
         <object_component_ref idref="oc-bf"/>
      </symbol>
      <symbol id="sm-24c">
         <name>_PWM_setLoadMode_CmpA</name>
         <value>0x3f74a4</value>
         <object_component_ref idref="oc-bf"/>
      </symbol>
      <symbol id="sm-24d">
         <name>_PWM_disableDigitalCompareBlankingWindowInversion</name>
         <value>0x3f7067</value>
         <object_component_ref idref="oc-bf"/>
      </symbol>
      <symbol id="sm-24e">
         <name>_PWM_enableCounterLoad</name>
         <value>0x3f70f8</value>
         <object_component_ref idref="oc-bf"/>
      </symbol>
      <symbol id="sm-24f">
         <name>_PWM_disableCounterLoad</name>
         <value>0x3f703c</value>
         <object_component_ref idref="oc-bf"/>
      </symbol>
      <symbol id="sm-250">
         <name>_PWM_disableDigitalCompareBlankingWindow</name>
         <value>0x3f7059</value>
         <object_component_ref idref="oc-bf"/>
      </symbol>
      <symbol id="sm-251">
         <name>_PWM_setHrEdgeMode</name>
         <value>0x3f71e8</value>
         <object_component_ref idref="oc-bf"/>
      </symbol>
      <symbol id="sm-252">
         <name>_PWM_setDeadBandOutputMode</name>
         <value>0x3f7377</value>
         <object_component_ref idref="oc-bf"/>
      </symbol>
      <symbol id="sm-253">
         <name>_PWM_setActionQual_CntUp_CmpA_PwmB</name>
         <value>0x3f728a</value>
         <object_component_ref idref="oc-bf"/>
      </symbol>
      <symbol id="sm-254">
         <name>_PWM_setActionQual_CntUp_CmpA_PwmA</name>
         <value>0x3f7278</value>
         <object_component_ref idref="oc-bf"/>
      </symbol>
      <symbol id="sm-255">
         <name>_PWM_setActionQual_CntUp_CmpB_PwmB</name>
         <value>0x3f72ae</value>
         <object_component_ref idref="oc-bf"/>
      </symbol>
      <symbol id="sm-256">
         <name>_PWM_setActionQual_CntUp_CmpB_PwmA</name>
         <value>0x3f729c</value>
         <object_component_ref idref="oc-bf"/>
      </symbol>
      <symbol id="sm-257">
         <name>_PWM_setSyncMode</name>
         <value>0x3f7569</value>
         <object_component_ref idref="oc-bf"/>
      </symbol>
      <symbol id="sm-258">
         <name>_PWM_getDeadBandRisingEdgeDelay</name>
         <value>0x3f718c</value>
         <object_component_ref idref="oc-bf"/>
      </symbol>
      <symbol id="sm-259">
         <name>_PWM_clearTripZone</name>
         <value>0x3f7000</value>
         <object_component_ref idref="oc-bf"/>
      </symbol>
      <symbol id="sm-25a">
         <name>_PWM_setSocBPulseSrc</name>
         <value>0x3f7535</value>
         <object_component_ref idref="oc-bf"/>
      </symbol>
      <symbol id="sm-25b">
         <name>_PWM_getDeadBandFallingEdgeDelay</name>
         <value>0x3f7182</value>
         <object_component_ref idref="oc-bf"/>
      </symbol>
      <symbol id="sm-25c">
         <name>_PWM_disableInt</name>
         <value>0x3f7091</value>
         <object_component_ref idref="oc-bf"/>
      </symbol>
      <symbol id="sm-25d">
         <name>_PWM_setIntPeriod</name>
         <value>0x3f7493</value>
         <object_component_ref idref="oc-bf"/>
      </symbol>
      <symbol id="sm-25e">
         <name>_PWM_enableHrPeriod</name>
         <value>0x3f7127</value>
         <object_component_ref idref="oc-bf"/>
      </symbol>
      <symbol id="sm-25f">
         <name>_PWM_enableDeadBandHalfCycle</name>
         <value>0x3f7100</value>
         <object_component_ref idref="oc-bf"/>
      </symbol>
      <symbol id="sm-260">
         <name>_PWM_setDeadBandInputMode</name>
         <value>0x3f7366</value>
         <object_component_ref idref="oc-bf"/>
      </symbol>
      <symbol id="sm-261">
         <name>_PWM_setSocBPeriod</name>
         <value>0x3f7523</value>
         <object_component_ref idref="oc-bf"/>
      </symbol>
      <symbol id="sm-262">
         <name>_PWM_decrementDeadBandFallingEdgeDelay</name>
         <value>0x3f700f</value>
         <object_component_ref idref="oc-bf"/>
      </symbol>
      <symbol id="sm-263">
         <name>_PWM_disableChopping</name>
         <value>0x3f7031</value>
         <object_component_ref idref="oc-bf"/>
      </symbol>
      <symbol id="sm-264">
         <name>_PWM_setPeriodLoad</name>
         <value>0x3f74e7</value>
         <object_component_ref idref="oc-bf"/>
      </symbol>
      <symbol id="sm-265">
         <name>_PWM_enableSocAPulse</name>
         <value>0x3f714e</value>
         <object_component_ref idref="oc-bf"/>
      </symbol>
      <symbol id="sm-266">
         <name>_PWM_enableSocBPulse</name>
         <value>0x3f7159</value>
         <object_component_ref idref="oc-bf"/>
      </symbol>
      <symbol id="sm-267">
         <name>_PWM_disableSocBPulse</name>
         <value>0x3f70a7</value>
         <object_component_ref idref="oc-bf"/>
      </symbol>
      <symbol id="sm-268">
         <name>_PWM_disableSocAPulse</name>
         <value>0x3f709c</value>
         <object_component_ref idref="oc-bf"/>
      </symbol>
      <symbol id="sm-269">
         <name>_PWM_setClkDiv</name>
         <value>0x3f7339</value>
         <object_component_ref idref="oc-bf"/>
      </symbol>
      <symbol id="sm-26a">
         <name>_PWM_setChoppingClkFreq</name>
         <value>0x3f7306</value>
         <object_component_ref idref="oc-bf"/>
      </symbol>
      <symbol id="sm-26b">
         <name>_PWM_enableTripZoneSrc</name>
         <value>0x3f7173</value>
         <object_component_ref idref="oc-bf"/>
      </symbol>
      <symbol id="sm-26c">
         <name>_PWM_disableTripZoneInt</name>
         <value>0x3f70bf</value>
         <object_component_ref idref="oc-bf"/>
      </symbol>
      <symbol id="sm-26d">
         <name>_PWM_enableHrPhaseSync</name>
         <value>0x3f7140</value>
         <object_component_ref idref="oc-bf"/>
      </symbol>
      <symbol id="sm-26e">
         <name>_PWM_disableHrPhaseSync</name>
         <value>0x3f7083</value>
         <object_component_ref idref="oc-bf"/>
      </symbol>
      <symbol id="sm-26f">
         <name>_PWM_enableInt</name>
         <value>0x3f7135</value>
         <object_component_ref idref="oc-bf"/>
      </symbol>
      <symbol id="sm-270">
         <name>_PWM_setHrShadowMode</name>
         <value>0x3f71fc</value>
         <object_component_ref idref="oc-bf"/>
      </symbol>
      <symbol id="sm-271">
         <name>_PWM_enableAutoConvert</name>
         <value>0x3f70df</value>
         <object_component_ref idref="oc-bf"/>
      </symbol>
      <symbol id="sm-272">
         <name>_PWM_setDigitalCompareBlankingPulse</name>
         <value>0x3f73b9</value>
         <object_component_ref idref="oc-bf"/>
      </symbol>
      <symbol id="sm-273">
         <name>_PWM_setCounterMode</name>
         <value>0x3f734e</value>
         <object_component_ref idref="oc-bf"/>
      </symbol>
      <symbol id="sm-274">
         <name>_PWM_getIntCount</name>
         <value>0x3f7196</value>
         <object_component_ref idref="oc-bf"/>
      </symbol>
      <symbol id="sm-275">
         <name>_PWM_enableChopping</name>
         <value>0x3f70ed</value>
         <object_component_ref idref="oc-bf"/>
      </symbol>
      <symbol id="sm-276">
         <name>_PWM_disableDeadBandHalfCycle</name>
         <value>0x3f704e</value>
         <object_component_ref idref="oc-bf"/>
      </symbol>
      <symbol id="sm-277">
         <name>_PWM_disableAutoConvert</name>
         <value>0x3f7023</value>
         <object_component_ref idref="oc-bf"/>
      </symbol>
      <symbol id="sm-278">
         <name>_PWM_setTripZoneDCEventSelect_DCBEVT2</name>
         <value>0x3f75b3</value>
         <object_component_ref idref="oc-bf"/>
      </symbol>
      <symbol id="sm-279">
         <name>_PWM_setTripZoneDCEventSelect_DCBEVT1</name>
         <value>0x3f759e</value>
         <object_component_ref idref="oc-bf"/>
      </symbol>
      <symbol id="sm-27a">
         <name>_PWM_setDeadBandRisingEdgeDelay</name>
         <value>0x3f7399</value>
         <object_component_ref idref="oc-bf"/>
      </symbol>
      <symbol id="sm-27b">
         <name>_PWM_setDigitalCompareBEvent2</name>
         <value>0x3f745c</value>
         <object_component_ref idref="oc-bf"/>
      </symbol>
      <symbol id="sm-27c">
         <name>_PWM_setDigitalCompareBEvent1</name>
         <value>0x3f743b</value>
         <object_component_ref idref="oc-bf"/>
      </symbol>
      <symbol id="sm-27d">
         <name>_PWM_disableTripZoneSrc</name>
         <value>0x3f70cf</value>
         <object_component_ref idref="oc-bf"/>
      </symbol>
      <symbol id="sm-27e">
         <name>_PWM_setChoppingDutyCycle</name>
         <value>0x3f7317</value>
         <object_component_ref idref="oc-bf"/>
      </symbol>
      <symbol id="sm-27f">
         <name>_PWM_setChoppingPulseWidth</name>
         <value>0x3f7328</value>
         <object_component_ref idref="oc-bf"/>
      </symbol>
      <symbol id="sm-280">
         <name>_PWM_setSwSync</name>
         <value>0x3f7561</value>
         <object_component_ref idref="oc-bf"/>
      </symbol>
      <symbol id="sm-281">
         <name>_PWM_setSocAPulseSrc</name>
         <value>0x3f7511</value>
         <object_component_ref idref="oc-bf"/>
      </symbol>
      <symbol id="sm-282">
         <name>_PWM_setDigitalCompareFilterWindow</name>
         <value>0x3f73da</value>
         <object_component_ref idref="oc-bf"/>
      </symbol>
      <symbol id="sm-283">
         <name>_PWM_setActionQual_CntDown_CmpA_PwmB</name>
         <value>0x3f7242</value>
         <object_component_ref idref="oc-bf"/>
      </symbol>
      <symbol id="sm-284">
         <name>_PWM_setActionQual_CntDown_CmpA_PwmA</name>
         <value>0x3f7230</value>
         <object_component_ref idref="oc-bf"/>
      </symbol>
      <symbol id="sm-285">
         <name>_PWM_setActionQual_CntDown_CmpB_PwmB</name>
         <value>0x3f7266</value>
         <object_component_ref idref="oc-bf"/>
      </symbol>
      <symbol id="sm-286">
         <name>_PWM_setActionQual_CntDown_CmpB_PwmA</name>
         <value>0x3f7254</value>
         <object_component_ref idref="oc-bf"/>
      </symbol>
      <symbol id="sm-287">
         <name>_PWM_setCount</name>
         <value>0x3f7345</value>
         <object_component_ref idref="oc-bf"/>
      </symbol>
      <symbol id="sm-288">
         <name>_PWM_enableTripZoneInt</name>
         <value>0x3f7164</value>
         <object_component_ref idref="oc-bf"/>
      </symbol>
      <symbol id="sm-289">
         <name>_PWM_setTripZoneState_DCBEVT1</name>
         <value>0x3f75f2</value>
         <object_component_ref idref="oc-bf"/>
      </symbol>
      <symbol id="sm-28a">
         <name>_PWM_setTripZoneState_DCBEVT2</name>
         <value>0x3f7607</value>
         <object_component_ref idref="oc-bf"/>
      </symbol>
      <symbol id="sm-28b">
         <name>_PWM_setActionQual_Period_PwmA</name>
         <value>0x3f72c0</value>
         <object_component_ref idref="oc-bf"/>
      </symbol>
      <symbol id="sm-28c">
         <name>_PWM_setActionQual_Period_PwmB</name>
         <value>0x3f72d2</value>
         <object_component_ref idref="oc-bf"/>
      </symbol>
      <symbol id="sm-29a">
         <name>_TIMER_setEmulationMode</name>
         <value>0x3f65ff</value>
         <object_component_ref idref="oc-c0"/>
      </symbol>
      <symbol id="sm-29b">
         <name>_TIMER_disableInt</name>
         <value>0x3f65bc</value>
         <object_component_ref idref="oc-c0"/>
      </symbol>
      <symbol id="sm-29c">
         <name>_TIMER_start</name>
         <value>0x3f662a</value>
         <object_component_ref idref="oc-c0"/>
      </symbol>
      <symbol id="sm-29d">
         <name>_TIMER_setPreScaler</name>
         <value>0x3f6615</value>
         <object_component_ref idref="oc-c0"/>
      </symbol>
      <symbol id="sm-29e">
         <name>_TIMER_setPeriod</name>
         <value>0x3f660c</value>
         <object_component_ref idref="oc-c0"/>
      </symbol>
      <symbol id="sm-29f">
         <name>_TIMER_setDecimationFactor</name>
         <value>0x3f65ea</value>
         <object_component_ref idref="oc-c0"/>
      </symbol>
      <symbol id="sm-2a0">
         <name>_TIMER_getStatus</name>
         <value>0x3f65cc</value>
         <object_component_ref idref="oc-c0"/>
      </symbol>
      <symbol id="sm-2a1">
         <name>_TIMER_init</name>
         <value>0x3f65d6</value>
         <object_component_ref idref="oc-c0"/>
      </symbol>
      <symbol id="sm-2a2">
         <name>_TIMER_clearFlag</name>
         <value>0x3f65b2</value>
         <object_component_ref idref="oc-c0"/>
      </symbol>
      <symbol id="sm-2a3">
         <name>_TIMER_reload</name>
         <value>0x3f65e2</value>
         <object_component_ref idref="oc-c0"/>
      </symbol>
      <symbol id="sm-2a4">
         <name>_TIMER_enableInt</name>
         <value>0x3f65c4</value>
         <object_component_ref idref="oc-c0"/>
      </symbol>
      <symbol id="sm-2a5">
         <name>_TIMER_stop</name>
         <value>0x3f6632</value>
         <object_component_ref idref="oc-c0"/>
      </symbol>
      <symbol id="sm-2b3">
         <name>_WDOG_disableInt</name>
         <value>0x3f66db</value>
         <object_component_ref idref="oc-c1"/>
      </symbol>
      <symbol id="sm-2b4">
         <name>_WDOG_setPreScaler</name>
         <value>0x3f6729</value>
         <object_component_ref idref="oc-c1"/>
      </symbol>
      <symbol id="sm-2b5">
         <name>_WDOG_enableInt</name>
         <value>0x3f66f5</value>
         <object_component_ref idref="oc-c1"/>
      </symbol>
      <symbol id="sm-2b6">
         <name>_WDOG_enable</name>
         <value>0x3f66e5</value>
         <object_component_ref idref="oc-c1"/>
      </symbol>
      <symbol id="sm-2b7">
         <name>_WDOG_setCount</name>
         <value>0x3f6720</value>
         <object_component_ref idref="oc-c1"/>
      </symbol>
      <symbol id="sm-2b8">
         <name>_WDOG_init</name>
         <value>0x3f6714</value>
         <object_component_ref idref="oc-c1"/>
      </symbol>
      <symbol id="sm-2b9">
         <name>_WDOG_getIntStatus</name>
         <value>0x3f670b</value>
         <object_component_ref idref="oc-c1"/>
      </symbol>
      <symbol id="sm-2ba">
         <name>_WDOG_disable</name>
         <value>0x3f66cb</value>
         <object_component_ref idref="oc-c1"/>
      </symbol>
      <symbol id="sm-2bb">
         <name>_WDOG_enableOverRide</name>
         <value>0x3f6700</value>
         <object_component_ref idref="oc-c1"/>
      </symbol>
      <symbol id="sm-2bc">
         <name>_WDOG_clearCounter</name>
         <value>0x3f66bd</value>
         <object_component_ref idref="oc-c1"/>
      </symbol>
      <symbol id="sm-2d7">
         <name>_c_int00</name>
         <value>0x3f67b4</value>
         <object_component_ref idref="oc-13"/>
      </symbol>
      <symbol id="sm-2d8">
         <name>__stack</name>
         <value>0x400</value>
         <object_component_ref idref="oc-60"/>
      </symbol>
      <symbol id="sm-2f2">
         <name>FS$$ADD</name>
         <value>0x3f6741</value>
         <object_component_ref idref="oc-66"/>
      </symbol>
      <symbol id="sm-2f3">
         <name>FS$$SUB</name>
         <value>0x3f673c</value>
         <object_component_ref idref="oc-66"/>
      </symbol>
      <symbol id="sm-305">
         <name>FS$$CMP</name>
         <value>0x3f68f4</value>
         <object_component_ref idref="oc-6b"/>
      </symbol>
      <symbol id="sm-316">
         <name>FS$$DIV</name>
         <value>0x3f663a</value>
         <object_component_ref idref="oc-70"/>
      </symbol>
      <symbol id="sm-327">
         <name>FS$$MPY</name>
         <value>0x3f7f18</value>
         <object_component_ref idref="oc-75"/>
      </symbol>
      <symbol id="sm-334">
         <name>FS$$NEG</name>
         <value>0x3f691b</value>
         <object_component_ref idref="oc-7a"/>
      </symbol>
      <symbol id="sm-345">
         <name>FS$$TOU</name>
         <value>0x3f68a1</value>
         <object_component_ref idref="oc-7f"/>
      </symbol>
      <symbol id="sm-353">
         <name>U$$TOFS</name>
         <value>0x3f690b</value>
         <object_component_ref idref="oc-84"/>
      </symbol>
      <symbol id="sm-362">
         <name>_copy_in</name>
         <value>0x3f687d</value>
         <object_component_ref idref="oc-af"/>
      </symbol>
      <symbol id="sm-373">
         <name>_memcpy</name>
         <value>0x3f68be</value>
         <object_component_ref idref="oc-b7"/>
      </symbol>
      <symbol id="sm-37f">
         <name>__system_pre_init</name>
         <value>0x3f6920</value>
         <object_component_ref idref="oc-ae"/>
      </symbol>
      <symbol id="sm-38c">
         <name>__system_post_cinit</name>
         <value>0x3f6922</value>
         <object_component_ref idref="oc-b0"/>
      </symbol>
      <symbol id="sm-3a0">
         <name>C$$EXIT</name>
         <value>0x3f6854</value>
         <object_component_ref idref="oc-b2"/>
      </symbol>
      <symbol id="sm-3a1">
         <name>_exit</name>
         <value>0x3f6856</value>
         <object_component_ref idref="oc-b2"/>
      </symbol>
      <symbol id="sm-3a2">
         <name>___TI_cleanup_ptr</name>
         <value>0x782</value>
         <object_component_ref idref="oc-9f"/>
      </symbol>
      <symbol id="sm-3a3">
         <name>___TI_enable_exit_profile_output</name>
         <value>0x780</value>
         <object_component_ref idref="oc-9f"/>
      </symbol>
      <symbol id="sm-3a4">
         <name>_abort</name>
         <value>0x3f6854</value>
         <object_component_ref idref="oc-b2"/>
      </symbol>
      <symbol id="sm-3a5">
         <name>___TI_dtors_ptr</name>
         <value>0x784</value>
         <object_component_ref idref="oc-9f"/>
      </symbol>
      <symbol id="sm-3b9">
         <name>__unlock</name>
         <value>0x788</value>
         <object_component_ref idref="oc-c5"/>
      </symbol>
      <symbol id="sm-3ba">
         <name>__lock</name>
         <value>0x786</value>
         <object_component_ref idref="oc-b8"/>
      </symbol>
      <symbol id="sm-3bb">
         <name>__register_lock</name>
         <value>0x3f7f76</value>
         <object_component_ref idref="oc-c2"/>
      </symbol>
      <symbol id="sm-3bc">
         <name>__nop</name>
         <value>0x3f7f7a</value>
         <object_component_ref idref="oc-c2"/>
      </symbol>
      <symbol id="sm-3bd">
         <name>__register_unlock</name>
         <value>0x3f7f72</value>
         <object_component_ref idref="oc-c2"/>
      </symbol>
      <symbol id="sm-3cc">
         <name>__args_main</name>
         <value>0x3f68db</value>
         <object_component_ref idref="oc-b1"/>
      </symbol>
   </symbol_table>
   <title>Link successful</title>
</link_info>
