******************************************************************************
             TMS320C2000 Linker PC v18.1.3                     
******************************************************************************
>> Linked Sun Nov 18 10:38:38 2018

OUTPUT FILE NAME:   <MPPT_Proto.out>
ENTRY POINT SYMBOL: "_c_int00"  address: 003f78de


MEMORY CONFIGURATION

         name            origin    length      used     unused   attr    fill
----------------------  --------  ---------  --------  --------  ----  --------
PAGE 0:
  PRAML0                00008000   00000800  00000000  00000800  RWIX
  OTP                   003d7800   00000400  00000000  00000400  RWIX
  FLASHD                003f0000   00002000  00000000  00002000  RWIX
  FLASHC                003f2000   00002000  00000000  00002000  RWIX
  FLASHA                003f6000   00001f80  00001c3a  00000346  RWIX
  CSM_RSVD              003f7f80   00000076  00000000  00000076  RWIX
  BEGIN                 003f7ff6   00000002  00000000  00000002  RWIX
  CSM_PWL_P0            003f7ff8   00000008  00000000  00000008  RWIX
  IQTABLES              003fe000   00000b50  00000000  00000b50  RWIX
  IQTABLES2             003feb50   0000008c  00000000  0000008c  RWIX
  IQTABLES3             003febdc   000000aa  00000000  000000aa  RWIX
  ROM                   003ff27c   00000d44  00000000  00000d44  RWIX
  RESET                 003fffc0   00000002  00000000  00000002  RWIX
  VECTORS               003fffc2   0000003e  00000000  0000003e  RWIX

PAGE 1:
  BOOT_RSVD             00000000   00000050  00000000  00000050  RWIX
  RAMM0                 00000050   000003b0  00000200  000001b0  RWIX
  RAMM1                 00000400   00000400  00000000  00000400  RWIX
  DEV_EMU               00000880   00000105  00000000  00000105  RWIX
  SYS_PWR_CTL           00000985   00000003  00000000  00000003  RWIX
  FLASH_REGS            00000a80   00000060  00000000  00000060  RWIX
  CSM                   00000ae0   00000010  00000000  00000010  RWIX
  ADC_RESULT            00000b00   00000020  00000000  00000020  RWIX
  CPU_TIMER0            00000c00   00000008  00000000  00000008  RWIX
  CPU_TIMER1            00000c08   00000008  00000000  00000008  RWIX
  CPU_TIMER2            00000c10   00000008  00000000  00000008  RWIX
  PIE_CTRL              00000ce0   00000020  00000000  00000020  RWIX
  PIE_VECT              00000d00   00000100  00000000  00000100  RWIX
  COMP1                 00006400   00000020  00000000  00000020  RWIX
  COMP2                 00006420   00000020  00000000  00000020  RWIX
  EPWM1                 00006800   00000040  00000000  00000040  RWIX
  EPWM2                 00006840   00000040  00000000  00000040  RWIX
  EPWM3                 00006880   00000040  00000000  00000040  RWIX
  EPWM4                 000068c0   00000040  00000000  00000040  RWIX
  ECAP1                 00006a00   00000020  00000000  00000020  RWIX
  GPIOCTRL              00006f80   00000040  00000000  00000040  RWIX
  GPIODAT               00006fc0   00000020  00000000  00000020  RWIX
  GPIOINT               00006fe0   00000020  00000000  00000020  RWIX
  SYSTEM                00007010   00000020  00000000  00000020  RWIX
  SPIA                  00007040   00000010  00000000  00000010  RWIX
  SCIA                  00007050   00000010  00000000  00000010  RWIX
  NMIINTRUPT            00007060   00000010  00000000  00000010  RWIX
  XINTRUPT              00007070   00000010  00000000  00000010  RWIX
  ADC                   00007100   00000080  00000000  00000080  RWIX
  I2CA                  00007900   00000040  00000000  00000040  RWIX
  DRAML0                00008800   00000800  000000a7  00000759  RWIX
  PARTID                003d7fff   00000001  00000000  00000001  RWIX
  FLASHB                003f4000   00002000  00000000  00002000  RWIX
  CSM_PWL               003f7ff8   00000008  00000000  00000008  RWIX


SECTION ALLOCATION MAP

 output                                  attributes/
section   page    origin      length       input sections
--------  ----  ----------  ----------   ----------------
.cinit     0    003f7bd4    00000067     
                  003f7bd4    00000049     main.obj (.cinit)
                  003f7c1d    0000000e     rts2800_ml.lib : exit.c.obj (.cinit)
                  003f7c2b    00000005                    : _lock.c.obj (.cinit:__lock)
                  003f7c30    00000005                    : _lock.c.obj (.cinit:__unlock)
                  003f7c35    00000004     sci_io.obj (.cinit)
                  003f7c39    00000002     --HOLE-- [fill = 0]

.pinit     0    003f6000    00000000     UNINITIALIZED

.text      0    003f6000    00001ad3     
                  003f6000    00000645     pwm.obj (.text)
                  003f6645    0000035a     main.obj (.text)
                  003f699f    0000025b     gpio.obj (.text)
                  003f6bfa    00000251     clk.obj (.text)
                  003f6e4b    000001f7     pie.obj (.text)
                  003f7042    000001eb     adc.obj (.text)
                  003f722d    0000010b     mppt.obj (.text)
                  003f7338    000000ff     f2802x_defaultisr.obj (.text:retain)
                  003f7437    000000dd     pll.obj (.text)
                  003f7514    000000c2     main.obj (.text:retain)
                  003f75d6    000000ac     sensors.obj (.text)
                  003f7682    00000088     timer.obj (.text)
                  003f770a    00000083     rts2800_ml.lib : fs_div28.asm.obj (.text)
                  003f778d    0000007f     wdog.obj (.text)
                  003f780c    00000078     rts2800_ml.lib : fs_add28.asm.obj (.text)
                  003f7884    0000005a                    : fs_mpy28.asm.obj (.text)
                  003f78de    00000054                    : boot28.asm.obj (.text)
                  003f7932    0000004f     flash.obj (.text)
                  003f7981    0000004c     cpu.obj (.text)
                  003f79cd    00000029     rts2800_ml.lib : exit.c.obj (.text)
                  003f79f6    00000029                    : fs_tol28.asm.obj (.text)
                  003f7a1f    00000024                    : cpy_tbl.c.obj (.text)
                  003f7a43    0000001d                    : fs_tou28.asm.obj (.text)
                  003f7a60    0000001d                    : memcpy.c.obj (.text)
                  003f7a7d    00000019                    : args_main.c.obj (.text)
                  003f7a96    00000017                    : fs_cmp28.asm.obj (.text)
                  003f7aad    00000010                    : u_tofs28.asm.obj (.text)
                  003f7abd    00000009                    : _lock.c.obj (.text)
                  003f7ac6    00000005     pie.obj (.text:retain)
                  003f7acb    00000005     rts2800_ml.lib : fs_neg28.asm.obj (.text)
                  003f7ad0    00000002                    : pre_init.c.obj (.text)
                  003f7ad2    00000001                    : startup.c.obj (.text)

.TI.ramfunc 
*          0    00008000    00000000     UNINITIALIZED

.stack     1    00000050    00000200     UNINITIALIZED
                  00000050    00000200     --HOLE--

.ebss      1    00008800    000000a7     UNINITIALIZED
                  00008800    00000080     main.obj (.ebss)
                  00008880    00000018     f2802x_cputimers.obj (.ebss)
                  00008898    00000006     rts2800_ml.lib : exit.c.obj (.ebss)
                  0000889e    00000004     sci_io.obj (.ebss)
                  000088a2    00000002     rts2800_ml.lib : _lock.c.obj (.ebss:__lock)
                  000088a4    00000002                    : _lock.c.obj (.ebss:__unlock)
                  000088a6    00000001     cpu.obj (.ebss)

.econst    0    003f7ad4    00000100     
                  003f7ad4    00000100     pie.obj (.econst:_PIE_tableDebugInit)

.reset     0    003fffc0    00000002     DSECT
                  003fffc0    00000002     rts2800_ml.lib : boot28.asm.obj (.reset)

vectors    0    003fffc2    00000000     DSECT

MODULE SUMMARY

       Module                  code   initialized data   uninitialized data
       ------                  ----   ----------------   ------------------
    .\
       pwm.obj                 1605   0                  0                 
       main.obj                1052   73                 128               
       pie.obj                 508    256                0                 
       gpio.obj                603    0                  0                 
       clk.obj                 593    0                  0                 
       adc.obj                 491    0                  0                 
       mppt.obj                267    0                  0                 
       f2802x_defaultisr.obj   255    0                  0                 
       pll.obj                 221    0                  0                 
       sensors.obj             172    0                  0                 
       timer.obj               136    0                  0                 
       wdog.obj                127    0                  0                 
       flash.obj               79     0                  0                 
       cpu.obj                 76     0                  1                 
       f2802x_cputimers.obj    0      0                  24                
       sci_io.obj              0      4                  4                 
    +--+-----------------------+------+------------------+--------------------+
       Total:                  6185   333                157               
                                                                           
    C:/ti/ccsv8/tools/compiler/ti-cgt-c2000_18.1.3.LTS/lib/rts2800_ml.lib
       fs_div28.asm.obj        131    0                  0                 
       fs_add28.asm.obj        120    0                  0                 
       fs_mpy28.asm.obj        90     0                  0                 
       boot28.asm.obj          84     0                  0                 
       exit.c.obj              41     14                 6                 
       fs_tol28.asm.obj        41     0                  0                 
       cpy_tbl.c.obj           36     0                  0                 
       fs_tou28.asm.obj        29     0                  0                 
       memcpy.c.obj            29     0                  0                 
       args_main.c.obj         25     0                  0                 
       _lock.c.obj             9      10                 4                 
       fs_cmp28.asm.obj        23     0                  0                 
       u_tofs28.asm.obj        16     0                  0                 
       fs_neg28.asm.obj        5      0                  0                 
       pre_init.c.obj          2      0                  0                 
       startup.c.obj           1      0                  0                 
    +--+-----------------------+------+------------------+--------------------+
       Total:                  682    24                 10                
                                                                           
       Stack:                  0      0                  512               
    +--+-----------------------+------+------------------+--------------------+
       Grand Total:            6867   357                679               


GLOBAL DATA SYMBOLS: SORTED BY DATA PAGE

address     data page           name
--------    ----------------    ----
00000050       1 (00000040)     __stack

00008800     220 (00008800)     _track
00008801     220 (00008800)     _sample_count
00008802     220 (00008800)     _duty
00008804     220 (00008800)     _power_sum
00008806     220 (00008800)     _current_prev
00008808     220 (00008800)     _voltage_prev
0000880a     220 (00008800)     _voltage
0000880c     220 (00008800)     _current
0000880e     220 (00008800)     _power_max
00008810     220 (00008800)     _power
00008812     220 (00008800)     _myPll
00008814     220 (00008800)     _myCpu
00008816     220 (00008800)     _myWDog
00008818     220 (00008800)     _myAdc
0000881a     220 (00008800)     _duty_constant
0000881c     220 (00008800)     _myFlash
0000881e     220 (00008800)     _myClk
00008820     220 (00008800)     _duty_prev
00008822     220 (00008800)     _power_prev
00008824     220 (00008800)     _delta_v
00008826     220 (00008800)     _delta_i
00008828     220 (00008800)     _myTimer
0000882a     220 (00008800)     _myPwm
0000882c     220 (00008800)     _myTimer1
0000882e     220 (00008800)     _myGpio
00008830     220 (00008800)     _myPie

00008840     221 (00008840)     _voltage_in
00008860     221 (00008840)     _current_in

00008880     222 (00008880)     _CpuTimer1
00008888     222 (00008880)     _CpuTimer2
00008890     222 (00008880)     _CpuTimer0
00008898     222 (00008880)     ___TI_enable_exit_profile_output
0000889a     222 (00008880)     ___TI_cleanup_ptr
0000889c     222 (00008880)     ___TI_dtors_ptr
0000889e     222 (00008880)     _deviceOpen
000088a0     222 (00008880)     _ioSci
000088a2     222 (00008880)     __lock
000088a4     222 (00008880)     __unlock
000088a6     222 (00008880)     _cpu

003f7ad4    fdeb (003f7ac0)     _PIE_tableDebugInit


GLOBAL SYMBOLS: SORTED ALPHABETICALLY BY Name 

page  address   name                                             
----  -------   ----                                             
0     003f6000  .text                                            
0     003f79cd  C$$EXIT                                          
0     003f7811  FS$$ADD                                          
0     003f7a96  FS$$CMP                                          
0     003f770a  FS$$DIV                                          
0     003f7884  FS$$MPY                                          
0     003f7acb  FS$$NEG                                          
0     003f780c  FS$$SUB                                          
0     003f79f6  FS$$TOL                                          
0     003f7a43  FS$$TOU                                          
0     003f7aad  U$$TOFS                                          
0     003f7397  _ADCINT1_ISR                                     
0     003f739c  _ADCINT2_ISR                                     
0     003f7405  _ADCINT3_ISR                                     
0     003f740a  _ADCINT4_ISR                                     
0     003f740f  _ADCINT5_ISR                                     
0     003f7414  _ADCINT6_ISR                                     
0     003f7419  _ADCINT7_ISR                                     
0     003f741e  _ADCINT8_ISR                                     
0     003f73ab  _ADCINT9_ISR                                     
0     003f7042  _ADC_disable                                     
0     003f7052  _ADC_disableBandGap                              
0     003f7062  _ADC_disableInt                                  
0     003f7080  _ADC_disableRefBuffers                           
0     003f7090  _ADC_disableTempSensor                           
0     003f70a0  _ADC_enable                                      
0     003f70b0  _ADC_enableBandGap                               
0     003f70c0  _ADC_enableInt                                   
0     003f70df  _ADC_enableRefBuffers                            
0     003f70ef  _ADC_enableTempSensor                            
0     003f70ff  _ADC_init                                        
0     003f710e  _ADC_powerDown                                   
0     003f711e  _ADC_powerUp                                     
0     003f712e  _ADC_reset                                       
0     003f713e  _ADC_setIntMode                                  
0     003f7169  _ADC_setIntPulseGenMode                          
0     003f7181  _ADC_setIntSrc                                   
0     003f71ac  _ADC_setSampleMode                               
0     003f71ca  _ADC_setSocChanNumber                            
0     003f71e3  _ADC_setSocSampleWindow                          
0     003f71fc  _ADC_setSocTrigSrc                               
0     003f7215  _ADC_setVoltRefSrc                               
0     003f6bfa  _CLK_disableAdcClock                             
0     003f6c08  _CLK_disableClkIn                                
0     003f6c13  _CLK_disableCompClock                            
0     003f6c20  _CLK_disableCpuTimerClock                        
0     003f6c30  _CLK_disableCrystalOsc                           
0     003f6c3b  _CLK_disableEcap1Clock                           
0     003f6c49  _CLK_disableGpioInputClock                       
0     003f6c57  _CLK_disableHrPwmClock                           
0     003f6c65  _CLK_disableI2cClock                             
0     003f6c73  _CLK_disableOsc1                                 
0     003f6c7e  _CLK_disableOsc1HaltMode                         
0     003f6c89  _CLK_disableOsc2                                 
0     003f6c94  _CLK_disableOsc2HaltMode                         
0     003f6c9f  _CLK_disablePwmClock                             
0     003f6cb1  _CLK_disableSciaClock                            
0     003f6cc1  _CLK_disableSpiaClock                            
0     003f6ccf  _CLK_disableTbClockSync                          
0     003f6cdd  _CLK_disableWatchDogHaltMode                     
0     003f6ce8  _CLK_enableAdcClock                              
0     003f6d2d  _CLK_enableClkIn                                 
0     003f6cf6  _CLK_enableCompClock                             
0     003f6d05  _CLK_enableCpuTimerClock                         
0     003f6d14  _CLK_enableCrystalOsc                            
0     003f6d1f  _CLK_enableEcap1Clock                            
0     003f6d38  _CLK_enableGpioInputClock                        
0     003f6d46  _CLK_enableHrPwmClock                            
0     003f6d54  _CLK_enableI2cClock                              
0     003f6d62  _CLK_enableOsc1                                  
0     003f6d6d  _CLK_enableOsc1HaltMode                          
0     003f6d78  _CLK_enableOsc2                                  
0     003f6d83  _CLK_enableOsc2HaltMode                          
0     003f6d8e  _CLK_enablePwmClock                              
0     003f6d9f  _CLK_enableSciaClock                             
0     003f6daf  _CLK_enableSpiaClock                             
0     003f6dbd  _CLK_enableTbClockSync                           
0     003f6dcb  _CLK_enableWatchDogHaltMode                      
0     003f6dd6  _CLK_init                                        
0     003f6de2  _CLK_setClkOutPreScaler                          
0     003f6df1  _CLK_setLowSpdPreScaler                          
0     003f6e0f  _CLK_setOsc2Src                                  
0     003f6e00  _CLK_setOscSrc                                   
0     003f6e1e  _CLK_setTimer2PreScale                           
0     003f6e2d  _CLK_setTimer2Src                                
0     003f6e3c  _CLK_setWatchDogSrc                              
0     003f7981  _CPU_clearIntFlags                               
0     003f7987  _CPU_disableDebugInt                             
0     003f798d  _CPU_disableGlobalInts                           
0     003f7993  _CPU_disableInt                                  
0     003f799c  _CPU_disableInts                                 
0     003f79a2  _CPU_disableProtectedRegisterWrite               
0     003f79a8  _CPU_enableDebugInt                              
0     003f79ae  _CPU_enableGlobalInts                            
0     003f79b4  _CPU_enableInt                                   
0     003f79bc  _CPU_enableProtectedRegisterWrite                
0     003f79c2  _CPU_init                                        
1     00008890  _CpuTimer0                                       
1     00008880  _CpuTimer1                                       
1     00008888  _CpuTimer2                                       
0     003f7342  _DATALOG_ISR                                     
0     003f73e2  _ECAP1_INT_ISR                                   
0     003f7428  _EMPTY_ISR                                       
0     003f734c  _EMUINT_ISR                                      
0     003f73ce  _EPWM1_INT_ISR                                   
0     003f73ba  _EPWM1_TZINT_ISR                                 
0     003f73d3  _EPWM2_INT_ISR                                   
0     003f73bf  _EPWM2_TZINT_ISR                                 
0     003f73d8  _EPWM3_INT_ISR                                   
0     003f73c4  _EPWM3_TZINT_ISR                                 
0     003f73dd  _EPWM4_INT_ISR                                   
0     003f73c9  _EPWM4_TZINT_ISR                                 
0     003f7932  _FLASH_clear3VStatus                             
0     003f793d  _FLASH_get3VStatus                               
0     003f7946  _FLASH_getActiveWaitCount                        
0     003f794f  _FLASH_getActiveWaitStatus                       
0     003f7959  _FLASH_getPowerMode                              
0     003f7962  _FLASH_getStandbyWaitCount                       
0     003f796b  _FLASH_getStandbyWaitStatus                      
0     003f7975  _FLASH_init                                      
0     003f699f  _GPIO_getData                                    
0     003f69ba  _GPIO_getPortData                                
0     003f69d0  _GPIO_init                                       
0     003f6be8  _GPIO_lpmSelect                                  
0     003f69dc  _GPIO_setDirection                               
0     003f6a46  _GPIO_setExtInt                                  
0     003f6a57  _GPIO_setHigh                                    
0     003f6a77  _GPIO_setLow                                     
0     003f6a97  _GPIO_setMode                                    
0     003f6aeb  _GPIO_setPortData                                
0     003f6a11  _GPIO_setPullUp                                  
0     003f6b05  _GPIO_setQualification                           
0     003f6b6f  _GPIO_setQualificationPeriod                     
0     003f6bc8  _GPIO_toggle                                     
0     003f73f1  _I2CINT1A_ISR                                    
0     003f73f6  _I2CINT2A_ISR                                    
0     003f7356  _ILLEGAL_ISR                                     
0     003f7338  _INT13_ISR                                       
0     003f733d  _INT14_ISR                                       
0     003f6849  _InitAdc                                         
0     003f677b  _InitEGpio                                       
0     003f66ee  _InitEPwm                                        
0     003f68ac  _InitInterrupts                                  
0     003f6804  _InitSys                                         
0     003f6912  _InitTimer                                       
0     003f7351  _NMI_ISR                                         
0     003f742d  _PIE_RESERVED                                    
0     003f6e4b  _PIE_clearAllFlags                               
0     003f6e5f  _PIE_clearAllInts                                
0     003f6e67  _PIE_disable                                     
0     003f6e88  _PIE_disableAllInts                              
0     003f6e6f  _PIE_disableCaptureInt                           
0     003f6e7a  _PIE_disableExtInt                               
0     003f6e9c  _PIE_disableInt                                  
0     003f6ead  _PIE_enable                                      
0     003f6eb5  _PIE_enableAdcInt                                
0     003f6ed1  _PIE_enableCaptureInt                            
0     003f6edc  _PIE_enableExtInt                                
0     003f6f00  _PIE_enableInt                                   
0     003f6f10  _PIE_enablePwmInt                                
0     003f6f25  _PIE_enablePwmTzInt                              
0     003f6f3a  _PIE_enableTimer0Int                             
0     003f6f45  _PIE_forceInt                                    
0     003f6f55  _PIE_getExtIntCount                              
0     003f6f63  _PIE_getIntEnables                               
0     003f6f70  _PIE_getIntFlags                                 
0     003f7ac6  _PIE_illegalIsr                                  
0     003f6f7d  _PIE_init                                        
0     003f6f8c  _PIE_registerPieIntHandler                       
0     003f6fa9  _PIE_registerSystemIntHandler                    
0     003f6fda  _PIE_setDebugIntVectorTable                      
0     003f6fbf  _PIE_setDefaultIntVectorTable                    
0     003f6ff9  _PIE_setExtIntPolarity                           
0     003f7ad4  _PIE_tableDebugInit                              
0     003f700f  _PIE_unregisterPieIntHandler                     
0     003f702c  _PIE_unregisterSystemIntHandler                  
0     003f7437  _PLL_disable                                     
0     003f7442  _PLL_disableClkDetect                            
0     003f744d  _PLL_disableNormRdy                              
0     003f7458  _PLL_disableOsc                                  
0     003f7463  _PLL_enable                                      
0     003f746e  _PLL_enableClkDetect                             
0     003f7479  _PLL_enableNormRdy                               
0     003f7484  _PLL_enableOsc                                   
0     003f749b  _PLL_getClkStatus                                
0     003f74a4  _PLL_getDivider                                  
0     003f74ad  _PLL_getLockStatus                               
0     003f748f  _PLL_getMultiplier                               
0     003f74b6  _PLL_init                                        
0     003f74c2  _PLL_resetClkDetect                              
0     003f74dc  _PLL_setDivider                                  
0     003f7508  _PLL_setLockPeriod                               
0     003f74cd  _PLL_setMultiplier                               
0     003f74eb  _PLL_setup                                       
0     003f6000  _PWM_clearTripZone                               
0     003f600f  _PWM_decrementDeadBandFallingEdgeDelay           
0     003f6019  _PWM_decrementDeadBandRisingEdgeDelay            
0     003f6023  _PWM_disableAutoConvert                          
0     003f6031  _PWM_disableChopping                             
0     003f603c  _PWM_disableCounterLoad                          
0     003f6044  _PWM_disableDeadBand                             
0     003f604e  _PWM_disableDeadBandHalfCycle                    
0     003f6059  _PWM_disableDigitalCompareBlankingWindow         
0     003f6067  _PWM_disableDigitalCompareBlankingWindowInversion
0     003f6075  _PWM_disableHrPeriod                             
0     003f6083  _PWM_disableHrPhaseSync                          
0     003f6091  _PWM_disableInt                                  
0     003f609c  _PWM_disableSocAPulse                            
0     003f60a7  _PWM_disableSocBPulse                            
0     003f60bf  _PWM_disableTripZoneInt                          
0     003f60cf  _PWM_disableTripZoneSrc                          
0     003f60b2  _PWM_disableTripZones                            
0     003f60df  _PWM_enableAutoConvert                           
0     003f60ed  _PWM_enableChopping                              
0     003f60f8  _PWM_enableCounterLoad                           
0     003f6100  _PWM_enableDeadBandHalfCycle                     
0     003f610b  _PWM_enableDigitalCompareBlankingWindow          
0     003f6119  _PWM_enableDigitalCompareBlankingWindowInversion 
0     003f6127  _PWM_enableHrPeriod                              
0     003f6140  _PWM_enableHrPhaseSync                           
0     003f6135  _PWM_enableInt                                   
0     003f614e  _PWM_enableSocAPulse                             
0     003f6159  _PWM_enableSocBPulse                             
0     003f6164  _PWM_enableTripZoneInt                           
0     003f6173  _PWM_enableTripZoneSrc                           
0     003f6182  _PWM_getDeadBandFallingEdgeDelay                 
0     003f618c  _PWM_getDeadBandRisingEdgeDelay                  
0     003f6196  _PWM_getIntCount                                 
0     003f61be  _PWM_getShadowStatus_CmpA                        
0     003f61c9  _PWM_getShadowStatus_CmpB                        
0     003f61a2  _PWM_getSocACount                                
0     003f61b0  _PWM_getSocBCount                                
0     003f6210  _PWM_incrementDeadBandFallingEdgeDelay           
0     003f621a  _PWM_incrementDeadBandRisingEdgeDelay            
0     003f6224  _PWM_init                                        
0     003f6230  _PWM_setActionQual_CntDown_CmpA_PwmA             
0     003f6242  _PWM_setActionQual_CntDown_CmpA_PwmB             
0     003f6254  _PWM_setActionQual_CntDown_CmpB_PwmA             
0     003f6266  _PWM_setActionQual_CntDown_CmpB_PwmB             
0     003f6278  _PWM_setActionQual_CntUp_CmpA_PwmA               
0     003f628a  _PWM_setActionQual_CntUp_CmpA_PwmB               
0     003f629c  _PWM_setActionQual_CntUp_CmpB_PwmA               
0     003f62ae  _PWM_setActionQual_CntUp_CmpB_PwmB               
0     003f62c0  _PWM_setActionQual_Period_PwmA                   
0     003f62d2  _PWM_setActionQual_Period_PwmB                   
0     003f62e4  _PWM_setActionQual_Zero_PwmA                     
0     003f62f5  _PWM_setActionQual_Zero_PwmB                     
0     003f6306  _PWM_setChoppingClkFreq                          
0     003f6317  _PWM_setChoppingDutyCycle                        
0     003f6328  _PWM_setChoppingPulseWidth                       
0     003f6339  _PWM_setClkDiv                                   
0     003f6345  _PWM_setCount                                    
0     003f634e  _PWM_setCounterMode                              
0     003f635a  _PWM_setDeadBandFallingEdgeDelay                 
0     003f6366  _PWM_setDeadBandInputMode                        
0     003f6377  _PWM_setDeadBandOutputMode                       
0     003f6388  _PWM_setDeadBandPolarity                         
0     003f6399  _PWM_setDeadBandRisingEdgeDelay                  
0     003f6400  _PWM_setDigitalCompareAEvent1                    
0     003f6421  _PWM_setDigitalCompareAEvent2                    
0     003f643b  _PWM_setDigitalCompareBEvent1                    
0     003f645c  _PWM_setDigitalCompareBEvent2                    
0     003f63b9  _PWM_setDigitalCompareBlankingPulse              
0     003f63ce  _PWM_setDigitalCompareFilterOffset               
0     003f63a5  _PWM_setDigitalCompareFilterSource               
0     003f63da  _PWM_setDigitalCompareFilterWindow               
0     003f63e6  _PWM_setDigitalCompareInput                      
0     003f6476  _PWM_setHighSpeedClkDiv                          
0     003f61d4  _PWM_setHrControlMode                            
0     003f61e8  _PWM_setHrEdgeMode                               
0     003f61fc  _PWM_setHrShadowMode                             
0     003f6482  _PWM_setIntMode                                  
0     003f6493  _PWM_setIntPeriod                                
0     003f64a4  _PWM_setLoadMode_CmpA                            
0     003f64b0  _PWM_setLoadMode_CmpB                            
0     003f64bd  _PWM_setPeriod                                   
0     003f64c6  _PWM_setPeriodHr                                 
0     003f64e7  _PWM_setPeriodLoad                               
0     003f64d2  _PWM_setPhase                                    
0     003f64db  _PWM_setPhaseDir                                 
0     003f64f3  _PWM_setRunMode                                  
0     003f6547  _PWM_setShadowMode_CmpA                          
0     003f6554  _PWM_setShadowMode_CmpB                          
0     003f64ff  _PWM_setSocAPeriod                               
0     003f6511  _PWM_setSocAPulseSrc                             
0     003f6523  _PWM_setSocBPeriod                               
0     003f6535  _PWM_setSocBPulseSrc                             
0     003f6561  _PWM_setSwSync                                   
0     003f6569  _PWM_setSyncMode                                 
0     003f6575  _PWM_setTripZoneDCEventSelect_DCAEVT1            
0     003f6589  _PWM_setTripZoneDCEventSelect_DCAEVT2            
0     003f659e  _PWM_setTripZoneDCEventSelect_DCBEVT1            
0     003f65b3  _PWM_setTripZoneDCEventSelect_DCBEVT2            
0     003f65c8  _PWM_setTripZoneState_DCAEVT1                    
0     003f65dd  _PWM_setTripZoneState_DCAEVT2                    
0     003f65f2  _PWM_setTripZoneState_DCBEVT1                    
0     003f6607  _PWM_setTripZoneState_DCBEVT2                    
0     003f661c  _PWM_setTripZoneState_TZA                        
0     003f6630  _PWM_setTripZoneState_TZB                        
0     003f7347  _RTOSINT_ISR                                     
0     00008000  _RamfuncsLoadEnd                                 
abs   00000000  _RamfuncsLoadSize                                
0     00008000  _RamfuncsLoadStart                               
0     00008000  _RamfuncsRunStart                                
0     003f73fb  _SCIRXINTA_ISR                                   
0     003f7400  _SCITXINTA_ISR                                   
0     003f73e7  _SPIRXINTA_ISR                                   
0     003f73ec  _SPITXINTA_ISR                                   
0     003f7682  _TIMER_clearFlag                                 
0     003f768c  _TIMER_disableInt                                
0     003f7694  _TIMER_enableInt                                 
0     003f769c  _TIMER_getStatus                                 
0     003f76a6  _TIMER_init                                      
0     003f76b2  _TIMER_reload                                    
0     003f76ba  _TIMER_setDecimationFactor                       
0     003f76cf  _TIMER_setEmulationMode                          
0     003f76dc  _TIMER_setPeriod                                 
0     003f76e5  _TIMER_setPreScaler                              
0     003f76fa  _TIMER_start                                     
0     003f7702  _TIMER_stop                                      
0     003f73b0  _TINT0_ISR                                       
0     003f7388  _USER10_ISR                                      
0     003f738d  _USER11_ISR                                      
0     003f7392  _USER12_ISR                                      
0     003f735b  _USER1_ISR                                       
0     003f7360  _USER2_ISR                                       
0     003f7365  _USER3_ISR                                       
0     003f736a  _USER4_ISR                                       
0     003f736f  _USER5_ISR                                       
0     003f7374  _USER6_ISR                                       
0     003f7379  _USER7_ISR                                       
0     003f737e  _USER8_ISR                                       
0     003f7383  _USER9_ISR                                       
0     003f73b5  _WAKEINT_ISR                                     
0     003f778d  _WDOG_clearCounter                               
0     003f779b  _WDOG_disable                                    
0     003f77ab  _WDOG_disableInt                                 
0     003f77b5  _WDOG_enable                                     
0     003f77c5  _WDOG_enableInt                                  
0     003f77d0  _WDOG_enableOverRide                             
0     003f77db  _WDOG_getIntStatus                               
0     003f77e4  _WDOG_init                                       
0     003f77f0  _WDOG_setCount                                   
0     003f77f9  _WDOG_setPreScaler                               
0     003f73a1  _XINT1_ISR                                       
0     003f73a6  _XINT2_ISR                                       
0     003f7423  _XINT3_ISR                                       
1     00000250  __STACK_END                                      
abs   00000200  __STACK_SIZE                                     
1     0000889a  ___TI_cleanup_ptr                                
1     0000889c  ___TI_dtors_ptr                                  
1     00008898  ___TI_enable_exit_profile_output                 
abs   ffffffff  ___TI_pprof_out_hndl                             
abs   ffffffff  ___TI_prof_data_size                             
abs   ffffffff  ___TI_prof_data_start                            
abs   ffffffff  ___binit__                                       
abs   ffffffff  ___c_args__                                      
0     003f7bd4  ___cinit__                                       
0     003f7ad3  ___etext__                                       
abs   ffffffff  ___pinit__                                       
0     003f6000  ___text__                                        
0     003f7a7d  __args_main                                      
1     000088a2  __lock                                           
0     003f7ac5  __nop                                            
0     003f7ac1  __register_lock                                  
0     003f7abd  __register_unlock                                
1     00000050  __stack                                          
0     003f7ad2  __system_post_cinit                              
0     003f7ad0  __system_pre_init                                
1     000088a4  __unlock                                         
0     003f79cd  _abort                                           
0     003f75a4  _adc_isr                                         
0     003f78de  _c_int00                                         
0     003f764f  _convertDuty                                     
0     003f7a1f  _copy_in                                         
1     000088a6  _cpu                                             
0     003f7536  _cpu_timer0_isr                                  
0     003f7514  _cpu_timer1_isr                                  
1     0000880c  _current                                         
1     00008860  _current_in                                      
1     00008806  _current_prev                                    
1     00008826  _delta_i                                         
1     00008824  _delta_v                                         
1     0000889e  _deviceOpen                                      
1     00008802  _duty                                            
1     0000881a  _duty_constant                                   
1     00008820  _duty_prev                                       
0     003f79cf  _exit                                            
0     003f760e  _getCurrent                                      
0     003f75d6  _getVoltage                                      
0     003f7288  _incrementalConductance                          
1     000088a0  _ioSci                                           
0     003f6676  _main                                            
0     003f7a60  _memcpy                                          
1     00008818  _myAdc                                           
1     0000881e  _myClk                                           
1     00008814  _myCpu                                           
1     0000881c  _myFlash                                         
1     0000882e  _myGpio                                          
1     00008830  _myPie                                           
1     00008812  _myPll                                           
1     0000882a  _myPwm                                           
1     00008828  _myTimer                                         
1     0000882c  _myTimer1                                        
1     00008816  _myWDog                                          
0     003f722d  _perturbAndObserve                               
1     00008810  _power                                           
1     0000880e  _power_max                                       
1     00008822  _power_prev                                      
1     00008804  _power_sum                                       
0     003f7432  _rsvd_ISR                                        
1     00008801  _sample_count                                    
0     003f6965  _setDutyCycle                                    
1     00008800  _track                                           
1     0000880a  _voltage                                         
1     00008840  _voltage_in                                      
1     00008808  _voltage_prev                                    
abs   ffffffff  binit                                            
0     003f7bd4  cinit                                            
0     003f7ad3  etext                                            
abs   ffffffff  pinit                                            


GLOBAL SYMBOLS: SORTED BY Symbol Address 

page  address   name                                             
----  -------   ----                                             
0     00008000  _RamfuncsLoadEnd                                 
0     00008000  _RamfuncsLoadStart                               
0     00008000  _RamfuncsRunStart                                
0     003f6000  .text                                            
0     003f6000  _PWM_clearTripZone                               
0     003f6000  ___text__                                        
0     003f600f  _PWM_decrementDeadBandFallingEdgeDelay           
0     003f6019  _PWM_decrementDeadBandRisingEdgeDelay            
0     003f6023  _PWM_disableAutoConvert                          
0     003f6031  _PWM_disableChopping                             
0     003f603c  _PWM_disableCounterLoad                          
0     003f6044  _PWM_disableDeadBand                             
0     003f604e  _PWM_disableDeadBandHalfCycle                    
0     003f6059  _PWM_disableDigitalCompareBlankingWindow         
0     003f6067  _PWM_disableDigitalCompareBlankingWindowInversion
0     003f6075  _PWM_disableHrPeriod                             
0     003f6083  _PWM_disableHrPhaseSync                          
0     003f6091  _PWM_disableInt                                  
0     003f609c  _PWM_disableSocAPulse                            
0     003f60a7  _PWM_disableSocBPulse                            
0     003f60b2  _PWM_disableTripZones                            
0     003f60bf  _PWM_disableTripZoneInt                          
0     003f60cf  _PWM_disableTripZoneSrc                          
0     003f60df  _PWM_enableAutoConvert                           
0     003f60ed  _PWM_enableChopping                              
0     003f60f8  _PWM_enableCounterLoad                           
0     003f6100  _PWM_enableDeadBandHalfCycle                     
0     003f610b  _PWM_enableDigitalCompareBlankingWindow          
0     003f6119  _PWM_enableDigitalCompareBlankingWindowInversion 
0     003f6127  _PWM_enableHrPeriod                              
0     003f6135  _PWM_enableInt                                   
0     003f6140  _PWM_enableHrPhaseSync                           
0     003f614e  _PWM_enableSocAPulse                             
0     003f6159  _PWM_enableSocBPulse                             
0     003f6164  _PWM_enableTripZoneInt                           
0     003f6173  _PWM_enableTripZoneSrc                           
0     003f6182  _PWM_getDeadBandFallingEdgeDelay                 
0     003f618c  _PWM_getDeadBandRisingEdgeDelay                  
0     003f6196  _PWM_getIntCount                                 
0     003f61a2  _PWM_getSocACount                                
0     003f61b0  _PWM_getSocBCount                                
0     003f61be  _PWM_getShadowStatus_CmpA                        
0     003f61c9  _PWM_getShadowStatus_CmpB                        
0     003f61d4  _PWM_setHrControlMode                            
0     003f61e8  _PWM_setHrEdgeMode                               
0     003f61fc  _PWM_setHrShadowMode                             
0     003f6210  _PWM_incrementDeadBandFallingEdgeDelay           
0     003f621a  _PWM_incrementDeadBandRisingEdgeDelay            
0     003f6224  _PWM_init                                        
0     003f6230  _PWM_setActionQual_CntDown_CmpA_PwmA             
0     003f6242  _PWM_setActionQual_CntDown_CmpA_PwmB             
0     003f6254  _PWM_setActionQual_CntDown_CmpB_PwmA             
0     003f6266  _PWM_setActionQual_CntDown_CmpB_PwmB             
0     003f6278  _PWM_setActionQual_CntUp_CmpA_PwmA               
0     003f628a  _PWM_setActionQual_CntUp_CmpA_PwmB               
0     003f629c  _PWM_setActionQual_CntUp_CmpB_PwmA               
0     003f62ae  _PWM_setActionQual_CntUp_CmpB_PwmB               
0     003f62c0  _PWM_setActionQual_Period_PwmA                   
0     003f62d2  _PWM_setActionQual_Period_PwmB                   
0     003f62e4  _PWM_setActionQual_Zero_PwmA                     
0     003f62f5  _PWM_setActionQual_Zero_PwmB                     
0     003f6306  _PWM_setChoppingClkFreq                          
0     003f6317  _PWM_setChoppingDutyCycle                        
0     003f6328  _PWM_setChoppingPulseWidth                       
0     003f6339  _PWM_setClkDiv                                   
0     003f6345  _PWM_setCount                                    
0     003f634e  _PWM_setCounterMode                              
0     003f635a  _PWM_setDeadBandFallingEdgeDelay                 
0     003f6366  _PWM_setDeadBandInputMode                        
0     003f6377  _PWM_setDeadBandOutputMode                       
0     003f6388  _PWM_setDeadBandPolarity                         
0     003f6399  _PWM_setDeadBandRisingEdgeDelay                  
0     003f63a5  _PWM_setDigitalCompareFilterSource               
0     003f63b9  _PWM_setDigitalCompareBlankingPulse              
0     003f63ce  _PWM_setDigitalCompareFilterOffset               
0     003f63da  _PWM_setDigitalCompareFilterWindow               
0     003f63e6  _PWM_setDigitalCompareInput                      
0     003f6400  _PWM_setDigitalCompareAEvent1                    
0     003f6421  _PWM_setDigitalCompareAEvent2                    
0     003f643b  _PWM_setDigitalCompareBEvent1                    
0     003f645c  _PWM_setDigitalCompareBEvent2                    
0     003f6476  _PWM_setHighSpeedClkDiv                          
0     003f6482  _PWM_setIntMode                                  
0     003f6493  _PWM_setIntPeriod                                
0     003f64a4  _PWM_setLoadMode_CmpA                            
0     003f64b0  _PWM_setLoadMode_CmpB                            
0     003f64bd  _PWM_setPeriod                                   
0     003f64c6  _PWM_setPeriodHr                                 
0     003f64d2  _PWM_setPhase                                    
0     003f64db  _PWM_setPhaseDir                                 
0     003f64e7  _PWM_setPeriodLoad                               
0     003f64f3  _PWM_setRunMode                                  
0     003f64ff  _PWM_setSocAPeriod                               
0     003f6511  _PWM_setSocAPulseSrc                             
0     003f6523  _PWM_setSocBPeriod                               
0     003f6535  _PWM_setSocBPulseSrc                             
0     003f6547  _PWM_setShadowMode_CmpA                          
0     003f6554  _PWM_setShadowMode_CmpB                          
0     003f6561  _PWM_setSwSync                                   
0     003f6569  _PWM_setSyncMode                                 
0     003f6575  _PWM_setTripZoneDCEventSelect_DCAEVT1            
0     003f6589  _PWM_setTripZoneDCEventSelect_DCAEVT2            
0     003f659e  _PWM_setTripZoneDCEventSelect_DCBEVT1            
0     003f65b3  _PWM_setTripZoneDCEventSelect_DCBEVT2            
0     003f65c8  _PWM_setTripZoneState_DCAEVT1                    
0     003f65dd  _PWM_setTripZoneState_DCAEVT2                    
0     003f65f2  _PWM_setTripZoneState_DCBEVT1                    
0     003f6607  _PWM_setTripZoneState_DCBEVT2                    
0     003f661c  _PWM_setTripZoneState_TZA                        
0     003f6630  _PWM_setTripZoneState_TZB                        
0     003f6676  _main                                            
0     003f66ee  _InitEPwm                                        
0     003f677b  _InitEGpio                                       
0     003f6804  _InitSys                                         
0     003f6849  _InitAdc                                         
0     003f68ac  _InitInterrupts                                  
0     003f6912  _InitTimer                                       
0     003f6965  _setDutyCycle                                    
0     003f699f  _GPIO_getData                                    
0     003f69ba  _GPIO_getPortData                                
0     003f69d0  _GPIO_init                                       
0     003f69dc  _GPIO_setDirection                               
0     003f6a11  _GPIO_setPullUp                                  
0     003f6a46  _GPIO_setExtInt                                  
0     003f6a57  _GPIO_setHigh                                    
0     003f6a77  _GPIO_setLow                                     
0     003f6a97  _GPIO_setMode                                    
0     003f6aeb  _GPIO_setPortData                                
0     003f6b05  _GPIO_setQualification                           
0     003f6b6f  _GPIO_setQualificationPeriod                     
0     003f6bc8  _GPIO_toggle                                     
0     003f6be8  _GPIO_lpmSelect                                  
0     003f6bfa  _CLK_disableAdcClock                             
0     003f6c08  _CLK_disableClkIn                                
0     003f6c13  _CLK_disableCompClock                            
0     003f6c20  _CLK_disableCpuTimerClock                        
0     003f6c30  _CLK_disableCrystalOsc                           
0     003f6c3b  _CLK_disableEcap1Clock                           
0     003f6c49  _CLK_disableGpioInputClock                       
0     003f6c57  _CLK_disableHrPwmClock                           
0     003f6c65  _CLK_disableI2cClock                             
0     003f6c73  _CLK_disableOsc1                                 
0     003f6c7e  _CLK_disableOsc1HaltMode                         
0     003f6c89  _CLK_disableOsc2                                 
0     003f6c94  _CLK_disableOsc2HaltMode                         
0     003f6c9f  _CLK_disablePwmClock                             
0     003f6cb1  _CLK_disableSciaClock                            
0     003f6cc1  _CLK_disableSpiaClock                            
0     003f6ccf  _CLK_disableTbClockSync                          
0     003f6cdd  _CLK_disableWatchDogHaltMode                     
0     003f6ce8  _CLK_enableAdcClock                              
0     003f6cf6  _CLK_enableCompClock                             
0     003f6d05  _CLK_enableCpuTimerClock                         
0     003f6d14  _CLK_enableCrystalOsc                            
0     003f6d1f  _CLK_enableEcap1Clock                            
0     003f6d2d  _CLK_enableClkIn                                 
0     003f6d38  _CLK_enableGpioInputClock                        
0     003f6d46  _CLK_enableHrPwmClock                            
0     003f6d54  _CLK_enableI2cClock                              
0     003f6d62  _CLK_enableOsc1                                  
0     003f6d6d  _CLK_enableOsc1HaltMode                          
0     003f6d78  _CLK_enableOsc2                                  
0     003f6d83  _CLK_enableOsc2HaltMode                          
0     003f6d8e  _CLK_enablePwmClock                              
0     003f6d9f  _CLK_enableSciaClock                             
0     003f6daf  _CLK_enableSpiaClock                             
0     003f6dbd  _CLK_enableTbClockSync                           
0     003f6dcb  _CLK_enableWatchDogHaltMode                      
0     003f6dd6  _CLK_init                                        
0     003f6de2  _CLK_setClkOutPreScaler                          
0     003f6df1  _CLK_setLowSpdPreScaler                          
0     003f6e00  _CLK_setOscSrc                                   
0     003f6e0f  _CLK_setOsc2Src                                  
0     003f6e1e  _CLK_setTimer2PreScale                           
0     003f6e2d  _CLK_setTimer2Src                                
0     003f6e3c  _CLK_setWatchDogSrc                              
0     003f6e4b  _PIE_clearAllFlags                               
0     003f6e5f  _PIE_clearAllInts                                
0     003f6e67  _PIE_disable                                     
0     003f6e6f  _PIE_disableCaptureInt                           
0     003f6e7a  _PIE_disableExtInt                               
0     003f6e88  _PIE_disableAllInts                              
0     003f6e9c  _PIE_disableInt                                  
0     003f6ead  _PIE_enable                                      
0     003f6eb5  _PIE_enableAdcInt                                
0     003f6ed1  _PIE_enableCaptureInt                            
0     003f6edc  _PIE_enableExtInt                                
0     003f6f00  _PIE_enableInt                                   
0     003f6f10  _PIE_enablePwmInt                                
0     003f6f25  _PIE_enablePwmTzInt                              
0     003f6f3a  _PIE_enableTimer0Int                             
0     003f6f45  _PIE_forceInt                                    
0     003f6f55  _PIE_getExtIntCount                              
0     003f6f63  _PIE_getIntEnables                               
0     003f6f70  _PIE_getIntFlags                                 
0     003f6f7d  _PIE_init                                        
0     003f6f8c  _PIE_registerPieIntHandler                       
0     003f6fa9  _PIE_registerSystemIntHandler                    
0     003f6fbf  _PIE_setDefaultIntVectorTable                    
0     003f6fda  _PIE_setDebugIntVectorTable                      
0     003f6ff9  _PIE_setExtIntPolarity                           
0     003f700f  _PIE_unregisterPieIntHandler                     
0     003f702c  _PIE_unregisterSystemIntHandler                  
0     003f7042  _ADC_disable                                     
0     003f7052  _ADC_disableBandGap                              
0     003f7062  _ADC_disableInt                                  
0     003f7080  _ADC_disableRefBuffers                           
0     003f7090  _ADC_disableTempSensor                           
0     003f70a0  _ADC_enable                                      
0     003f70b0  _ADC_enableBandGap                               
0     003f70c0  _ADC_enableInt                                   
0     003f70df  _ADC_enableRefBuffers                            
0     003f70ef  _ADC_enableTempSensor                            
0     003f70ff  _ADC_init                                        
0     003f710e  _ADC_powerDown                                   
0     003f711e  _ADC_powerUp                                     
0     003f712e  _ADC_reset                                       
0     003f713e  _ADC_setIntMode                                  
0     003f7169  _ADC_setIntPulseGenMode                          
0     003f7181  _ADC_setIntSrc                                   
0     003f71ac  _ADC_setSampleMode                               
0     003f71ca  _ADC_setSocChanNumber                            
0     003f71e3  _ADC_setSocSampleWindow                          
0     003f71fc  _ADC_setSocTrigSrc                               
0     003f7215  _ADC_setVoltRefSrc                               
0     003f722d  _perturbAndObserve                               
0     003f7288  _incrementalConductance                          
0     003f7338  _INT13_ISR                                       
0     003f733d  _INT14_ISR                                       
0     003f7342  _DATALOG_ISR                                     
0     003f7347  _RTOSINT_ISR                                     
0     003f734c  _EMUINT_ISR                                      
0     003f7351  _NMI_ISR                                         
0     003f7356  _ILLEGAL_ISR                                     
0     003f735b  _USER1_ISR                                       
0     003f7360  _USER2_ISR                                       
0     003f7365  _USER3_ISR                                       
0     003f736a  _USER4_ISR                                       
0     003f736f  _USER5_ISR                                       
0     003f7374  _USER6_ISR                                       
0     003f7379  _USER7_ISR                                       
0     003f737e  _USER8_ISR                                       
0     003f7383  _USER9_ISR                                       
0     003f7388  _USER10_ISR                                      
0     003f738d  _USER11_ISR                                      
0     003f7392  _USER12_ISR                                      
0     003f7397  _ADCINT1_ISR                                     
0     003f739c  _ADCINT2_ISR                                     
0     003f73a1  _XINT1_ISR                                       
0     003f73a6  _XINT2_ISR                                       
0     003f73ab  _ADCINT9_ISR                                     
0     003f73b0  _TINT0_ISR                                       
0     003f73b5  _WAKEINT_ISR                                     
0     003f73ba  _EPWM1_TZINT_ISR                                 
0     003f73bf  _EPWM2_TZINT_ISR                                 
0     003f73c4  _EPWM3_TZINT_ISR                                 
0     003f73c9  _EPWM4_TZINT_ISR                                 
0     003f73ce  _EPWM1_INT_ISR                                   
0     003f73d3  _EPWM2_INT_ISR                                   
0     003f73d8  _EPWM3_INT_ISR                                   
0     003f73dd  _EPWM4_INT_ISR                                   
0     003f73e2  _ECAP1_INT_ISR                                   
0     003f73e7  _SPIRXINTA_ISR                                   
0     003f73ec  _SPITXINTA_ISR                                   
0     003f73f1  _I2CINT1A_ISR                                    
0     003f73f6  _I2CINT2A_ISR                                    
0     003f73fb  _SCIRXINTA_ISR                                   
0     003f7400  _SCITXINTA_ISR                                   
0     003f7405  _ADCINT3_ISR                                     
0     003f740a  _ADCINT4_ISR                                     
0     003f740f  _ADCINT5_ISR                                     
0     003f7414  _ADCINT6_ISR                                     
0     003f7419  _ADCINT7_ISR                                     
0     003f741e  _ADCINT8_ISR                                     
0     003f7423  _XINT3_ISR                                       
0     003f7428  _EMPTY_ISR                                       
0     003f742d  _PIE_RESERVED                                    
0     003f7432  _rsvd_ISR                                        
0     003f7437  _PLL_disable                                     
0     003f7442  _PLL_disableClkDetect                            
0     003f744d  _PLL_disableNormRdy                              
0     003f7458  _PLL_disableOsc                                  
0     003f7463  _PLL_enable                                      
0     003f746e  _PLL_enableClkDetect                             
0     003f7479  _PLL_enableNormRdy                               
0     003f7484  _PLL_enableOsc                                   
0     003f748f  _PLL_getMultiplier                               
0     003f749b  _PLL_getClkStatus                                
0     003f74a4  _PLL_getDivider                                  
0     003f74ad  _PLL_getLockStatus                               
0     003f74b6  _PLL_init                                        
0     003f74c2  _PLL_resetClkDetect                              
0     003f74cd  _PLL_setMultiplier                               
0     003f74dc  _PLL_setDivider                                  
0     003f74eb  _PLL_setup                                       
0     003f7508  _PLL_setLockPeriod                               
0     003f7514  _cpu_timer1_isr                                  
0     003f7536  _cpu_timer0_isr                                  
0     003f75a4  _adc_isr                                         
0     003f75d6  _getVoltage                                      
0     003f760e  _getCurrent                                      
0     003f764f  _convertDuty                                     
0     003f7682  _TIMER_clearFlag                                 
0     003f768c  _TIMER_disableInt                                
0     003f7694  _TIMER_enableInt                                 
0     003f769c  _TIMER_getStatus                                 
0     003f76a6  _TIMER_init                                      
0     003f76b2  _TIMER_reload                                    
0     003f76ba  _TIMER_setDecimationFactor                       
0     003f76cf  _TIMER_setEmulationMode                          
0     003f76dc  _TIMER_setPeriod                                 
0     003f76e5  _TIMER_setPreScaler                              
0     003f76fa  _TIMER_start                                     
0     003f7702  _TIMER_stop                                      
0     003f770a  FS$$DIV                                          
0     003f778d  _WDOG_clearCounter                               
0     003f779b  _WDOG_disable                                    
0     003f77ab  _WDOG_disableInt                                 
0     003f77b5  _WDOG_enable                                     
0     003f77c5  _WDOG_enableInt                                  
0     003f77d0  _WDOG_enableOverRide                             
0     003f77db  _WDOG_getIntStatus                               
0     003f77e4  _WDOG_init                                       
0     003f77f0  _WDOG_setCount                                   
0     003f77f9  _WDOG_setPreScaler                               
0     003f780c  FS$$SUB                                          
0     003f7811  FS$$ADD                                          
0     003f7884  FS$$MPY                                          
0     003f78de  _c_int00                                         
0     003f7932  _FLASH_clear3VStatus                             
0     003f793d  _FLASH_get3VStatus                               
0     003f7946  _FLASH_getActiveWaitCount                        
0     003f794f  _FLASH_getActiveWaitStatus                       
0     003f7959  _FLASH_getPowerMode                              
0     003f7962  _FLASH_getStandbyWaitCount                       
0     003f796b  _FLASH_getStandbyWaitStatus                      
0     003f7975  _FLASH_init                                      
0     003f7981  _CPU_clearIntFlags                               
0     003f7987  _CPU_disableDebugInt                             
0     003f798d  _CPU_disableGlobalInts                           
0     003f7993  _CPU_disableInt                                  
0     003f799c  _CPU_disableInts                                 
0     003f79a2  _CPU_disableProtectedRegisterWrite               
0     003f79a8  _CPU_enableDebugInt                              
0     003f79ae  _CPU_enableGlobalInts                            
0     003f79b4  _CPU_enableInt                                   
0     003f79bc  _CPU_enableProtectedRegisterWrite                
0     003f79c2  _CPU_init                                        
0     003f79cd  C$$EXIT                                          
0     003f79cd  _abort                                           
0     003f79cf  _exit                                            
0     003f79f6  FS$$TOL                                          
0     003f7a1f  _copy_in                                         
0     003f7a43  FS$$TOU                                          
0     003f7a60  _memcpy                                          
0     003f7a7d  __args_main                                      
0     003f7a96  FS$$CMP                                          
0     003f7aad  U$$TOFS                                          
0     003f7abd  __register_unlock                                
0     003f7ac1  __register_lock                                  
0     003f7ac5  __nop                                            
0     003f7ac6  _PIE_illegalIsr                                  
0     003f7acb  FS$$NEG                                          
0     003f7ad0  __system_pre_init                                
0     003f7ad2  __system_post_cinit                              
0     003f7ad3  ___etext__                                       
0     003f7ad3  etext                                            
0     003f7ad4  _PIE_tableDebugInit                              
0     003f7bd4  ___cinit__                                       
0     003f7bd4  cinit                                            
1     00000050  __stack                                          
1     00000250  __STACK_END                                      
1     00008800  _track                                           
1     00008801  _sample_count                                    
1     00008802  _duty                                            
1     00008804  _power_sum                                       
1     00008806  _current_prev                                    
1     00008808  _voltage_prev                                    
1     0000880a  _voltage                                         
1     0000880c  _current                                         
1     0000880e  _power_max                                       
1     00008810  _power                                           
1     00008812  _myPll                                           
1     00008814  _myCpu                                           
1     00008816  _myWDog                                          
1     00008818  _myAdc                                           
1     0000881a  _duty_constant                                   
1     0000881c  _myFlash                                         
1     0000881e  _myClk                                           
1     00008820  _duty_prev                                       
1     00008822  _power_prev                                      
1     00008824  _delta_v                                         
1     00008826  _delta_i                                         
1     00008828  _myTimer                                         
1     0000882a  _myPwm                                           
1     0000882c  _myTimer1                                        
1     0000882e  _myGpio                                          
1     00008830  _myPie                                           
1     00008840  _voltage_in                                      
1     00008860  _current_in                                      
1     00008880  _CpuTimer1                                       
1     00008888  _CpuTimer2                                       
1     00008890  _CpuTimer0                                       
1     00008898  ___TI_enable_exit_profile_output                 
1     0000889a  ___TI_cleanup_ptr                                
1     0000889c  ___TI_dtors_ptr                                  
1     0000889e  _deviceOpen                                      
1     000088a0  _ioSci                                           
1     000088a2  __lock                                           
1     000088a4  __unlock                                         
1     000088a6  _cpu                                             
abs   00000000  _RamfuncsLoadSize                                
abs   00000200  __STACK_SIZE                                     
abs   ffffffff  ___TI_pprof_out_hndl                             
abs   ffffffff  ___TI_prof_data_size                             
abs   ffffffff  ___TI_prof_data_start                            
abs   ffffffff  ___binit__                                       
abs   ffffffff  ___c_args__                                      
abs   ffffffff  ___pinit__                                       
abs   ffffffff  binit                                            
abs   ffffffff  pinit                                            

[421 symbols]
