******************************************************************************
             TMS320C2000 Linker PC v18.1.1                     
******************************************************************************
>> Linked Fri Aug 17 10:21:08 2018

OUTPUT FILE NAME:   <MPPT_proto.out>
ENTRY POINT SYMBOL: "code_start"  address: 003f7ff6


MEMORY CONFIGURATION

         name            origin    length      used     unused   attr    fill
----------------------  --------  ---------  --------  --------  ----  --------
PAGE 0:
  RAMM0                 00000050   000003b0  00000000  000003b0  RWIX
  OTP                   003d7800   00000400  00000000  00000400  RWIX
  FLASHB                003f6000   00001000  00000000  00001000  RWIX
  FLASHA                003f7000   00000f80  00000e26  0000015a  RWIX
  CSM_RSVD              003f7f80   00000076  00000000  00000076  RWIX
  BEGIN                 003f7ff6   00000002  00000002  00000000  RWIX
  CSM_PWL_P0            003f7ff8   00000008  00000000  00000008  RWIX
  IQTABLES              003fe000   00000b50  00000000  00000b50  RWIX
  IQTABLES2             003feb50   0000008c  00000000  0000008c  RWIX
  IQTABLES3             003febdc   000000aa  00000000  000000aa  RWIX
  ROM                   003ff27c   00000d44  00000000  00000d44  RWIX
  RESET                 003fffc0   00000002  00000000  00000002  RWIX
  VECTORS               003fffc2   0000003e  00000000  0000003e  RWIX

PAGE 1:
  BOOT_RSVD             00000000   00000050  00000000  00000050  RWIX
  RAMM1                 00000400   00000400  0000028b  00000175  RWIX
  DEV_EMU               00000880   00000105  00000000  00000105  RWIX
  SYS_PWR_CTL           00000985   00000003  00000000  00000003  RWIX
  FLASH_REGS            00000a80   00000060  00000000  00000060  RWIX
  CSM                   00000ae0   00000010  00000000  00000010  RWIX
  ADC_RESULT            00000b00   00000020  00000000  00000020  RWIX
  CPU_TIMER0            00000c00   00000008  00000000  00000008  RWIX
  CPU_TIMER1            00000c08   00000008  00000000  00000008  RWIX
  CPU_TIMER2            00000c10   00000008  00000000  00000008  RWIX
  PIE_CTRL              00000ce0   00000020  00000000  00000020  RWIX
  PIE_VECT              00000d00   00000100  00000000  00000100  RWIX
  COMP1                 00006400   00000020  00000000  00000020  RWIX
  COMP2                 00006420   00000020  00000000  00000020  RWIX
  EPWM1                 00006800   00000040  00000000  00000040  RWIX
  EPWM2                 00006840   00000040  00000000  00000040  RWIX
  EPWM3                 00006880   00000040  00000000  00000040  RWIX
  EPWM4                 000068c0   00000040  00000000  00000040  RWIX
  ECAP1                 00006a00   00000020  00000000  00000020  RWIX
  GPIOCTRL              00006f80   00000040  00000000  00000040  RWIX
  GPIODAT               00006fc0   00000020  00000000  00000020  RWIX
  GPIOINT               00006fe0   00000020  00000000  00000020  RWIX
  SYSTEM                00007010   00000020  00000000  00000020  RWIX
  SPIA                  00007040   00000010  00000000  00000010  RWIX
  SCIA                  00007050   00000010  00000000  00000010  RWIX
  NMIINTRUPT            00007060   00000010  00000000  00000010  RWIX
  XINTRUPT              00007070   00000010  00000000  00000010  RWIX
  ADC                   00007100   00000080  00000000  00000080  RWIX
  I2CA                  00007900   00000040  00000000  00000040  RWIX
  RAML0                 00008000   00000400  00000000  00000400  RWIX
  PARTID                003d7fff   00000001  00000000  00000001  RWIX
  CSM_PWL               003f7ff8   00000008  00000000  00000008  RWIX


SECTION ALLOCATION MAP

 output                                  attributes/
section   page    origin      length       input sections
--------  ----  ----------  ----------   ----------------
ramfuncs   0    00000050    00000000     UNINITIALIZED

.econst    0    003f7cc4    00000100     
                  003f7cc4    00000100     driverlib.lib : pie.obj (.econst:_PIE_tableDebugInit)

.cinit     0    003f7dc4    00000063     
                  003f7dc4    00000049     main.obj (.cinit)
                  003f7e0d    0000000e     rts2800_ml.lib : exit.c.obj (.cinit)
                  003f7e1b    00000005                    : _lock.c.obj (.cinit:__lock)
                  003f7e20    00000005                    : _lock.c.obj (.cinit:__unlock)
                  003f7e25    00000002     --HOLE-- [fill = 0]

codestart 
*          0    003f7ff6    00000002     
                  003f7ff6    00000002     driverlib.lib : f2802xx_codestartbranch.obj (codestart)

.pinit     0    003f7000    00000000     UNINITIALIZED

.stack     1    00000400    00000200     UNINITIALIZED
                  00000400    00000200     --HOLE--

.reset     0    003fffc0    00000002     DSECT
                  003fffc0    00000002     rts2800_ml.lib : boot28.asm.obj (.reset)

vectors    0    003fffc2    00000000     DSECT

.text      0    003f7000    00000cc3     
                  003f7000    0000035a     main.obj (.text)
                  003f735a    0000010b     mppt.obj (.text)
                  003f7465    000000c2     main.obj (.text:retain)
                  003f7527    000000ac     sensors.obj (.text)
                  003f75d3    00000083     rts2800_ml.lib : fs_div28.asm.obj (.text)
                  003f7656    00000078                    : fs_add28.asm.obj (.text)
                  003f76ce    0000005a                    : fs_mpy28.asm.obj (.text)
                  003f7728    00000054                    : boot28.asm.obj (.text)
                  003f777c    00000048     driverlib.lib : gpio.obj (.text:_GPIO_setMode)
                  003f77c4    00000029                   : gpio.obj (.text:_GPIO_setDirection)
                  003f77ed    00000029                   : gpio.obj (.text:_GPIO_setPullUp)
                  003f7816    00000029     rts2800_ml.lib : exit.c.obj (.text)
                  003f783f    00000024                    : cpy_tbl.c.obj (.text)
                  003f7863    00000022     driverlib.lib : adc.obj (.text:_ADC_setIntMode)
                  003f7885    00000022                   : adc.obj (.text:_ADC_setIntSrc)
                  003f78a7    0000001d     rts2800_ml.lib : fs_tou28.asm.obj (.text)
                  003f78c4    0000001d                    : memcpy.c.obj (.text)
                  003f78e1    00000019                    : args_main.c.obj (.text)
                  003f78fa    00000017     driverlib.lib : adc.obj (.text:_ADC_enableInt)
                  003f7911    00000017     rts2800_ml.lib : fs_cmp28.asm.obj (.text)
                  003f7928    00000015     driverlib.lib : pll.obj (.text:_PLL_setup)
                  003f793d    00000014                   : gpio.obj (.text:_GPIO_setHigh)
                  003f7951    00000014                   : gpio.obj (.text:_GPIO_setLow)
                  003f7965    00000014                   : gpio.obj (.text:_GPIO_toggle)
                  003f7979    00000014                   : pie.obj (.text:_PIE_enableAdcInt)
                  003f798d    00000013                   : timer.obj (.text:_TIMER_setPreScaler)
                  003f79a0    00000012                   : adc.obj (.text:_ADC_setSocChanNumber)
                  003f79b2    00000012                   : adc.obj (.text:_ADC_setSocSampleWindow)
                  003f79c4    00000012                   : adc.obj (.text:_ADC_setSocTrigSrc)
                  003f79d6    00000011                   : adc.obj (.text:_ADC_setIntPulseGenMode)
                  003f79e7    00000011                   : adc.obj (.text:_ADC_setVoltRefSrc)
                  003f79f8    00000011                   : pie.obj (.text:_PIE_disableAllInts)
                  003f7a09    00000011                   : pie.obj (.text:_PIE_setDebugIntVectorTable)
                  003f7a1a    00000010     rts2800_ml.lib : u_tofs28.asm.obj (.text)
                  003f7a2a    0000000f     driverlib.lib : pie.obj (.text:_PIE_registerPieIntHandler)
                  003f7a39    0000000b                   : pie.obj (.text:_PIE_registerSystemIntHandler)
                  003f7a44    0000000a                   : adc.obj (.text:_ADC_enable)
                  003f7a4e    0000000a                   : adc.obj (.text:_ADC_enableBandGap)
                  003f7a58    0000000a                   : adc.obj (.text:_ADC_enableRefBuffers)
                  003f7a62    0000000a                   : adc.obj (.text:_ADC_init)
                  003f7a6c    0000000a                   : adc.obj (.text:_ADC_powerUp)
                  003f7a76    0000000a                   : pie.obj (.text:_PIE_init)
                  003f7a80    00000009                   : clk.obj (.text:_CLK_enablePwmClock)
                  003f7a89    00000009                   : pwm.obj (.text:_PWM_setActionQual_CntDown_CmpA_PwmA)
                  003f7a92    00000009                   : pwm.obj (.text:_PWM_setActionQual_CntDown_CmpA_PwmB)
                  003f7a9b    00000009                   : pwm.obj (.text:_PWM_setActionQual_CntUp_CmpA_PwmA)
                  003f7aa4    00000009                   : pwm.obj (.text:_PWM_setActionQual_CntUp_CmpA_PwmB)
                  003f7aad    00000009                   : pwm.obj (.text:_PWM_setSocAPeriod)
                  003f7ab6    00000009                   : pwm.obj (.text:_PWM_setSocAPulseSrc)
                  003f7abf    00000009     rts2800_ml.lib : _lock.c.obj (.text)
                  003f7ac8    00000008     driverlib.lib : clk.obj (.text:_CLK_init)
                  003f7ad0    00000008                   : flash.obj (.text:_FLASH_init)
                  003f7ad8    00000008                   : gpio.obj (.text:_GPIO_init)
                  003f7ae0    00000008                   : pll.obj (.text:_PLL_init)
                  003f7ae8    00000008                   : pwm.obj (.text:_PWM_init)
                  003f7af0    00000008                   : timer.obj (.text:_TIMER_init)
                  003f7af8    00000008                   : wdog.obj (.text:_WDOG_disable)
                  003f7b00    00000008                   : wdog.obj (.text:_WDOG_init)
                  003f7b08    00000008                   : f2802xx_codestartbranch.obj (.text)
                  003f7b10    00000007                   : clk.obj (.text:_CLK_disableTbClockSync)
                  003f7b17    00000007                   : clk.obj (.text:_CLK_enableAdcClock)
                  003f7b1e    00000007                   : clk.obj (.text:_CLK_enableTbClockSync)
                  003f7b25    00000007                   : clk.obj (.text:_CLK_setClkOutPreScaler)
                  003f7b2c    00000007                   : clk.obj (.text:_CLK_setOscSrc)
                  003f7b33    00000007                   : pll.obj (.text:_PLL_setDivider)
                  003f7b3a    00000007                   : pwm.obj (.text:_PWM_setDeadBandInputMode)
                  003f7b41    00000007                   : pwm.obj (.text:_PWM_setDeadBandOutputMode)
                  003f7b48    00000007                   : pwm.obj (.text:_PWM_setDeadBandPolarity)
                  003f7b4f    00000006                   : clk.obj (.text:_CLK_enableCpuTimerClock)
                  003f7b55    00000006                   : clk.obj (.text:_CLK_setLowSpdPreScaler)
                  003f7b5b    00000006                   : pll.obj (.text:_PLL_setMultiplier)
                  003f7b61    00000006                   : timer.obj (.text:_TIMER_setEmulationMode)
                  003f7b67    00000005                   : f2802xx_defaultisr.obj (.text:_ADCINT1_ISR)
                  003f7b6c    00000005                   : f2802xx_defaultisr.obj (.text:_ADCINT2_ISR)
                  003f7b71    00000005                   : f2802xx_defaultisr.obj (.text:_ADCINT3_ISR)
                  003f7b76    00000005                   : f2802xx_defaultisr.obj (.text:_ADCINT4_ISR)
                  003f7b7b    00000005                   : f2802xx_defaultisr.obj (.text:_ADCINT5_ISR)
                  003f7b80    00000005                   : f2802xx_defaultisr.obj (.text:_ADCINT6_ISR)
                  003f7b85    00000005                   : f2802xx_defaultisr.obj (.text:_ADCINT7_ISR)
                  003f7b8a    00000005                   : f2802xx_defaultisr.obj (.text:_ADCINT8_ISR)
                  003f7b8f    00000005                   : f2802xx_defaultisr.obj (.text:_ADCINT9_ISR)
                  003f7b94    00000005                   : f2802xx_defaultisr.obj (.text:_DATALOG_ISR)
                  003f7b99    00000005                   : f2802xx_defaultisr.obj (.text:_ECAP1_INT_ISR)
                  003f7b9e    00000005                   : f2802xx_defaultisr.obj (.text:_EMPTY_ISR)
                  003f7ba3    00000005                   : f2802xx_defaultisr.obj (.text:_EMUINT_ISR)
                  003f7ba8    00000005                   : f2802xx_defaultisr.obj (.text:_EPWM1_INT_ISR)
                  003f7bad    00000005                   : f2802xx_defaultisr.obj (.text:_EPWM1_TZINT_ISR)
                  003f7bb2    00000005                   : f2802xx_defaultisr.obj (.text:_EPWM2_INT_ISR)
                  003f7bb7    00000005                   : f2802xx_defaultisr.obj (.text:_EPWM2_TZINT_ISR)
                  003f7bbc    00000005                   : f2802xx_defaultisr.obj (.text:_EPWM3_INT_ISR)
                  003f7bc1    00000005                   : f2802xx_defaultisr.obj (.text:_EPWM3_TZINT_ISR)
                  003f7bc6    00000005                   : f2802xx_defaultisr.obj (.text:_EPWM4_INT_ISR)
                  003f7bcb    00000005                   : f2802xx_defaultisr.obj (.text:_EPWM4_TZINT_ISR)
                  003f7bd0    00000005                   : f2802xx_defaultisr.obj (.text:_I2CINT1A_ISR)
                  003f7bd5    00000005                   : f2802xx_defaultisr.obj (.text:_I2CINT2A_ISR)
                  003f7bda    00000005                   : f2802xx_defaultisr.obj (.text:_ILLEGAL_ISR)
                  003f7bdf    00000005                   : f2802xx_defaultisr.obj (.text:_INT13_ISR)
                  003f7be4    00000005                   : f2802xx_defaultisr.obj (.text:_INT14_ISR)
                  003f7be9    00000005                   : f2802xx_defaultisr.obj (.text:_NMI_ISR)
                  003f7bee    00000005                   : f2802xx_defaultisr.obj (.text:_PIE_RESERVED)
                  003f7bf3    00000005                   : pie.obj (.text:_PIE_illegalIsr)
                  003f7bf8    00000005                   : f2802xx_defaultisr.obj (.text:_RTOSINT_ISR)
                  003f7bfd    00000005                   : f2802xx_defaultisr.obj (.text:_SCIRXINTA_ISR)
                  003f7c02    00000005                   : f2802xx_defaultisr.obj (.text:_SCITXINTA_ISR)
                  003f7c07    00000005                   : f2802xx_defaultisr.obj (.text:_SPIRXINTA_ISR)
                  003f7c0c    00000005                   : f2802xx_defaultisr.obj (.text:_SPITXINTA_ISR)
                  003f7c11    00000005                   : f2802xx_defaultisr.obj (.text:_TINT0_ISR)
                  003f7c16    00000005                   : f2802xx_defaultisr.obj (.text:_USER10_ISR)
                  003f7c1b    00000005                   : f2802xx_defaultisr.obj (.text:_USER11_ISR)
                  003f7c20    00000005                   : f2802xx_defaultisr.obj (.text:_USER12_ISR)
                  003f7c25    00000005                   : f2802xx_defaultisr.obj (.text:_USER1_ISR)
                  003f7c2a    00000005                   : f2802xx_defaultisr.obj (.text:_USER2_ISR)
                  003f7c2f    00000005                   : f2802xx_defaultisr.obj (.text:_USER3_ISR)
                  003f7c34    00000005                   : f2802xx_defaultisr.obj (.text:_USER4_ISR)
                  003f7c39    00000005                   : f2802xx_defaultisr.obj (.text:_USER5_ISR)
                  003f7c3e    00000005                   : f2802xx_defaultisr.obj (.text:_USER6_ISR)
                  003f7c43    00000005                   : f2802xx_defaultisr.obj (.text:_USER7_ISR)
                  003f7c48    00000005                   : f2802xx_defaultisr.obj (.text:_USER8_ISR)
                  003f7c4d    00000005                   : f2802xx_defaultisr.obj (.text:_USER9_ISR)
                  003f7c52    00000005                   : f2802xx_defaultisr.obj (.text:_WAKEINT_ISR)
                  003f7c57    00000005                   : f2802xx_defaultisr.obj (.text:_XINT1_ISR)
                  003f7c5c    00000005                   : f2802xx_defaultisr.obj (.text:_XINT2_ISR)
                  003f7c61    00000005                   : f2802xx_defaultisr.obj (.text:_XINT3_ISR)
                  003f7c66    00000005                   : f2802xx_defaultisr.obj (.text:_rsvd_ISR)
                  003f7c6b    00000005     rts2800_ml.lib : fs_neg28.asm.obj (.text)
                  003f7c70    00000004     driverlib.lib : cpu.obj (.text:_CPU_enableInt)
                  003f7c74    00000004                   : cpu.obj (.text:_CPU_init)
                  003f7c78    00000004                   : pwm.obj (.text:_PWM_enableSocAPulse)
                  003f7c7c    00000004                   : pwm.obj (.text:_PWM_setClkDiv)
                  003f7c80    00000004                   : pwm.obj (.text:_PWM_setCounterMode)
                  003f7c84    00000004                   : pwm.obj (.text:_PWM_setHighSpeedClkDiv)
                  003f7c88    00000003                   : cpu.obj (.text:_CPU_clearIntFlags)
                  003f7c8b    00000003                   : cpu.obj (.text:_CPU_disableGlobalInts)
                  003f7c8e    00000003                   : cpu.obj (.text:_CPU_enableDebugInt)
                  003f7c91    00000003                   : cpu.obj (.text:_CPU_enableGlobalInts)
                  003f7c94    00000003                   : pie.obj (.text:_PIE_disable)
                  003f7c97    00000003                   : pie.obj (.text:_PIE_enable)
                  003f7c9a    00000003                   : pie.obj (.text:_PIE_enableTimer0Int)
                  003f7c9d    00000003                   : pll.obj (.text:_PLL_getClkStatus)
                  003f7ca0    00000003                   : pll.obj (.text:_PLL_getLockStatus)
                  003f7ca3    00000003                   : pwm.obj (.text:_PWM_disableCounterLoad)
                  003f7ca6    00000003                   : pwm.obj (.text:_PWM_setDeadBandFallingEdgeDelay)
                  003f7ca9    00000003                   : pwm.obj (.text:_PWM_setDeadBandRisingEdgeDelay)
                  003f7cac    00000003                   : timer.obj (.text:_TIMER_enableInt)
                  003f7caf    00000003                   : timer.obj (.text:_TIMER_reload)
                  003f7cb2    00000003                   : timer.obj (.text:_TIMER_start)
                  003f7cb5    00000003                   : timer.obj (.text:_TIMER_stop)
                  003f7cb8    00000002                   : pwm.obj (.text:_PWM_setCount)
                  003f7cba    00000002                   : pwm.obj (.text:_PWM_setPeriod)
                  003f7cbc    00000002                   : pwm.obj (.text:_PWM_setPhase)
                  003f7cbe    00000002                   : timer.obj (.text:_TIMER_setPeriod)
                  003f7cc0    00000002     rts2800_ml.lib : pre_init.c.obj (.text)
                  003f7cc2    00000001                    : startup.c.obj (.text)

.ebss      1    00000600    0000008b     UNINITIALIZED
                  00000600    00000080     main.obj (.ebss)
                  00000680    00000006     rts2800_ml.lib : exit.c.obj (.ebss)
                  00000686    00000002                    : _lock.c.obj (.ebss:__lock)
                  00000688    00000002                    : _lock.c.obj (.ebss:__unlock)
                  0000068a    00000001     driverlib.lib : cpu.obj (.ebss)

MODULE SUMMARY

       Module                        code   initialized data   uninitialized data
       ------                        ----   ----------------   ------------------
    .\
       main.obj                      1052   73                 128               
       mppt.obj                      267    0                  0                 
       sensors.obj                   172    0                  0                 
    +--+-----------------------------+------+------------------+--------------------+
       Total:                        1491   73                 128               
                                                                                 
    C:/ti/C2000Ware_1_00_04_00_Software/device_support/f2802x/common/ccs/Debug/driverlib.lib
       pie.obj                       104    256                0                 
       f2802xx_defaultisr.obj        255    0                  0                 
       adc.obj                       229    0                  0                 
       gpio.obj                      222    0                  0                 
       pwm.obj                       114    0                  0                 
       clk.obj                       64     0                  0                 
       pll.obj                       48     0                  0                 
       timer.obj                     47     0                  0                 
       cpu.obj                       20     0                  1                 
       wdog.obj                      16     0                  0                 
       f2802xx_codestartbranch.obj   10     0                  0                 
       flash.obj                     8      0                  0                 
    +--+-----------------------------+------+------------------+--------------------+
       Total:                        1137   256                1                 
                                                                                 
    C:/ti/ccsv8/tools/compiler/ti-cgt-c2000_18.1.1.LTS/lib/rts2800_ml.lib
       fs_div28.asm.obj              131    0                  0                 
       fs_add28.asm.obj              120    0                  0                 
       fs_mpy28.asm.obj              90     0                  0                 
       boot28.asm.obj                84     0                  0                 
       exit.c.obj                    41     14                 6                 
       cpy_tbl.c.obj                 36     0                  0                 
       fs_tou28.asm.obj              29     0                  0                 
       memcpy.c.obj                  29     0                  0                 
       args_main.c.obj               25     0                  0                 
       _lock.c.obj                   9      10                 4                 
       fs_cmp28.asm.obj              23     0                  0                 
       u_tofs28.asm.obj              16     0                  0                 
       fs_neg28.asm.obj              5      0                  0                 
       pre_init.c.obj                2      0                  0                 
       startup.c.obj                 1      0                  0                 
    +--+-----------------------------+------+------------------+--------------------+
       Total:                        641    24                 10                
                                                                                 
       Stack:                        0      0                  512               
    +--+-----------------------------+------+------------------+--------------------+
       Grand Total:                  3269   353                651               


GLOBAL DATA SYMBOLS: SORTED BY DATA PAGE

address     data page           name
--------    ----------------    ----
00000400      10 (00000400)     __stack

00000600      18 (00000600)     _track
00000601      18 (00000600)     _sample_count
00000602      18 (00000600)     _duty
00000604      18 (00000600)     _power_sum
00000606      18 (00000600)     _current_prev
00000608      18 (00000600)     _voltage_prev
0000060a      18 (00000600)     _voltage
0000060c      18 (00000600)     _current
0000060e      18 (00000600)     _power_max
00000610      18 (00000600)     _power
00000612      18 (00000600)     _myPll
00000614      18 (00000600)     _myCpu
00000616      18 (00000600)     _myWDog
00000618      18 (00000600)     _myAdc
0000061a      18 (00000600)     _duty_constant
0000061c      18 (00000600)     _myFlash
0000061e      18 (00000600)     _myClk
00000620      18 (00000600)     _duty_prev
00000622      18 (00000600)     _power_prev
00000624      18 (00000600)     _delta_v
00000626      18 (00000600)     _delta_i
00000628      18 (00000600)     _myTimer
0000062a      18 (00000600)     _myPwm
0000062c      18 (00000600)     _myTimer1
0000062e      18 (00000600)     _myGpio
00000630      18 (00000600)     _myPie

00000640      19 (00000640)     _voltage_in
00000660      19 (00000640)     _current_in

00000680      1a (00000680)     ___TI_enable_exit_profile_output
00000682      1a (00000680)     ___TI_cleanup_ptr
00000684      1a (00000680)     ___TI_dtors_ptr
00000686      1a (00000680)     __lock
00000688      1a (00000680)     __unlock
0000068a      1a (00000680)     _cpu

003f7cc4    fdf3 (003f7cc0)     _PIE_tableDebugInit


GLOBAL SYMBOLS: SORTED ALPHABETICALLY BY Name 

page  address   name                                
----  -------   ----                                
abs   ffffffff  .text                               
0     003f7816  C$$EXIT                             
0     003f765b  FS$$ADD                             
0     003f7911  FS$$CMP                             
0     003f75d3  FS$$DIV                             
0     003f76ce  FS$$MPY                             
0     003f7c6b  FS$$NEG                             
0     003f7656  FS$$SUB                             
0     003f78a7  FS$$TOU                             
0     003f7a1a  U$$TOFS                             
0     003f7b67  _ADCINT1_ISR                        
0     003f7b6c  _ADCINT2_ISR                        
0     003f7b71  _ADCINT3_ISR                        
0     003f7b76  _ADCINT4_ISR                        
0     003f7b7b  _ADCINT5_ISR                        
0     003f7b80  _ADCINT6_ISR                        
0     003f7b85  _ADCINT7_ISR                        
0     003f7b8a  _ADCINT8_ISR                        
0     003f7b8f  _ADCINT9_ISR                        
0     003f7a44  _ADC_enable                         
0     003f7a4e  _ADC_enableBandGap                  
0     003f78fa  _ADC_enableInt                      
0     003f7a58  _ADC_enableRefBuffers               
0     003f7a62  _ADC_init                           
0     003f7a6c  _ADC_powerUp                        
0     003f7863  _ADC_setIntMode                     
0     003f79d6  _ADC_setIntPulseGenMode             
0     003f7885  _ADC_setIntSrc                      
0     003f79a0  _ADC_setSocChanNumber               
0     003f79b2  _ADC_setSocSampleWindow             
0     003f79c4  _ADC_setSocTrigSrc                  
0     003f79e7  _ADC_setVoltRefSrc                  
0     003f7b10  _CLK_disableTbClockSync             
0     003f7b17  _CLK_enableAdcClock                 
0     003f7b4f  _CLK_enableCpuTimerClock            
0     003f7a80  _CLK_enablePwmClock                 
0     003f7b1e  _CLK_enableTbClockSync              
0     003f7ac8  _CLK_init                           
0     003f7b25  _CLK_setClkOutPreScaler             
0     003f7b55  _CLK_setLowSpdPreScaler             
0     003f7b2c  _CLK_setOscSrc                      
0     003f7c88  _CPU_clearIntFlags                  
0     003f7c8b  _CPU_disableGlobalInts              
0     003f7c8e  _CPU_enableDebugInt                 
0     003f7c91  _CPU_enableGlobalInts               
0     003f7c70  _CPU_enableInt                      
0     003f7c74  _CPU_init                           
0     003f7b94  _DATALOG_ISR                        
0     003f7b99  _ECAP1_INT_ISR                      
0     003f7b9e  _EMPTY_ISR                          
0     003f7ba3  _EMUINT_ISR                         
0     003f7ba8  _EPWM1_INT_ISR                      
0     003f7bad  _EPWM1_TZINT_ISR                    
0     003f7bb2  _EPWM2_INT_ISR                      
0     003f7bb7  _EPWM2_TZINT_ISR                    
0     003f7bbc  _EPWM3_INT_ISR                      
0     003f7bc1  _EPWM3_TZINT_ISR                    
0     003f7bc6  _EPWM4_INT_ISR                      
0     003f7bcb  _EPWM4_TZINT_ISR                    
0     003f7ad0  _FLASH_init                         
0     003f7ad8  _GPIO_init                          
0     003f77c4  _GPIO_setDirection                  
0     003f793d  _GPIO_setHigh                       
0     003f7951  _GPIO_setLow                        
0     003f777c  _GPIO_setMode                       
0     003f77ed  _GPIO_setPullUp                     
0     003f7965  _GPIO_toggle                        
0     003f7bd0  _I2CINT1A_ISR                       
0     003f7bd5  _I2CINT2A_ISR                       
0     003f7bda  _ILLEGAL_ISR                        
0     003f7bdf  _INT13_ISR                          
0     003f7be4  _INT14_ISR                          
0     003f7204  _InitAdc                            
0     003f7136  _InitEGpio                          
0     003f70a9  _InitEPwm                           
0     003f7267  _InitInterrupts                     
0     003f71bf  _InitSys                            
0     003f72cd  _InitTimer                          
0     003f7be9  _NMI_ISR                            
0     003f7bee  _PIE_RESERVED                       
0     003f7c94  _PIE_disable                        
0     003f79f8  _PIE_disableAllInts                 
0     003f7c97  _PIE_enable                         
0     003f7979  _PIE_enableAdcInt                   
0     003f7c9a  _PIE_enableTimer0Int                
0     003f7bf3  _PIE_illegalIsr                     
0     003f7a76  _PIE_init                           
0     003f7a2a  _PIE_registerPieIntHandler          
0     003f7a39  _PIE_registerSystemIntHandler       
0     003f7a09  _PIE_setDebugIntVectorTable         
0     003f7cc4  _PIE_tableDebugInit                 
0     003f7c9d  _PLL_getClkStatus                   
0     003f7ca0  _PLL_getLockStatus                  
0     003f7ae0  _PLL_init                           
0     003f7b33  _PLL_setDivider                     
0     003f7b5b  _PLL_setMultiplier                  
0     003f7928  _PLL_setup                          
0     003f7ca3  _PWM_disableCounterLoad             
0     003f7c78  _PWM_enableSocAPulse                
0     003f7ae8  _PWM_init                           
0     003f7a89  _PWM_setActionQual_CntDown_CmpA_PwmA
0     003f7a92  _PWM_setActionQual_CntDown_CmpA_PwmB
0     003f7a9b  _PWM_setActionQual_CntUp_CmpA_PwmA  
0     003f7aa4  _PWM_setActionQual_CntUp_CmpA_PwmB  
0     003f7c7c  _PWM_setClkDiv                      
0     003f7cb8  _PWM_setCount                       
0     003f7c80  _PWM_setCounterMode                 
0     003f7ca6  _PWM_setDeadBandFallingEdgeDelay    
0     003f7b3a  _PWM_setDeadBandInputMode           
0     003f7b41  _PWM_setDeadBandOutputMode          
0     003f7b48  _PWM_setDeadBandPolarity            
0     003f7ca9  _PWM_setDeadBandRisingEdgeDelay     
0     003f7c84  _PWM_setHighSpeedClkDiv             
0     003f7cba  _PWM_setPeriod                      
0     003f7cbc  _PWM_setPhase                       
0     003f7aad  _PWM_setSocAPeriod                  
0     003f7ab6  _PWM_setSocAPulseSrc                
0     003f7bf8  _RTOSINT_ISR                        
abs   00000000  _RamfuncsLoadSize                   
0     00000050  _RamfuncsLoadStart                  
0     00000050  _RamfuncsRunStart                   
0     003f7bfd  _SCIRXINTA_ISR                      
0     003f7c02  _SCITXINTA_ISR                      
0     003f7c07  _SPIRXINTA_ISR                      
0     003f7c0c  _SPITXINTA_ISR                      
0     003f7cac  _TIMER_enableInt                    
0     003f7af0  _TIMER_init                         
0     003f7caf  _TIMER_reload                       
0     003f7b61  _TIMER_setEmulationMode             
0     003f7cbe  _TIMER_setPeriod                    
0     003f798d  _TIMER_setPreScaler                 
0     003f7cb2  _TIMER_start                        
0     003f7cb5  _TIMER_stop                         
0     003f7c11  _TINT0_ISR                          
0     003f7c16  _USER10_ISR                         
0     003f7c1b  _USER11_ISR                         
0     003f7c20  _USER12_ISR                         
0     003f7c25  _USER1_ISR                          
0     003f7c2a  _USER2_ISR                          
0     003f7c2f  _USER3_ISR                          
0     003f7c34  _USER4_ISR                          
0     003f7c39  _USER5_ISR                          
0     003f7c3e  _USER6_ISR                          
0     003f7c43  _USER7_ISR                          
0     003f7c48  _USER8_ISR                          
0     003f7c4d  _USER9_ISR                          
0     003f7c52  _WAKEINT_ISR                        
0     003f7af8  _WDOG_disable                       
0     003f7b00  _WDOG_init                          
0     003f7c57  _XINT1_ISR                          
0     003f7c5c  _XINT2_ISR                          
0     003f7c61  _XINT3_ISR                          
1     00000600  __STACK_END                         
abs   00000200  __STACK_SIZE                        
1     00000682  ___TI_cleanup_ptr                   
1     00000684  ___TI_dtors_ptr                     
1     00000680  ___TI_enable_exit_profile_output    
abs   ffffffff  ___TI_pprof_out_hndl                
abs   ffffffff  ___TI_prof_data_size                
abs   ffffffff  ___TI_prof_data_start               
abs   ffffffff  ___binit__                          
abs   ffffffff  ___c_args__                         
0     003f7dc4  ___cinit__                          
abs   ffffffff  ___etext__                          
abs   ffffffff  ___pinit__                          
abs   ffffffff  ___text__                           
0     003f78e1  __args_main                         
1     00000686  __lock                              
0     003f7ac7  __nop                               
0     003f7ac3  __register_lock                     
0     003f7abf  __register_unlock                   
1     00000400  __stack                             
0     003f7cc2  __system_post_cinit                 
0     003f7cc0  __system_pre_init                   
1     00000688  __unlock                            
0     003f7816  _abort                              
0     003f74f5  _adc_isr                            
0     003f7728  _c_int00                            
0     003f75a0  _convertDuty                        
0     003f783f  _copy_in                            
1     0000068a  _cpu                                
0     003f7487  _cpu_timer0_isr                     
0     003f7465  _cpu_timer1_isr                     
1     0000060c  _current                            
1     00000660  _current_in                         
1     00000606  _current_prev                       
1     00000626  _delta_i                            
1     00000624  _delta_v                            
1     00000602  _duty                               
1     0000061a  _duty_constant                      
1     00000620  _duty_prev                          
0     003f7818  _exit                               
0     003f755f  _getCurrent                         
0     003f7527  _getVoltage                         
0     003f73b5  _incrementalConductance             
0     003f7031  _main                               
0     003f78c4  _memcpy                             
1     00000618  _myAdc                              
1     0000061e  _myClk                              
1     00000614  _myCpu                              
1     0000061c  _myFlash                            
1     0000062e  _myGpio                             
1     00000630  _myPie                              
1     00000612  _myPll                              
1     0000062a  _myPwm                              
1     00000628  _myTimer                            
1     0000062c  _myTimer1                           
1     00000616  _myWDog                             
0     003f735a  _perturbAndObserve                  
1     00000610  _power                              
1     0000060e  _power_max                          
1     00000622  _power_prev                         
1     00000604  _power_sum                          
0     003f7c66  _rsvd_ISR                           
1     00000601  _sample_count                       
0     003f7320  _setDutyCycle                       
1     00000600  _track                              
1     0000060a  _voltage                            
1     00000640  _voltage_in                         
1     00000608  _voltage_prev                       
abs   ffffffff  binit                               
0     003f7dc4  cinit                               
0     003f7ff6  code_start                          
abs   ffffffff  etext                               
abs   ffffffff  pinit                               


GLOBAL SYMBOLS: SORTED BY Symbol Address 

page  address   name                                
----  -------   ----                                
0     00000050  _RamfuncsLoadStart                  
0     00000050  _RamfuncsRunStart                   
0     003f7031  _main                               
0     003f70a9  _InitEPwm                           
0     003f7136  _InitEGpio                          
0     003f71bf  _InitSys                            
0     003f7204  _InitAdc                            
0     003f7267  _InitInterrupts                     
0     003f72cd  _InitTimer                          
0     003f7320  _setDutyCycle                       
0     003f735a  _perturbAndObserve                  
0     003f73b5  _incrementalConductance             
0     003f7465  _cpu_timer1_isr                     
0     003f7487  _cpu_timer0_isr                     
0     003f74f5  _adc_isr                            
0     003f7527  _getVoltage                         
0     003f755f  _getCurrent                         
0     003f75a0  _convertDuty                        
0     003f75d3  FS$$DIV                             
0     003f7656  FS$$SUB                             
0     003f765b  FS$$ADD                             
0     003f76ce  FS$$MPY                             
0     003f7728  _c_int00                            
0     003f777c  _GPIO_setMode                       
0     003f77c4  _GPIO_setDirection                  
0     003f77ed  _GPIO_setPullUp                     
0     003f7816  C$$EXIT                             
0     003f7816  _abort                              
0     003f7818  _exit                               
0     003f783f  _copy_in                            
0     003f7863  _ADC_setIntMode                     
0     003f7885  _ADC_setIntSrc                      
0     003f78a7  FS$$TOU                             
0     003f78c4  _memcpy                             
0     003f78e1  __args_main                         
0     003f78fa  _ADC_enableInt                      
0     003f7911  FS$$CMP                             
0     003f7928  _PLL_setup                          
0     003f793d  _GPIO_setHigh                       
0     003f7951  _GPIO_setLow                        
0     003f7965  _GPIO_toggle                        
0     003f7979  _PIE_enableAdcInt                   
0     003f798d  _TIMER_setPreScaler                 
0     003f79a0  _ADC_setSocChanNumber               
0     003f79b2  _ADC_setSocSampleWindow             
0     003f79c4  _ADC_setSocTrigSrc                  
0     003f79d6  _ADC_setIntPulseGenMode             
0     003f79e7  _ADC_setVoltRefSrc                  
0     003f79f8  _PIE_disableAllInts                 
0     003f7a09  _PIE_setDebugIntVectorTable         
0     003f7a1a  U$$TOFS                             
0     003f7a2a  _PIE_registerPieIntHandler          
0     003f7a39  _PIE_registerSystemIntHandler       
0     003f7a44  _ADC_enable                         
0     003f7a4e  _ADC_enableBandGap                  
0     003f7a58  _ADC_enableRefBuffers               
0     003f7a62  _ADC_init                           
0     003f7a6c  _ADC_powerUp                        
0     003f7a76  _PIE_init                           
0     003f7a80  _CLK_enablePwmClock                 
0     003f7a89  _PWM_setActionQual_CntDown_CmpA_PwmA
0     003f7a92  _PWM_setActionQual_CntDown_CmpA_PwmB
0     003f7a9b  _PWM_setActionQual_CntUp_CmpA_PwmA  
0     003f7aa4  _PWM_setActionQual_CntUp_CmpA_PwmB  
0     003f7aad  _PWM_setSocAPeriod                  
0     003f7ab6  _PWM_setSocAPulseSrc                
0     003f7abf  __register_unlock                   
0     003f7ac3  __register_lock                     
0     003f7ac7  __nop                               
0     003f7ac8  _CLK_init                           
0     003f7ad0  _FLASH_init                         
0     003f7ad8  _GPIO_init                          
0     003f7ae0  _PLL_init                           
0     003f7ae8  _PWM_init                           
0     003f7af0  _TIMER_init                         
0     003f7af8  _WDOG_disable                       
0     003f7b00  _WDOG_init                          
0     003f7b10  _CLK_disableTbClockSync             
0     003f7b17  _CLK_enableAdcClock                 
0     003f7b1e  _CLK_enableTbClockSync              
0     003f7b25  _CLK_setClkOutPreScaler             
0     003f7b2c  _CLK_setOscSrc                      
0     003f7b33  _PLL_setDivider                     
0     003f7b3a  _PWM_setDeadBandInputMode           
0     003f7b41  _PWM_setDeadBandOutputMode          
0     003f7b48  _PWM_setDeadBandPolarity            
0     003f7b4f  _CLK_enableCpuTimerClock            
0     003f7b55  _CLK_setLowSpdPreScaler             
0     003f7b5b  _PLL_setMultiplier                  
0     003f7b61  _TIMER_setEmulationMode             
0     003f7b67  _ADCINT1_ISR                        
0     003f7b6c  _ADCINT2_ISR                        
0     003f7b71  _ADCINT3_ISR                        
0     003f7b76  _ADCINT4_ISR                        
0     003f7b7b  _ADCINT5_ISR                        
0     003f7b80  _ADCINT6_ISR                        
0     003f7b85  _ADCINT7_ISR                        
0     003f7b8a  _ADCINT8_ISR                        
0     003f7b8f  _ADCINT9_ISR                        
0     003f7b94  _DATALOG_ISR                        
0     003f7b99  _ECAP1_INT_ISR                      
0     003f7b9e  _EMPTY_ISR                          
0     003f7ba3  _EMUINT_ISR                         
0     003f7ba8  _EPWM1_INT_ISR                      
0     003f7bad  _EPWM1_TZINT_ISR                    
0     003f7bb2  _EPWM2_INT_ISR                      
0     003f7bb7  _EPWM2_TZINT_ISR                    
0     003f7bbc  _EPWM3_INT_ISR                      
0     003f7bc1  _EPWM3_TZINT_ISR                    
0     003f7bc6  _EPWM4_INT_ISR                      
0     003f7bcb  _EPWM4_TZINT_ISR                    
0     003f7bd0  _I2CINT1A_ISR                       
0     003f7bd5  _I2CINT2A_ISR                       
0     003f7bda  _ILLEGAL_ISR                        
0     003f7bdf  _INT13_ISR                          
0     003f7be4  _INT14_ISR                          
0     003f7be9  _NMI_ISR                            
0     003f7bee  _PIE_RESERVED                       
0     003f7bf3  _PIE_illegalIsr                     
0     003f7bf8  _RTOSINT_ISR                        
0     003f7bfd  _SCIRXINTA_ISR                      
0     003f7c02  _SCITXINTA_ISR                      
0     003f7c07  _SPIRXINTA_ISR                      
0     003f7c0c  _SPITXINTA_ISR                      
0     003f7c11  _TINT0_ISR                          
0     003f7c16  _USER10_ISR                         
0     003f7c1b  _USER11_ISR                         
0     003f7c20  _USER12_ISR                         
0     003f7c25  _USER1_ISR                          
0     003f7c2a  _USER2_ISR                          
0     003f7c2f  _USER3_ISR                          
0     003f7c34  _USER4_ISR                          
0     003f7c39  _USER5_ISR                          
0     003f7c3e  _USER6_ISR                          
0     003f7c43  _USER7_ISR                          
0     003f7c48  _USER8_ISR                          
0     003f7c4d  _USER9_ISR                          
0     003f7c52  _WAKEINT_ISR                        
0     003f7c57  _XINT1_ISR                          
0     003f7c5c  _XINT2_ISR                          
0     003f7c61  _XINT3_ISR                          
0     003f7c66  _rsvd_ISR                           
0     003f7c6b  FS$$NEG                             
0     003f7c70  _CPU_enableInt                      
0     003f7c74  _CPU_init                           
0     003f7c78  _PWM_enableSocAPulse                
0     003f7c7c  _PWM_setClkDiv                      
0     003f7c80  _PWM_setCounterMode                 
0     003f7c84  _PWM_setHighSpeedClkDiv             
0     003f7c88  _CPU_clearIntFlags                  
0     003f7c8b  _CPU_disableGlobalInts              
0     003f7c8e  _CPU_enableDebugInt                 
0     003f7c91  _CPU_enableGlobalInts               
0     003f7c94  _PIE_disable                        
0     003f7c97  _PIE_enable                         
0     003f7c9a  _PIE_enableTimer0Int                
0     003f7c9d  _PLL_getClkStatus                   
0     003f7ca0  _PLL_getLockStatus                  
0     003f7ca3  _PWM_disableCounterLoad             
0     003f7ca6  _PWM_setDeadBandFallingEdgeDelay    
0     003f7ca9  _PWM_setDeadBandRisingEdgeDelay     
0     003f7cac  _TIMER_enableInt                    
0     003f7caf  _TIMER_reload                       
0     003f7cb2  _TIMER_start                        
0     003f7cb5  _TIMER_stop                         
0     003f7cb8  _PWM_setCount                       
0     003f7cba  _PWM_setPeriod                      
0     003f7cbc  _PWM_setPhase                       
0     003f7cbe  _TIMER_setPeriod                    
0     003f7cc0  __system_pre_init                   
0     003f7cc2  __system_post_cinit                 
0     003f7cc4  _PIE_tableDebugInit                 
0     003f7dc4  ___cinit__                          
0     003f7dc4  cinit                               
0     003f7ff6  code_start                          
1     00000400  __stack                             
1     00000600  __STACK_END                         
1     00000600  _track                              
1     00000601  _sample_count                       
1     00000602  _duty                               
1     00000604  _power_sum                          
1     00000606  _current_prev                       
1     00000608  _voltage_prev                       
1     0000060a  _voltage                            
1     0000060c  _current                            
1     0000060e  _power_max                          
1     00000610  _power                              
1     00000612  _myPll                              
1     00000614  _myCpu                              
1     00000616  _myWDog                             
1     00000618  _myAdc                              
1     0000061a  _duty_constant                      
1     0000061c  _myFlash                            
1     0000061e  _myClk                              
1     00000620  _duty_prev                          
1     00000622  _power_prev                         
1     00000624  _delta_v                            
1     00000626  _delta_i                            
1     00000628  _myTimer                            
1     0000062a  _myPwm                              
1     0000062c  _myTimer1                           
1     0000062e  _myGpio                             
1     00000630  _myPie                              
1     00000640  _voltage_in                         
1     00000660  _current_in                         
1     00000680  ___TI_enable_exit_profile_output    
1     00000682  ___TI_cleanup_ptr                   
1     00000684  ___TI_dtors_ptr                     
1     00000686  __lock                              
1     00000688  __unlock                            
1     0000068a  _cpu                                
abs   00000000  _RamfuncsLoadSize                   
abs   00000200  __STACK_SIZE                        
abs   ffffffff  .text                               
abs   ffffffff  ___TI_pprof_out_hndl                
abs   ffffffff  ___TI_prof_data_size                
abs   ffffffff  ___TI_prof_data_start               
abs   ffffffff  ___binit__                          
abs   ffffffff  ___c_args__                         
abs   ffffffff  ___etext__                          
abs   ffffffff  ___pinit__                          
abs   ffffffff  ___text__                           
abs   ffffffff  binit                               
abs   ffffffff  etext                               
abs   ffffffff  pinit                               

[225 symbols]
