******************************************************************************
             TMS320C2000 Linker PC v18.1.1                     
******************************************************************************
>> Linked Fri Aug 17 09:33:06 2018

OUTPUT FILE NAME:   <Example_F2802xAdcTempSensor.out>
ENTRY POINT SYMBOL: "code_start"  address: 003f7ff6


MEMORY CONFIGURATION

         name            origin    length      used     unused   attr    fill
----------------------  --------  ---------  --------  --------  ----  --------
PAGE 0:
  RAMM0                 00000050   000003b0  00000000  000003b0  RWIX
  OTP                   003d7800   00000400  00000000  00000400  RWIX
  FLASHB                003f6000   00001000  00000000  00001000  RWIX
  FLASHA                003f7000   00000f80  00000cfe  00000282  RWIX
  CSM_RSVD              003f7f80   00000076  00000000  00000076  RWIX
  BEGIN                 003f7ff6   00000002  00000002  00000000  RWIX
  CSM_PWL_P0            003f7ff8   00000008  00000000  00000008  RWIX
  IQTABLES              003fe000   00000b50  00000000  00000b50  RWIX
  IQTABLES2             003feb50   0000008c  00000000  0000008c  RWIX
  IQTABLES3             003febdc   000000aa  00000000  000000aa  RWIX
  ROM                   003ff27c   00000d44  00000000  00000d44  RWIX
  RESET                 003fffc0   00000002  00000000  00000002  RWIX
  VECTORS               003fffc2   0000003e  00000000  0000003e  RWIX

PAGE 1:
  BOOT_RSVD             00000000   00000050  00000000  00000050  RWIX
  RAMM1                 00000400   00000400  0000028b  00000175  RWIX
  DEV_EMU               00000880   00000105  00000004  00000101  RWIX
  SYS_PWR_CTL           00000985   00000003  00000003  00000000  RWIX
  FLASH_REGS            00000a80   00000060  00000008  00000058  RWIX
  CSM                   00000ae0   00000010  00000010  00000000  RWIX
  ADC_RESULT            00000b00   00000020  00000020  00000000  RWIX
  CPU_TIMER0            00000c00   00000008  00000008  00000000  RWIX
  CPU_TIMER1            00000c08   00000008  00000008  00000000  RWIX
  CPU_TIMER2            00000c10   00000008  00000008  00000000  RWIX
  PIE_CTRL              00000ce0   00000020  0000001a  00000006  RWIX
  PIE_VECT              00000d00   00000100  00000100  00000000  RWIX
  COMP1                 00006400   00000020  00000011  0000000f  RWIX
  COMP2                 00006420   00000020  00000011  0000000f  RWIX
  EPWM1                 00006800   00000040  00000040  00000000  RWIX
  EPWM2                 00006840   00000040  00000040  00000000  RWIX
  EPWM3                 00006880   00000040  00000040  00000000  RWIX
  EPWM4                 000068c0   00000040  00000040  00000000  RWIX
  ECAP1                 00006a00   00000020  00000020  00000000  RWIX
  GPIOCTRL              00006f80   00000040  00000040  00000000  RWIX
  GPIODAT               00006fc0   00000020  00000020  00000000  RWIX
  GPIOINT               00006fe0   00000020  0000000a  00000016  RWIX
  SYSTEM                00007010   00000020  0000001f  00000001  RWIX
  SPIA                  00007040   00000010  00000010  00000000  RWIX
  SCIA                  00007050   00000010  00000010  00000000  RWIX
  NMIINTRUPT            00007060   00000010  00000010  00000000  RWIX
  XINTRUPT              00007070   00000010  00000010  00000000  RWIX
  ADC                   00007100   00000080  00000051  0000002f  RWIX
  I2CA                  00007900   00000040  00000022  0000001e  RWIX
  RAML0                 00008000   00000400  00000000  00000400  RWIX
  PARTID                003d7fff   00000001  00000001  00000000  RWIX
  CSM_PWL               003f7ff8   00000008  00000008  00000000  RWIX


SECTION ALLOCATION MAP

 output                                  attributes/
section   page    origin      length       input sections
--------  ----  ----------  ----------   ----------------
ramfuncs   0    00000050    00000000     UNINITIALIZED

.econst    0    003f7b88    00000102     
                  003f7b88    00000100     driverlib.lib : pie.obj (.econst:_PIE_tableDebugInit)
                  003f7c88    00000002     rts2800_ml.lib : s_ceilf.c.obj (.econst)

.cinit     0    003f7c8a    00000075     
                  003f7c8a    0000005b     main.obj (.cinit)
                  003f7ce5    0000000e     rts2800_ml.lib : exit.c.obj (.cinit)
                  003f7cf3    00000005                    : _lock.c.obj (.cinit:__lock)
                  003f7cf8    00000005                    : _lock.c.obj (.cinit:__unlock)
                  003f7cfd    00000002     --HOLE-- [fill = 0]

codestart 
*          0    003f7ff6    00000002     
                  003f7ff6    00000002     driverlib.lib : f2802xx_codestartbranch.obj (codestart)

DevEmuRegsFile 
*          1    00000880    00000004     UNINITIALIZED
                  00000880    00000004     driverlib.lib : F2802xX_GlobalVariableDefs.obj (DevEmuRegsFile)

SysPwrCtrlRegsFile 
*          1    00000985    00000003     UNINITIALIZED
                  00000985    00000003     driverlib.lib : F2802xX_GlobalVariableDefs.obj (SysPwrCtrlRegsFile)

FlashRegsFile 
*          1    00000a80    00000008     UNINITIALIZED
                  00000a80    00000008     driverlib.lib : F2802xX_GlobalVariableDefs.obj (FlashRegsFile)

CsmRegsFile 
*          1    00000ae0    00000010     UNINITIALIZED
                  00000ae0    00000010     driverlib.lib : F2802xX_GlobalVariableDefs.obj (CsmRegsFile)

AdcResultFile 
*          1    00000b00    00000020     UNINITIALIZED
                  00000b00    00000020     driverlib.lib : F2802xX_GlobalVariableDefs.obj (AdcResultFile)

CpuTimer0RegsFile 
*          1    00000c00    00000008     UNINITIALIZED
                  00000c00    00000008     driverlib.lib : F2802xX_GlobalVariableDefs.obj (CpuTimer0RegsFile)

CpuTimer1RegsFile 
*          1    00000c08    00000008     UNINITIALIZED
                  00000c08    00000008     driverlib.lib : F2802xX_GlobalVariableDefs.obj (CpuTimer1RegsFile)

CpuTimer2RegsFile 
*          1    00000c10    00000008     UNINITIALIZED
                  00000c10    00000008     driverlib.lib : F2802xX_GlobalVariableDefs.obj (CpuTimer2RegsFile)

PieCtrlRegsFile 
*          1    00000ce0    0000001a     UNINITIALIZED
                  00000ce0    0000001a     driverlib.lib : F2802xX_GlobalVariableDefs.obj (PieCtrlRegsFile)

PieVectTableFile 
*          1    00000d00    00000100     UNINITIALIZED
                  00000d00    00000100     driverlib.lib : F2802xX_GlobalVariableDefs.obj (PieVectTableFile)

EmuKeyVar 
*          1    00000d00    00000001     UNINITIALIZED
                  00000d00    00000001     driverlib.lib : F2802xX_GlobalVariableDefs.obj (EmuKeyVar)

EmuBModeVar 
*          1    00000d01    00000001     UNINITIALIZED
                  00000d01    00000001     driverlib.lib : F2802xX_GlobalVariableDefs.obj (EmuBModeVar)

FlashCallbackVar 
*          1    00000d02    00000002     UNINITIALIZED
                  00000d02    00000002     driverlib.lib : F2802xX_GlobalVariableDefs.obj (FlashCallbackVar)

FlashScalingVar 
*          1    00000d04    00000002     UNINITIALIZED
                  00000d04    00000002     driverlib.lib : F2802xX_GlobalVariableDefs.obj (FlashScalingVar)

Comp1RegsFile 
*          1    00006400    00000011     UNINITIALIZED
                  00006400    00000011     driverlib.lib : F2802xX_GlobalVariableDefs.obj (Comp1RegsFile)

Comp2RegsFile 
*          1    00006420    00000011     UNINITIALIZED
                  00006420    00000011     driverlib.lib : F2802xX_GlobalVariableDefs.obj (Comp2RegsFile)

EPwm1RegsFile 
*          1    00006800    00000040     UNINITIALIZED
                  00006800    00000040     driverlib.lib : F2802xX_GlobalVariableDefs.obj (EPwm1RegsFile)

EPwm2RegsFile 
*          1    00006840    00000040     UNINITIALIZED
                  00006840    00000040     driverlib.lib : F2802xX_GlobalVariableDefs.obj (EPwm2RegsFile)

EPwm3RegsFile 
*          1    00006880    00000040     UNINITIALIZED
                  00006880    00000040     driverlib.lib : F2802xX_GlobalVariableDefs.obj (EPwm3RegsFile)

EPwm4RegsFile 
*          1    000068c0    00000040     UNINITIALIZED
                  000068c0    00000040     driverlib.lib : F2802xX_GlobalVariableDefs.obj (EPwm4RegsFile)

ECap1RegsFile 
*          1    00006a00    00000020     UNINITIALIZED
                  00006a00    00000020     driverlib.lib : F2802xX_GlobalVariableDefs.obj (ECap1RegsFile)

GpioCtrlRegsFile 
*          1    00006f80    00000040     UNINITIALIZED
                  00006f80    00000040     driverlib.lib : F2802xX_GlobalVariableDefs.obj (GpioCtrlRegsFile)

GpioDataRegsFile 
*          1    00006fc0    00000020     UNINITIALIZED
                  00006fc0    00000020     driverlib.lib : F2802xX_GlobalVariableDefs.obj (GpioDataRegsFile)

GpioIntRegsFile 
*          1    00006fe0    0000000a     UNINITIALIZED
                  00006fe0    0000000a     driverlib.lib : F2802xX_GlobalVariableDefs.obj (GpioIntRegsFile)

SysCtrlRegsFile 
*          1    00007010    0000001f     UNINITIALIZED
                  00007010    0000001f     driverlib.lib : F2802xX_GlobalVariableDefs.obj (SysCtrlRegsFile)

SpiaRegsFile 
*          1    00007040    00000010     UNINITIALIZED
                  00007040    00000010     driverlib.lib : F2802xX_GlobalVariableDefs.obj (SpiaRegsFile)

SciaRegsFile 
*          1    00007050    00000010     UNINITIALIZED
                  00007050    00000010     driverlib.lib : F2802xX_GlobalVariableDefs.obj (SciaRegsFile)

NmiIntruptRegsFile 
*          1    00007060    00000010     UNINITIALIZED
                  00007060    00000010     driverlib.lib : F2802xX_GlobalVariableDefs.obj (NmiIntruptRegsFile)

XIntruptRegsFile 
*          1    00007070    00000010     UNINITIALIZED
                  00007070    00000010     driverlib.lib : F2802xX_GlobalVariableDefs.obj (XIntruptRegsFile)

AdcRegsFile 
*          1    00007100    00000051     UNINITIALIZED
                  00007100    00000051     driverlib.lib : F2802xX_GlobalVariableDefs.obj (AdcRegsFile)

I2caRegsFile 
*          1    00007900    00000022     UNINITIALIZED
                  00007900    00000022     driverlib.lib : F2802xX_GlobalVariableDefs.obj (I2caRegsFile)

PartIdRegsFile 
*          1    003d7fff    00000001     UNINITIALIZED
                  003d7fff    00000001     driverlib.lib : F2802xX_GlobalVariableDefs.obj (PartIdRegsFile)

CsmPwlFile 
*          1    003f7ff8    00000008     UNINITIALIZED
                  003f7ff8    00000008     driverlib.lib : F2802xX_GlobalVariableDefs.obj (CsmPwlFile)

.pinit     0    003f7000    00000000     UNINITIALIZED

.stack     1    00000400    00000200     UNINITIALIZED
                  00000400    00000200     --HOLE--

.reset     0    003fffc0    00000002     DSECT
                  003fffc0    00000002     rts2800_ml.lib : boot28.asm.obj (.reset)

vectors    0    003fffc2    00000000     DSECT

.text      0    003f7000    00000b87     
                  003f7000    000002a2     main.obj (.text)
                  003f72a2    00000129     mppt.obj (.text)
                  003f73cb    000000ee     main.obj (.text:retain)
                  003f74b9    000000ac     sensors.obj (.text)
                  003f7565    00000083     rts2800_ml.lib : fs_div28.asm.obj (.text)
                  003f75e8    00000078                    : fs_add28.asm.obj (.text)
                  003f7660    00000069                    : s_ceilf.c.obj (.text)
                  003f76c9    0000005a                    : fs_mpy28.asm.obj (.text)
                  003f7723    00000054                    : boot28.asm.obj (.text)
                  003f7777    00000029                    : exit.c.obj (.text)
                  003f77a0    00000024                    : cpy_tbl.c.obj (.text)
                  003f77c4    00000022     driverlib.lib : adc.obj (.text:_ADC_setIntMode)
                  003f77e6    00000022                   : adc.obj (.text:_ADC_setIntSrc)
                  003f7808    0000001d     rts2800_ml.lib : fs_tou28.asm.obj (.text)
                  003f7825    0000001d                    : memcpy.c.obj (.text)
                  003f7842    00000019                    : args_main.c.obj (.text)
                  003f785b    00000017     driverlib.lib : adc.obj (.text:_ADC_enableInt)
                  003f7872    00000017     rts2800_ml.lib : fs_cmp28.asm.obj (.text)
                  003f7889    00000015     driverlib.lib : pll.obj (.text:_PLL_setup)
                  003f789e    00000014                   : gpio.obj (.text:_GPIO_toggle)
                  003f78b2    00000014                   : pie.obj (.text:_PIE_enableAdcInt)
                  003f78c6    00000013                   : timer.obj (.text:_TIMER_setPreScaler)
                  003f78d9    00000012                   : adc.obj (.text:_ADC_setSocChanNumber)
                  003f78eb    00000012                   : adc.obj (.text:_ADC_setSocSampleWindow)
                  003f78fd    00000012                   : adc.obj (.text:_ADC_setSocTrigSrc)
                  003f790f    00000011                   : adc.obj (.text:_ADC_setIntPulseGenMode)
                  003f7920    00000011                   : adc.obj (.text:_ADC_setVoltRefSrc)
                  003f7931    00000011                   : pie.obj (.text:_PIE_disableAllInts)
                  003f7942    00000011                   : pie.obj (.text:_PIE_setDebugIntVectorTable)
                  003f7953    00000010     rts2800_ml.lib : u_tofs28.asm.obj (.text)
                  003f7963    0000000f     driverlib.lib : pie.obj (.text:_PIE_registerPieIntHandler)
                  003f7972    0000000b                   : pie.obj (.text:_PIE_registerSystemIntHandler)
                  003f797d    0000000a                   : adc.obj (.text:_ADC_enable)
                  003f7987    0000000a                   : adc.obj (.text:_ADC_enableBandGap)
                  003f7991    0000000a                   : adc.obj (.text:_ADC_enableRefBuffers)
                  003f799b    0000000a                   : adc.obj (.text:_ADC_init)
                  003f79a5    0000000a                   : adc.obj (.text:_ADC_powerUp)
                  003f79af    0000000a                   : pie.obj (.text:_PIE_init)
                  003f79b9    00000009                   : clk.obj (.text:_CLK_enablePwmClock)
                  003f79c2    00000009                   : pwm.obj (.text:_PWM_setSocAPeriod)
                  003f79cb    00000009                   : pwm.obj (.text:_PWM_setSocAPulseSrc)
                  003f79d4    00000009     rts2800_ml.lib : _lock.c.obj (.text)
                  003f79dd    00000008     driverlib.lib : clk.obj (.text:_CLK_init)
                  003f79e5    00000008                   : flash.obj (.text:_FLASH_init)
                  003f79ed    00000008                   : gpio.obj (.text:_GPIO_init)
                  003f79f5    00000008                   : pll.obj (.text:_PLL_init)
                  003f79fd    00000008                   : pwm.obj (.text:_PWM_init)
                  003f7a05    00000008                   : timer.obj (.text:_TIMER_init)
                  003f7a0d    00000008                   : wdog.obj (.text:_WDOG_disable)
                  003f7a15    00000008                   : wdog.obj (.text:_WDOG_init)
                  003f7a1d    00000008                   : f2802xx_codestartbranch.obj (.text)
                  003f7a25    00000007                   : clk.obj (.text:_CLK_enableAdcClock)
                  003f7a2c    00000007                   : clk.obj (.text:_CLK_setOscSrc)
                  003f7a33    00000007                   : pll.obj (.text:_PLL_setDivider)
                  003f7a3a    00000006                   : pll.obj (.text:_PLL_setMultiplier)
                  003f7a40    00000006                   : timer.obj (.text:_TIMER_setEmulationMode)
                  003f7a46    00000005                   : f2802xx_defaultisr.obj (.text:_ADCINT1_ISR)
                  003f7a4b    00000005                   : f2802xx_defaultisr.obj (.text:_ADCINT2_ISR)
                  003f7a50    00000005                   : f2802xx_defaultisr.obj (.text:_ADCINT3_ISR)
                  003f7a55    00000005                   : f2802xx_defaultisr.obj (.text:_ADCINT4_ISR)
                  003f7a5a    00000005                   : f2802xx_defaultisr.obj (.text:_ADCINT5_ISR)
                  003f7a5f    00000005                   : f2802xx_defaultisr.obj (.text:_ADCINT6_ISR)
                  003f7a64    00000005                   : f2802xx_defaultisr.obj (.text:_ADCINT7_ISR)
                  003f7a69    00000005                   : f2802xx_defaultisr.obj (.text:_ADCINT8_ISR)
                  003f7a6e    00000005                   : f2802xx_defaultisr.obj (.text:_ADCINT9_ISR)
                  003f7a73    00000005                   : f2802xx_defaultisr.obj (.text:_DATALOG_ISR)
                  003f7a78    00000005                   : f2802xx_defaultisr.obj (.text:_ECAP1_INT_ISR)
                  003f7a7d    00000005                   : f2802xx_defaultisr.obj (.text:_EMPTY_ISR)
                  003f7a82    00000005                   : f2802xx_defaultisr.obj (.text:_EMUINT_ISR)
                  003f7a87    00000005                   : f2802xx_defaultisr.obj (.text:_EPWM1_INT_ISR)
                  003f7a8c    00000005                   : f2802xx_defaultisr.obj (.text:_EPWM1_TZINT_ISR)
                  003f7a91    00000005                   : f2802xx_defaultisr.obj (.text:_EPWM2_INT_ISR)
                  003f7a96    00000005                   : f2802xx_defaultisr.obj (.text:_EPWM2_TZINT_ISR)
                  003f7a9b    00000005                   : f2802xx_defaultisr.obj (.text:_EPWM3_INT_ISR)
                  003f7aa0    00000005                   : f2802xx_defaultisr.obj (.text:_EPWM3_TZINT_ISR)
                  003f7aa5    00000005                   : f2802xx_defaultisr.obj (.text:_EPWM4_INT_ISR)
                  003f7aaa    00000005                   : f2802xx_defaultisr.obj (.text:_EPWM4_TZINT_ISR)
                  003f7aaf    00000005                   : f2802xx_defaultisr.obj (.text:_I2CINT1A_ISR)
                  003f7ab4    00000005                   : f2802xx_defaultisr.obj (.text:_I2CINT2A_ISR)
                  003f7ab9    00000005                   : f2802xx_defaultisr.obj (.text:_ILLEGAL_ISR)
                  003f7abe    00000005                   : f2802xx_defaultisr.obj (.text:_INT13_ISR)
                  003f7ac3    00000005                   : f2802xx_defaultisr.obj (.text:_INT14_ISR)
                  003f7ac8    00000005                   : f2802xx_defaultisr.obj (.text:_NMI_ISR)
                  003f7acd    00000005                   : f2802xx_defaultisr.obj (.text:_PIE_RESERVED)
                  003f7ad2    00000005                   : pie.obj (.text:_PIE_illegalIsr)
                  003f7ad7    00000005                   : f2802xx_defaultisr.obj (.text:_RTOSINT_ISR)
                  003f7adc    00000005                   : f2802xx_defaultisr.obj (.text:_SCIRXINTA_ISR)
                  003f7ae1    00000005                   : f2802xx_defaultisr.obj (.text:_SCITXINTA_ISR)
                  003f7ae6    00000005                   : f2802xx_defaultisr.obj (.text:_SPIRXINTA_ISR)
                  003f7aeb    00000005                   : f2802xx_defaultisr.obj (.text:_SPITXINTA_ISR)
                  003f7af0    00000005                   : f2802xx_defaultisr.obj (.text:_TINT0_ISR)
                  003f7af5    00000005                   : f2802xx_defaultisr.obj (.text:_USER10_ISR)
                  003f7afa    00000005                   : f2802xx_defaultisr.obj (.text:_USER11_ISR)
                  003f7aff    00000005                   : f2802xx_defaultisr.obj (.text:_USER12_ISR)
                  003f7b04    00000005                   : f2802xx_defaultisr.obj (.text:_USER1_ISR)
                  003f7b09    00000005                   : f2802xx_defaultisr.obj (.text:_USER2_ISR)
                  003f7b0e    00000005                   : f2802xx_defaultisr.obj (.text:_USER3_ISR)
                  003f7b13    00000005                   : f2802xx_defaultisr.obj (.text:_USER4_ISR)
                  003f7b18    00000005                   : f2802xx_defaultisr.obj (.text:_USER5_ISR)
                  003f7b1d    00000005                   : f2802xx_defaultisr.obj (.text:_USER6_ISR)
                  003f7b22    00000005                   : f2802xx_defaultisr.obj (.text:_USER7_ISR)
                  003f7b27    00000005                   : f2802xx_defaultisr.obj (.text:_USER8_ISR)
                  003f7b2c    00000005                   : f2802xx_defaultisr.obj (.text:_USER9_ISR)
                  003f7b31    00000005                   : f2802xx_defaultisr.obj (.text:_WAKEINT_ISR)
                  003f7b36    00000005                   : f2802xx_defaultisr.obj (.text:_XINT1_ISR)
                  003f7b3b    00000005                   : f2802xx_defaultisr.obj (.text:_XINT2_ISR)
                  003f7b40    00000005                   : f2802xx_defaultisr.obj (.text:_XINT3_ISR)
                  003f7b45    00000005                   : f2802xx_defaultisr.obj (.text:_rsvd_ISR)
                  003f7b4a    00000005     rts2800_ml.lib : fs_neg28.asm.obj (.text)
                  003f7b4f    00000004     driverlib.lib : cpu.obj (.text:_CPU_enableInt)
                  003f7b53    00000004                   : cpu.obj (.text:_CPU_init)
                  003f7b57    00000004                   : pwm.obj (.text:_PWM_enableSocAPulse)
                  003f7b5b    00000003                   : cpu.obj (.text:_CPU_clearIntFlags)
                  003f7b5e    00000003                   : cpu.obj (.text:_CPU_disableGlobalInts)
                  003f7b61    00000003                   : cpu.obj (.text:_CPU_enableDebugInt)
                  003f7b64    00000003                   : cpu.obj (.text:_CPU_enableGlobalInts)
                  003f7b67    00000003                   : pie.obj (.text:_PIE_disable)
                  003f7b6a    00000003                   : pie.obj (.text:_PIE_enable)
                  003f7b6d    00000003                   : pie.obj (.text:_PIE_enableTimer0Int)
                  003f7b70    00000003                   : pll.obj (.text:_PLL_getClkStatus)
                  003f7b73    00000003                   : pll.obj (.text:_PLL_getLockStatus)
                  003f7b76    00000003                   : timer.obj (.text:_TIMER_enableInt)
                  003f7b79    00000003                   : timer.obj (.text:_TIMER_reload)
                  003f7b7c    00000003                   : timer.obj (.text:_TIMER_start)
                  003f7b7f    00000003                   : timer.obj (.text:_TIMER_stop)
                  003f7b82    00000002                   : timer.obj (.text:_TIMER_setPeriod)
                  003f7b84    00000002     rts2800_ml.lib : pre_init.c.obj (.text)
                  003f7b86    00000001                    : startup.c.obj (.text)

.ebss      1    00000600    0000008b     UNINITIALIZED
                  00000600    00000080     main.obj (.ebss)
                  00000680    00000006     rts2800_ml.lib : exit.c.obj (.ebss)
                  00000686    00000002                    : _lock.c.obj (.ebss:__lock)
                  00000688    00000002                    : _lock.c.obj (.ebss:__unlock)
                  0000068a    00000001     driverlib.lib : cpu.obj (.ebss)

MODULE SUMMARY

       Module                           code   initialized data   uninitialized data
       ------                           ----   ----------------   ------------------
    .\
       main.obj                         912    91                 128               
       mppt.obj                         297    0                  0                 
       sensors.obj                      172    0                  0                 
    +--+--------------------------------+------+------------------+--------------------+
       Total:                           1381   91                 128               
                                                                                    
    C:/ti/C2000Ware_1_00_04_00_Software/device_support/f2802x/common/ccs/Debug/driverlib.lib
       F2802xX_GlobalVariableDefs.obj   0      0                  1022              
       pie.obj                          104    256                0                 
       f2802xx_defaultisr.obj           255    0                  0                 
       adc.obj                          229    0                  0                 
       pll.obj                          48     0                  0                 
       timer.obj                        47     0                  0                 
       clk.obj                          31     0                  0                 
       pwm.obj                          30     0                  0                 
       gpio.obj                         28     0                  0                 
       cpu.obj                          20     0                  1                 
       wdog.obj                         16     0                  0                 
       f2802xx_codestartbranch.obj      10     0                  0                 
       flash.obj                        8      0                  0                 
    +--+--------------------------------+------+------------------+--------------------+
       Total:                           826    256                1023              
                                                                                    
    C:/ti/ccsv8/tools/compiler/ti-cgt-c2000_18.1.1.LTS/lib/rts2800_ml.lib
       fs_div28.asm.obj                 131    0                  0                 
       fs_add28.asm.obj                 120    0                  0                 
       s_ceilf.c.obj                    105    2                  0                 
       fs_mpy28.asm.obj                 90     0                  0                 
       boot28.asm.obj                   84     0                  0                 
       exit.c.obj                       41     14                 6                 
       cpy_tbl.c.obj                    36     0                  0                 
       fs_tou28.asm.obj                 29     0                  0                 
       memcpy.c.obj                     29     0                  0                 
       args_main.c.obj                  25     0                  0                 
       _lock.c.obj                      9      10                 4                 
       fs_cmp28.asm.obj                 23     0                  0                 
       u_tofs28.asm.obj                 16     0                  0                 
       fs_neg28.asm.obj                 5      0                  0                 
       pre_init.c.obj                   2      0                  0                 
       startup.c.obj                    1      0                  0                 
    +--+--------------------------------+------+------------------+--------------------+
       Total:                           746    26                 10                
                                                                                    
       Stack:                           0      0                  512               
    +--+--------------------------------+------+------------------+--------------------+
       Grand Total:                     2953   373                1673              


GLOBAL DATA SYMBOLS: SORTED BY DATA PAGE

address     data page           name
--------    ----------------    ----
00000400      10 (00000400)     __stack

00000600      18 (00000600)     _sample_count
00000601      18 (00000600)     _search_count
00000602      18 (00000600)     _max_search_count
00000603      18 (00000600)     _track
00000604      18 (00000600)     _current_state
00000606      18 (00000600)     _delta_i
00000608      18 (00000600)     _delta_v
0000060a      18 (00000600)     _power_prev
0000060c      18 (00000600)     _duty_prev
0000060e      18 (00000600)     _current_prev
00000610      18 (00000600)     _myFlash
00000612      18 (00000600)     _myGpio
00000614      18 (00000600)     _myAdc
00000616      18 (00000600)     _myClk
00000618      18 (00000600)     _power_max
0000061a      18 (00000600)     _duty
0000061c      18 (00000600)     _current
0000061e      18 (00000600)     _power
00000620      18 (00000600)     _voltage
00000622      18 (00000600)     _voltage_prev
00000624      18 (00000600)     _duty_constant
00000626      18 (00000600)     _power_sum
00000628      18 (00000600)     _power_theoretical
0000062a      18 (00000600)     _myTimer0
0000062c      18 (00000600)     _myTimer1
0000062e      18 (00000600)     _myPie
00000630      18 (00000600)     _myPwm
00000632      18 (00000600)     _power_max_duty
00000634      18 (00000600)     _myPll
00000636      18 (00000600)     _myWDog
00000638      18 (00000600)     _myCpu

00000640      19 (00000640)     _current_in
00000660      19 (00000640)     _voltage_in

00000680      1a (00000680)     ___TI_enable_exit_profile_output
00000682      1a (00000680)     ___TI_cleanup_ptr
00000684      1a (00000680)     ___TI_dtors_ptr
00000686      1a (00000680)     __lock
00000688      1a (00000680)     __unlock
0000068a      1a (00000680)     _cpu

00000880      22 (00000880)     _DevEmuRegs

00000985      26 (00000980)     _SysPwrCtrlRegs

00000a80      2a (00000a80)     _FlashRegs

00000ae0      2b (00000ac0)     _CsmRegs

00000b00      2c (00000b00)     _AdcResult

00000c00      30 (00000c00)     _CpuTimer0Regs
00000c08      30 (00000c00)     _CpuTimer1Regs
00000c10      30 (00000c00)     _CpuTimer2Regs

00000ce0      33 (00000cc0)     _PieCtrlRegs

00000d00      34 (00000d00)     _EmuKey
00000d00      34 (00000d00)     _PieVectTable
00000d01      34 (00000d00)     _EmuBMode
00000d02      34 (00000d00)     _Flash_CallbackPtr
00000d04      34 (00000d00)     _Flash_CPUScaleFactor

00006400     190 (00006400)     _Comp1Regs
00006420     190 (00006400)     _Comp2Regs

00006800     1a0 (00006800)     _EPwm1Regs

00006840     1a1 (00006840)     _EPwm2Regs

00006880     1a2 (00006880)     _EPwm3Regs

000068c0     1a3 (000068c0)     _EPwm4Regs

00006a00     1a8 (00006a00)     _ECap1Regs

00006f80     1be (00006f80)     _GpioCtrlRegs

00006fc0     1bf (00006fc0)     _GpioDataRegs
00006fe0     1bf (00006fc0)     _GpioIntRegs

00007010     1c0 (00007000)     _SysCtrlRegs

00007040     1c1 (00007040)     _SpiaRegs
00007050     1c1 (00007040)     _SciaRegs
00007060     1c1 (00007040)     _NmiIntruptRegs
00007070     1c1 (00007040)     _XIntruptRegs

00007100     1c4 (00007100)     _AdcRegs

00007900     1e4 (00007900)     _I2caRegs

003d7fff    f5ff (003d7fc0)     _PartIdRegs

003f7b88    fdee (003f7b80)     _PIE_tableDebugInit

003f7ff8    fdff (003f7fc0)     _CsmPwl


GLOBAL SYMBOLS: SORTED ALPHABETICALLY BY Name 

page  address   name                            
----  -------   ----                            
abs   ffffffff  .text                           
0     003f7777  C$$EXIT                         
0     003f75ed  FS$$ADD                         
0     003f7872  FS$$CMP                         
0     003f7565  FS$$DIV                         
0     003f76c9  FS$$MPY                         
0     003f7b4a  FS$$NEG                         
0     003f75e8  FS$$SUB                         
0     003f7808  FS$$TOU                         
0     003f7953  U$$TOFS                         
0     003f7a46  _ADCINT1_ISR                    
0     003f7a4b  _ADCINT2_ISR                    
0     003f7a50  _ADCINT3_ISR                    
0     003f7a55  _ADCINT4_ISR                    
0     003f7a5a  _ADCINT5_ISR                    
0     003f7a5f  _ADCINT6_ISR                    
0     003f7a64  _ADCINT7_ISR                    
0     003f7a69  _ADCINT8_ISR                    
0     003f7a6e  _ADCINT9_ISR                    
0     003f797d  _ADC_enable                     
0     003f7987  _ADC_enableBandGap              
0     003f785b  _ADC_enableInt                  
0     003f7991  _ADC_enableRefBuffers           
0     003f799b  _ADC_init                       
0     003f79a5  _ADC_powerUp                    
0     003f77c4  _ADC_setIntMode                 
0     003f790f  _ADC_setIntPulseGenMode         
0     003f77e6  _ADC_setIntSrc                  
0     003f78d9  _ADC_setSocChanNumber           
0     003f78eb  _ADC_setSocSampleWindow         
0     003f78fd  _ADC_setSocTrigSrc              
0     003f7920  _ADC_setVoltRefSrc              
1     00007100  _AdcRegs                        
1     00000b00  _AdcResult                      
0     003f7a25  _CLK_enableAdcClock             
0     003f79b9  _CLK_enablePwmClock             
0     003f79dd  _CLK_init                       
0     003f7a2c  _CLK_setOscSrc                  
0     003f7b5b  _CPU_clearIntFlags              
0     003f7b5e  _CPU_disableGlobalInts          
0     003f7b61  _CPU_enableDebugInt             
0     003f7b64  _CPU_enableGlobalInts           
0     003f7b4f  _CPU_enableInt                  
0     003f7b53  _CPU_init                       
1     00006400  _Comp1Regs                      
1     00006420  _Comp2Regs                      
1     00000c00  _CpuTimer0Regs                  
1     00000c08  _CpuTimer1Regs                  
1     00000c10  _CpuTimer2Regs                  
1     003f7ff8  _CsmPwl                         
1     00000ae0  _CsmRegs                        
0     003f7a73  _DATALOG_ISR                    
1     00000880  _DevEmuRegs                     
0     003f7a78  _ECAP1_INT_ISR                  
1     00006a00  _ECap1Regs                      
0     003f7a7d  _EMPTY_ISR                      
0     003f7a82  _EMUINT_ISR                     
0     003f7a87  _EPWM1_INT_ISR                  
0     003f7a8c  _EPWM1_TZINT_ISR                
0     003f7a91  _EPWM2_INT_ISR                  
0     003f7a96  _EPWM2_TZINT_ISR                
0     003f7a9b  _EPWM3_INT_ISR                  
0     003f7aa0  _EPWM3_TZINT_ISR                
0     003f7aa5  _EPWM4_INT_ISR                  
0     003f7aaa  _EPWM4_TZINT_ISR                
1     00006800  _EPwm1Regs                      
1     00006840  _EPwm2Regs                      
1     00006880  _EPwm3Regs                      
1     000068c0  _EPwm4Regs                      
1     00000d01  _EmuBMode                       
1     00000d00  _EmuKey                         
0     003f79e5  _FLASH_init                     
1     00000a80  _FlashRegs                      
1     00000d04  _Flash_CPUScaleFactor           
1     00000d02  _Flash_CallbackPtr              
0     003f79ed  _GPIO_init                      
0     003f789e  _GPIO_toggle                    
1     00006f80  _GpioCtrlRegs                   
1     00006fc0  _GpioDataRegs                   
1     00006fe0  _GpioIntRegs                    
0     003f7aaf  _I2CINT1A_ISR                   
0     003f7ab4  _I2CINT2A_ISR                   
1     00007900  _I2caRegs                       
0     003f7ab9  _ILLEGAL_ISR                    
0     003f7abe  _INT13_ISR                      
0     003f7ac3  _INT14_ISR                      
0     003f7148  _InitAdc                        
0     003f70ff  _InitEGpio                      
0     003f70ad  _InitEPwm                       
0     003f71ab  _InitInterrupts                 
0     003f7113  _InitSys                        
0     003f7211  _InitTimer                      
0     003f7ac8  _NMI_ISR                        
1     00007060  _NmiIntruptRegs                 
0     003f7acd  _PIE_RESERVED                   
0     003f7b67  _PIE_disable                    
0     003f7931  _PIE_disableAllInts             
0     003f7b6a  _PIE_enable                     
0     003f78b2  _PIE_enableAdcInt               
0     003f7b6d  _PIE_enableTimer0Int            
0     003f7ad2  _PIE_illegalIsr                 
0     003f79af  _PIE_init                       
0     003f7963  _PIE_registerPieIntHandler      
0     003f7972  _PIE_registerSystemIntHandler   
0     003f7942  _PIE_setDebugIntVectorTable     
0     003f7b88  _PIE_tableDebugInit             
0     003f7b70  _PLL_getClkStatus               
0     003f7b73  _PLL_getLockStatus              
0     003f79f5  _PLL_init                       
0     003f7a33  _PLL_setDivider                 
0     003f7a3a  _PLL_setMultiplier              
0     003f7889  _PLL_setup                      
0     003f7b57  _PWM_enableSocAPulse            
0     003f79fd  _PWM_init                       
0     003f79c2  _PWM_setSocAPeriod              
0     003f79cb  _PWM_setSocAPulseSrc            
1     003d7fff  _PartIdRegs                     
1     00000ce0  _PieCtrlRegs                    
1     00000d00  _PieVectTable                   
0     003f7ad7  _RTOSINT_ISR                    
abs   00000000  _RamfuncsLoadSize               
0     00000050  _RamfuncsLoadStart              
0     00000050  _RamfuncsRunStart               
0     003f7adc  _SCIRXINTA_ISR                  
0     003f7ae1  _SCITXINTA_ISR                  
0     003f7ae6  _SPIRXINTA_ISR                  
0     003f7aeb  _SPITXINTA_ISR                  
1     00007050  _SciaRegs                       
1     00007040  _SpiaRegs                       
1     00007010  _SysCtrlRegs                    
1     00000985  _SysPwrCtrlRegs                 
0     003f7b76  _TIMER_enableInt                
0     003f7a05  _TIMER_init                     
0     003f7b79  _TIMER_reload                   
0     003f7a40  _TIMER_setEmulationMode         
0     003f7b82  _TIMER_setPeriod                
0     003f78c6  _TIMER_setPreScaler             
0     003f7b7c  _TIMER_start                    
0     003f7b7f  _TIMER_stop                     
0     003f7af0  _TINT0_ISR                      
0     003f7af5  _USER10_ISR                     
0     003f7afa  _USER11_ISR                     
0     003f7aff  _USER12_ISR                     
0     003f7b04  _USER1_ISR                      
0     003f7b09  _USER2_ISR                      
0     003f7b0e  _USER3_ISR                      
0     003f7b13  _USER4_ISR                      
0     003f7b18  _USER5_ISR                      
0     003f7b1d  _USER6_ISR                      
0     003f7b22  _USER7_ISR                      
0     003f7b27  _USER8_ISR                      
0     003f7b2c  _USER9_ISR                      
0     003f7b31  _WAKEINT_ISR                    
0     003f7a0d  _WDOG_disable                   
0     003f7a15  _WDOG_init                      
0     003f7b36  _XINT1_ISR                      
0     003f7b3b  _XINT2_ISR                      
0     003f7b40  _XINT3_ISR                      
1     00007070  _XIntruptRegs                   
1     00000600  __STACK_END                     
abs   00000200  __STACK_SIZE                    
1     00000682  ___TI_cleanup_ptr               
1     00000684  ___TI_dtors_ptr                 
1     00000680  ___TI_enable_exit_profile_output
abs   ffffffff  ___TI_pprof_out_hndl            
abs   ffffffff  ___TI_prof_data_size            
abs   ffffffff  ___TI_prof_data_start           
abs   ffffffff  ___binit__                      
abs   ffffffff  ___c_args__                     
0     003f7c8a  ___cinit__                      
abs   ffffffff  ___etext__                      
abs   ffffffff  ___pinit__                      
abs   ffffffff  ___text__                       
0     003f7842  __args_main                     
1     00000686  __lock                          
0     003f79dc  __nop                           
0     003f79d8  __register_lock                 
0     003f79d4  __register_unlock               
1     00000400  __stack                         
0     003f7b86  __system_post_cinit             
0     003f7b84  __system_pre_init               
1     00000688  __unlock                        
0     003f7777  _abort                          
0     003f7487  _adc_isr                        
0     003f7723  _c_int00                        
0     003f7660  _ceil                           
0     003f7660  _ceilf                          
0     003f7532  _convertDuty                    
0     003f77a0  _copy_in                        
1     0000068a  _cpu                            
0     003f73e6  _cpu_timer0_isr                 
0     003f73cb  _cpu_timer1_isr                 
1     0000061c  _current                        
1     00000640  _current_in                     
1     0000060e  _current_prev                   
1     00000604  _current_state                  
1     00000606  _delta_i                        
1     00000608  _delta_v                        
1     0000061a  _duty                           
1     00000624  _duty_constant                  
1     0000060c  _duty_prev                      
0     003f7779  _exit                           
0     003f74f1  _getCurrent                     
0     003f74b9  _getVoltage                     
0     003f73ad  _globalSearchCount              
0     003f72fd  _incrementalConductance         
0     003f7031  _main                           
1     00000602  _max_search_count               
0     003f7825  _memcpy                         
1     00000614  _myAdc                          
1     00000616  _myClk                          
1     00000638  _myCpu                          
1     00000610  _myFlash                        
1     00000612  _myGpio                         
1     0000062e  _myPie                          
1     00000634  _myPll                          
1     00000630  _myPwm                          
1     0000062a  _myTimer0                       
1     0000062c  _myTimer1                       
1     00000636  _myWDog                         
0     003f72a2  _perturbAndObserve              
1     0000061e  _power                          
1     00000618  _power_max                      
1     00000632  _power_max_duty                 
1     0000060a  _power_prev                     
1     00000626  _power_sum                      
1     00000628  _power_theoretical              
0     003f7b45  _rsvd_ISR                       
1     00000600  _sample_count                   
1     00000601  _search_count                   
0     003f7264  _setDutyCycle                   
1     00000603  _track                          
1     00000620  _voltage                        
1     00000660  _voltage_in                     
1     00000622  _voltage_prev                   
abs   ffffffff  binit                           
0     003f7c8a  cinit                           
0     003f7ff6  code_start                      
abs   ffffffff  etext                           
abs   ffffffff  pinit                           


GLOBAL SYMBOLS: SORTED BY Symbol Address 

page  address   name                            
----  -------   ----                            
0     00000050  _RamfuncsLoadStart              
0     00000050  _RamfuncsRunStart               
0     003f7031  _main                           
0     003f70ad  _InitEPwm                       
0     003f70ff  _InitEGpio                      
0     003f7113  _InitSys                        
0     003f7148  _InitAdc                        
0     003f71ab  _InitInterrupts                 
0     003f7211  _InitTimer                      
0     003f7264  _setDutyCycle                   
0     003f72a2  _perturbAndObserve              
0     003f72fd  _incrementalConductance         
0     003f73ad  _globalSearchCount              
0     003f73cb  _cpu_timer1_isr                 
0     003f73e6  _cpu_timer0_isr                 
0     003f7487  _adc_isr                        
0     003f74b9  _getVoltage                     
0     003f74f1  _getCurrent                     
0     003f7532  _convertDuty                    
0     003f7565  FS$$DIV                         
0     003f75e8  FS$$SUB                         
0     003f75ed  FS$$ADD                         
0     003f7660  _ceil                           
0     003f7660  _ceilf                          
0     003f76c9  FS$$MPY                         
0     003f7723  _c_int00                        
0     003f7777  C$$EXIT                         
0     003f7777  _abort                          
0     003f7779  _exit                           
0     003f77a0  _copy_in                        
0     003f77c4  _ADC_setIntMode                 
0     003f77e6  _ADC_setIntSrc                  
0     003f7808  FS$$TOU                         
0     003f7825  _memcpy                         
0     003f7842  __args_main                     
0     003f785b  _ADC_enableInt                  
0     003f7872  FS$$CMP                         
0     003f7889  _PLL_setup                      
0     003f789e  _GPIO_toggle                    
0     003f78b2  _PIE_enableAdcInt               
0     003f78c6  _TIMER_setPreScaler             
0     003f78d9  _ADC_setSocChanNumber           
0     003f78eb  _ADC_setSocSampleWindow         
0     003f78fd  _ADC_setSocTrigSrc              
0     003f790f  _ADC_setIntPulseGenMode         
0     003f7920  _ADC_setVoltRefSrc              
0     003f7931  _PIE_disableAllInts             
0     003f7942  _PIE_setDebugIntVectorTable     
0     003f7953  U$$TOFS                         
0     003f7963  _PIE_registerPieIntHandler      
0     003f7972  _PIE_registerSystemIntHandler   
0     003f797d  _ADC_enable                     
0     003f7987  _ADC_enableBandGap              
0     003f7991  _ADC_enableRefBuffers           
0     003f799b  _ADC_init                       
0     003f79a5  _ADC_powerUp                    
0     003f79af  _PIE_init                       
0     003f79b9  _CLK_enablePwmClock             
0     003f79c2  _PWM_setSocAPeriod              
0     003f79cb  _PWM_setSocAPulseSrc            
0     003f79d4  __register_unlock               
0     003f79d8  __register_lock                 
0     003f79dc  __nop                           
0     003f79dd  _CLK_init                       
0     003f79e5  _FLASH_init                     
0     003f79ed  _GPIO_init                      
0     003f79f5  _PLL_init                       
0     003f79fd  _PWM_init                       
0     003f7a05  _TIMER_init                     
0     003f7a0d  _WDOG_disable                   
0     003f7a15  _WDOG_init                      
0     003f7a25  _CLK_enableAdcClock             
0     003f7a2c  _CLK_setOscSrc                  
0     003f7a33  _PLL_setDivider                 
0     003f7a3a  _PLL_setMultiplier              
0     003f7a40  _TIMER_setEmulationMode         
0     003f7a46  _ADCINT1_ISR                    
0     003f7a4b  _ADCINT2_ISR                    
0     003f7a50  _ADCINT3_ISR                    
0     003f7a55  _ADCINT4_ISR                    
0     003f7a5a  _ADCINT5_ISR                    
0     003f7a5f  _ADCINT6_ISR                    
0     003f7a64  _ADCINT7_ISR                    
0     003f7a69  _ADCINT8_ISR                    
0     003f7a6e  _ADCINT9_ISR                    
0     003f7a73  _DATALOG_ISR                    
0     003f7a78  _ECAP1_INT_ISR                  
0     003f7a7d  _EMPTY_ISR                      
0     003f7a82  _EMUINT_ISR                     
0     003f7a87  _EPWM1_INT_ISR                  
0     003f7a8c  _EPWM1_TZINT_ISR                
0     003f7a91  _EPWM2_INT_ISR                  
0     003f7a96  _EPWM2_TZINT_ISR                
0     003f7a9b  _EPWM3_INT_ISR                  
0     003f7aa0  _EPWM3_TZINT_ISR                
0     003f7aa5  _EPWM4_INT_ISR                  
0     003f7aaa  _EPWM4_TZINT_ISR                
0     003f7aaf  _I2CINT1A_ISR                   
0     003f7ab4  _I2CINT2A_ISR                   
0     003f7ab9  _ILLEGAL_ISR                    
0     003f7abe  _INT13_ISR                      
0     003f7ac3  _INT14_ISR                      
0     003f7ac8  _NMI_ISR                        
0     003f7acd  _PIE_RESERVED                   
0     003f7ad2  _PIE_illegalIsr                 
0     003f7ad7  _RTOSINT_ISR                    
0     003f7adc  _SCIRXINTA_ISR                  
0     003f7ae1  _SCITXINTA_ISR                  
0     003f7ae6  _SPIRXINTA_ISR                  
0     003f7aeb  _SPITXINTA_ISR                  
0     003f7af0  _TINT0_ISR                      
0     003f7af5  _USER10_ISR                     
0     003f7afa  _USER11_ISR                     
0     003f7aff  _USER12_ISR                     
0     003f7b04  _USER1_ISR                      
0     003f7b09  _USER2_ISR                      
0     003f7b0e  _USER3_ISR                      
0     003f7b13  _USER4_ISR                      
0     003f7b18  _USER5_ISR                      
0     003f7b1d  _USER6_ISR                      
0     003f7b22  _USER7_ISR                      
0     003f7b27  _USER8_ISR                      
0     003f7b2c  _USER9_ISR                      
0     003f7b31  _WAKEINT_ISR                    
0     003f7b36  _XINT1_ISR                      
0     003f7b3b  _XINT2_ISR                      
0     003f7b40  _XINT3_ISR                      
0     003f7b45  _rsvd_ISR                       
0     003f7b4a  FS$$NEG                         
0     003f7b4f  _CPU_enableInt                  
0     003f7b53  _CPU_init                       
0     003f7b57  _PWM_enableSocAPulse            
0     003f7b5b  _CPU_clearIntFlags              
0     003f7b5e  _CPU_disableGlobalInts          
0     003f7b61  _CPU_enableDebugInt             
0     003f7b64  _CPU_enableGlobalInts           
0     003f7b67  _PIE_disable                    
0     003f7b6a  _PIE_enable                     
0     003f7b6d  _PIE_enableTimer0Int            
0     003f7b70  _PLL_getClkStatus               
0     003f7b73  _PLL_getLockStatus              
0     003f7b76  _TIMER_enableInt                
0     003f7b79  _TIMER_reload                   
0     003f7b7c  _TIMER_start                    
0     003f7b7f  _TIMER_stop                     
0     003f7b82  _TIMER_setPeriod                
0     003f7b84  __system_pre_init               
0     003f7b86  __system_post_cinit             
0     003f7b88  _PIE_tableDebugInit             
0     003f7c8a  ___cinit__                      
0     003f7c8a  cinit                           
0     003f7ff6  code_start                      
1     00000400  __stack                         
1     00000600  __STACK_END                     
1     00000600  _sample_count                   
1     00000601  _search_count                   
1     00000602  _max_search_count               
1     00000603  _track                          
1     00000604  _current_state                  
1     00000606  _delta_i                        
1     00000608  _delta_v                        
1     0000060a  _power_prev                     
1     0000060c  _duty_prev                      
1     0000060e  _current_prev                   
1     00000610  _myFlash                        
1     00000612  _myGpio                         
1     00000614  _myAdc                          
1     00000616  _myClk                          
1     00000618  _power_max                      
1     0000061a  _duty                           
1     0000061c  _current                        
1     0000061e  _power                          
1     00000620  _voltage                        
1     00000622  _voltage_prev                   
1     00000624  _duty_constant                  
1     00000626  _power_sum                      
1     00000628  _power_theoretical              
1     0000062a  _myTimer0                       
1     0000062c  _myTimer1                       
1     0000062e  _myPie                          
1     00000630  _myPwm                          
1     00000632  _power_max_duty                 
1     00000634  _myPll                          
1     00000636  _myWDog                         
1     00000638  _myCpu                          
1     00000640  _current_in                     
1     00000660  _voltage_in                     
1     00000680  ___TI_enable_exit_profile_output
1     00000682  ___TI_cleanup_ptr               
1     00000684  ___TI_dtors_ptr                 
1     00000686  __lock                          
1     00000688  __unlock                        
1     0000068a  _cpu                            
1     00000880  _DevEmuRegs                     
1     00000985  _SysPwrCtrlRegs                 
1     00000a80  _FlashRegs                      
1     00000ae0  _CsmRegs                        
1     00000b00  _AdcResult                      
1     00000c00  _CpuTimer0Regs                  
1     00000c08  _CpuTimer1Regs                  
1     00000c10  _CpuTimer2Regs                  
1     00000ce0  _PieCtrlRegs                    
1     00000d00  _EmuKey                         
1     00000d00  _PieVectTable                   
1     00000d01  _EmuBMode                       
1     00000d02  _Flash_CallbackPtr              
1     00000d04  _Flash_CPUScaleFactor           
1     00006400  _Comp1Regs                      
1     00006420  _Comp2Regs                      
1     00006800  _EPwm1Regs                      
1     00006840  _EPwm2Regs                      
1     00006880  _EPwm3Regs                      
1     000068c0  _EPwm4Regs                      
1     00006a00  _ECap1Regs                      
1     00006f80  _GpioCtrlRegs                   
1     00006fc0  _GpioDataRegs                   
1     00006fe0  _GpioIntRegs                    
1     00007010  _SysCtrlRegs                    
1     00007040  _SpiaRegs                       
1     00007050  _SciaRegs                       
1     00007060  _NmiIntruptRegs                 
1     00007070  _XIntruptRegs                   
1     00007100  _AdcRegs                        
1     00007900  _I2caRegs                       
1     003d7fff  _PartIdRegs                     
1     003f7ff8  _CsmPwl                         
abs   00000000  _RamfuncsLoadSize               
abs   00000200  __STACK_SIZE                    
abs   ffffffff  .text                           
abs   ffffffff  ___TI_pprof_out_hndl            
abs   ffffffff  ___TI_prof_data_size            
abs   ffffffff  ___TI_prof_data_start           
abs   ffffffff  ___binit__                      
abs   ffffffff  ___c_args__                     
abs   ffffffff  ___etext__                      
abs   ffffffff  ___pinit__                      
abs   ffffffff  ___text__                       
abs   ffffffff  binit                           
abs   ffffffff  etext                           
abs   ffffffff  pinit                           

[240 symbols]
