<?xml version="1.0"?>
<link_info>
   <banner>TMS320C2000 Linker PC v16.9.8.LTS</banner>
   <copyright>Copyright (c) 1996-2017 Texas Instruments Incorporated</copyright>
   <link_time>0x5b4fcdab</link_time>
   <link_errors>0x1b</link_errors>
   <output_file>Example_F2802xAdcTempSensor.out</output_file>
   <entry_point>
      <name>code_start</name>
      <address>0x0</address>
   </entry_point>
   <input_file_list>
      <input_file id="fl-2">
         <path>.\</path>
         <kind>object</kind>
         <file>Particle.obj</file>
         <name>Particle.obj</name>
      </input_file>
      <input_file id="fl-3">
         <path>.\</path>
         <kind>object</kind>
         <file>Swarm.obj</file>
         <name>Swarm.obj</name>
      </input_file>
      <input_file id="fl-4">
         <path>.\</path>
         <kind>object</kind>
         <file>main.obj</file>
         <name>main.obj</name>
      </input_file>
      <input_file id="fl-a">
         <kind>object</kind>
         <file>&lt;internal&gt;</file>
         <name>&lt;internal&gt;</name>
      </input_file>
      <input_file id="fl-b">
         <path>C:\ti\C2000Ware_1_00_04_00_Software\device_support\f2802x\common\ccs\Debug\</path>
         <kind>archive</kind>
         <file>driverlib.lib</file>
         <name>F2802xX_GlobalVariableDefs.obj</name>
      </input_file>
      <input_file id="fl-c">
         <path>C:\ti\C2000Ware_1_00_04_00_Software\device_support\f2802x\common\ccs\Debug\</path>
         <kind>archive</kind>
         <file>driverlib.lib</file>
         <name>adc.obj</name>
      </input_file>
      <input_file id="fl-d">
         <path>C:\ti\C2000Ware_1_00_04_00_Software\device_support\f2802x\common\ccs\Debug\</path>
         <kind>archive</kind>
         <file>driverlib.lib</file>
         <name>clk.obj</name>
      </input_file>
      <input_file id="fl-e">
         <path>C:\ti\C2000Ware_1_00_04_00_Software\device_support\f2802x\common\ccs\Debug\</path>
         <kind>archive</kind>
         <file>driverlib.lib</file>
         <name>cpu.obj</name>
      </input_file>
      <input_file id="fl-f">
         <path>C:\ti\C2000Ware_1_00_04_00_Software\device_support\f2802x\common\ccs\Debug\</path>
         <kind>archive</kind>
         <file>driverlib.lib</file>
         <name>f2802xx_codestartbranch.obj</name>
      </input_file>
      <input_file id="fl-10">
         <path>C:\ti\C2000Ware_1_00_04_00_Software\device_support\f2802x\common\ccs\Debug\</path>
         <kind>archive</kind>
         <file>driverlib.lib</file>
         <name>flash.obj</name>
      </input_file>
      <input_file id="fl-11">
         <path>C:\ti\C2000Ware_1_00_04_00_Software\device_support\f2802x\common\ccs\Debug\</path>
         <kind>archive</kind>
         <file>driverlib.lib</file>
         <name>gpio.obj</name>
      </input_file>
      <input_file id="fl-12">
         <path>C:\ti\C2000Ware_1_00_04_00_Software\device_support\f2802x\common\ccs\Debug\</path>
         <kind>archive</kind>
         <file>driverlib.lib</file>
         <name>pie.obj</name>
      </input_file>
      <input_file id="fl-13">
         <path>C:\ti\C2000Ware_1_00_04_00_Software\device_support\f2802x\common\ccs\Debug\</path>
         <kind>archive</kind>
         <file>driverlib.lib</file>
         <name>pll.obj</name>
      </input_file>
      <input_file id="fl-14">
         <path>C:\ti\C2000Ware_1_00_04_00_Software\device_support\f2802x\common\ccs\Debug\</path>
         <kind>archive</kind>
         <file>driverlib.lib</file>
         <name>pwm.obj</name>
      </input_file>
      <input_file id="fl-15">
         <path>C:\ti\C2000Ware_1_00_04_00_Software\device_support\f2802x\common\ccs\Debug\</path>
         <kind>archive</kind>
         <file>driverlib.lib</file>
         <name>timer.obj</name>
      </input_file>
      <input_file id="fl-16">
         <path>C:\ti\C2000Ware_1_00_04_00_Software\device_support\f2802x\common\ccs\Debug\</path>
         <kind>archive</kind>
         <file>driverlib.lib</file>
         <name>wdog.obj</name>
      </input_file>
      <input_file id="fl-17">
         <path>C:\ti\C2000Ware_1_00_04_00_Software\device_support\f2802x\common\ccs\Debug\</path>
         <kind>archive</kind>
         <file>driverlib.lib</file>
         <name>f2802xx_defaultisr.obj</name>
      </input_file>
      <input_file id="fl-18">
         <path>C:\ti\ccsv8\tools\compiler\ti-cgt-c2000_16.9.8.LTS\lib\</path>
         <kind>archive</kind>
         <file>rts2800_ml.lib</file>
         <name>boot28.obj</name>
      </input_file>
      <input_file id="fl-19">
         <path>C:\ti\ccsv8\tools\compiler\ti-cgt-c2000_16.9.8.LTS\lib\</path>
         <kind>archive</kind>
         <file>rts2800_ml.lib</file>
         <name>cpy_tbl.obj</name>
      </input_file>
      <input_file id="fl-1a">
         <path>C:\ti\ccsv8\tools\compiler\ti-cgt-c2000_16.9.8.LTS\lib\</path>
         <kind>archive</kind>
         <file>rts2800_ml.lib</file>
         <name>exit.obj</name>
      </input_file>
      <input_file id="fl-1b">
         <path>C:\ti\ccsv8\tools\compiler\ti-cgt-c2000_16.9.8.LTS\lib\</path>
         <kind>archive</kind>
         <file>rts2800_ml.lib</file>
         <name>fs_add28.obj</name>
      </input_file>
      <input_file id="fl-1c">
         <path>C:\ti\ccsv8\tools\compiler\ti-cgt-c2000_16.9.8.LTS\lib\</path>
         <kind>archive</kind>
         <file>rts2800_ml.lib</file>
         <name>fs_cmp28.obj</name>
      </input_file>
      <input_file id="fl-1d">
         <path>C:\ti\ccsv8\tools\compiler\ti-cgt-c2000_16.9.8.LTS\lib\</path>
         <kind>archive</kind>
         <file>rts2800_ml.lib</file>
         <name>fs_div28.obj</name>
      </input_file>
      <input_file id="fl-1e">
         <path>C:\ti\ccsv8\tools\compiler\ti-cgt-c2000_16.9.8.LTS\lib\</path>
         <kind>archive</kind>
         <file>rts2800_ml.lib</file>
         <name>fs_mpy28.obj</name>
      </input_file>
      <input_file id="fl-1f">
         <path>C:\ti\ccsv8\tools\compiler\ti-cgt-c2000_16.9.8.LTS\lib\</path>
         <kind>archive</kind>
         <file>rts2800_ml.lib</file>
         <name>fs_tou28.obj</name>
      </input_file>
      <input_file id="fl-20">
         <path>C:\ti\ccsv8\tools\compiler\ti-cgt-c2000_16.9.8.LTS\lib\</path>
         <kind>archive</kind>
         <file>rts2800_ml.lib</file>
         <name>i_tofs28.obj</name>
      </input_file>
      <input_file id="fl-21">
         <path>C:\ti\ccsv8\tools\compiler\ti-cgt-c2000_16.9.8.LTS\lib\</path>
         <kind>archive</kind>
         <file>rts2800_ml.lib</file>
         <name>memcpy.obj</name>
      </input_file>
      <input_file id="fl-22">
         <path>C:\ti\ccsv8\tools\compiler\ti-cgt-c2000_16.9.8.LTS\lib\</path>
         <kind>archive</kind>
         <file>rts2800_ml.lib</file>
         <name>pre_init.obj</name>
      </input_file>
      <input_file id="fl-23">
         <path>C:\ti\ccsv8\tools\compiler\ti-cgt-c2000_16.9.8.LTS\lib\</path>
         <kind>archive</kind>
         <file>rts2800_ml.lib</file>
         <name>rand.obj</name>
      </input_file>
      <input_file id="fl-24">
         <path>C:\ti\ccsv8\tools\compiler\ti-cgt-c2000_16.9.8.LTS\lib\</path>
         <kind>archive</kind>
         <file>rts2800_ml.lib</file>
         <name>startup.obj</name>
      </input_file>
      <input_file id="fl-25">
         <path>C:\ti\ccsv8\tools\compiler\ti-cgt-c2000_16.9.8.LTS\lib\</path>
         <kind>archive</kind>
         <file>rts2800_ml.lib</file>
         <name>u_tofs28.obj</name>
      </input_file>
      <input_file id="fl-26">
         <path>C:\ti\ccsv8\tools\compiler\ti-cgt-c2000_16.9.8.LTS\lib\</path>
         <kind>archive</kind>
         <file>rts2800_ml.lib</file>
         <name>_lock.obj</name>
      </input_file>
      <input_file id="fl-27">
         <path>C:\ti\ccsv8\tools\compiler\ti-cgt-c2000_16.9.8.LTS\lib\</path>
         <kind>archive</kind>
         <file>rts2800_ml.lib</file>
         <name>args_main.obj</name>
      </input_file>
   </input_file_list>
   <object_component_list>
      <object_component id="oc-10">
         <name>codestart</name>
         <load_address>0x0</load_address>
         <run_address>0x0</run_address>
         <size>0x2</size>
         <input_file_ref idref="fl-f"/>
      </object_component>
      <object_component id="oc-145">
         <name>.text:_ADC_setSocChanNumber</name>
         <load_address>0x0</load_address>
         <run_address>0x0</run_address>
         <size>0x12</size>
         <input_file_ref idref="fl-c"/>
      </object_component>
      <object_component id="oc-146">
         <name>.text:_ADC_setSocSampleWindow</name>
         <load_address>0x12</load_address>
         <run_address>0x12</run_address>
         <size>0x12</size>
         <input_file_ref idref="fl-c"/>
      </object_component>
      <object_component id="oc-147">
         <name>.text:_ADC_setSocTrigSrc</name>
         <load_address>0x24</load_address>
         <run_address>0x24</run_address>
         <size>0x12</size>
         <input_file_ref idref="fl-c"/>
      </object_component>
      <object_component id="oc-141">
         <name>.text:_ADC_setIntPulseGenMode</name>
         <load_address>0x36</load_address>
         <run_address>0x36</run_address>
         <size>0x11</size>
         <input_file_ref idref="fl-c"/>
      </object_component>
      <object_component id="oc-140">
         <name>.text:_ADC_setVoltRefSrc</name>
         <load_address>0x47</load_address>
         <run_address>0x47</run_address>
         <size>0x11</size>
         <input_file_ref idref="fl-c"/>
      </object_component>
      <object_component id="oc-1e">
         <name>.text:retain</name>
         <load_address>0x50</load_address>
         <run_address>0x50</run_address>
         <size>0x164</size>
         <input_file_ref idref="fl-4"/>
      </object_component>
      <object_component id="oc-149">
         <name>.text:_PIE_disableAllInts</name>
         <load_address>0x58</load_address>
         <run_address>0x58</run_address>
         <size>0x11</size>
         <input_file_ref idref="fl-12"/>
      </object_component>
      <object_component id="oc-123">
         <name>.text:_PIE_setDebugIntVectorTable</name>
         <load_address>0x69</load_address>
         <run_address>0x69</run_address>
         <size>0x11</size>
         <input_file_ref idref="fl-12"/>
      </object_component>
      <object_component id="oc-fe">
         <name>.text</name>
         <load_address>0x7a</load_address>
         <run_address>0x7a</run_address>
         <size>0x10</size>
         <input_file_ref idref="fl-25"/>
      </object_component>
      <object_component id="oc-125">
         <name>.text:_PIE_registerPieIntHandler</name>
         <load_address>0x8a</load_address>
         <run_address>0x8a</run_address>
         <size>0xf</size>
         <input_file_ref idref="fl-12"/>
      </object_component>
      <object_component id="oc-126">
         <name>.text:_PIE_registerSystemIntHandler</name>
         <load_address>0x99</load_address>
         <run_address>0x99</run_address>
         <size>0xb</size>
         <input_file_ref idref="fl-12"/>
      </object_component>
      <object_component id="oc-13f">
         <name>.text:_ADC_enable</name>
         <load_address>0xa4</load_address>
         <run_address>0xa4</run_address>
         <size>0xa</size>
         <input_file_ref idref="fl-c"/>
      </object_component>
      <object_component id="oc-13c">
         <name>.text:_ADC_enableBandGap</name>
         <load_address>0xae</load_address>
         <run_address>0xae</run_address>
         <size>0xa</size>
         <input_file_ref idref="fl-c"/>
      </object_component>
      <object_component id="oc-13d">
         <name>.text:_ADC_enableRefBuffers</name>
         <load_address>0xb8</load_address>
         <run_address>0xb8</run_address>
         <size>0xa</size>
         <input_file_ref idref="fl-c"/>
      </object_component>
      <object_component id="oc-119">
         <name>.text:_ADC_init</name>
         <load_address>0xc2</load_address>
         <run_address>0xc2</run_address>
         <size>0xa</size>
         <input_file_ref idref="fl-c"/>
      </object_component>
      <object_component id="oc-13e">
         <name>.text:_ADC_powerUp</name>
         <load_address>0xcc</load_address>
         <run_address>0xcc</run_address>
         <size>0xa</size>
         <input_file_ref idref="fl-c"/>
      </object_component>
      <object_component id="oc-11e">
         <name>.text:_PIE_init</name>
         <load_address>0xd6</load_address>
         <run_address>0xd6</run_address>
         <size>0xa</size>
         <input_file_ref idref="fl-12"/>
      </object_component>
      <object_component id="oc-132">
         <name>.text:_CLK_enablePwmClock</name>
         <load_address>0xe0</load_address>
         <run_address>0xe0</run_address>
         <size>0x9</size>
         <input_file_ref idref="fl-d"/>
      </object_component>
      <object_component id="oc-134">
         <name>.text:_PWM_setSocAPeriod</name>
         <load_address>0xe9</load_address>
         <run_address>0xe9</run_address>
         <size>0x9</size>
         <input_file_ref idref="fl-14"/>
      </object_component>
      <object_component id="oc-135">
         <name>.text:_PWM_setSocAPulseSrc</name>
         <load_address>0xf2</load_address>
         <run_address>0xf2</run_address>
         <size>0x9</size>
         <input_file_ref idref="fl-14"/>
      </object_component>
      <object_component id="oc-157">
         <name>.text</name>
         <load_address>0xfb</load_address>
         <run_address>0xfb</run_address>
         <size>0x9</size>
         <input_file_ref idref="fl-26"/>
      </object_component>
      <object_component id="oc-11a">
         <name>.text:_CLK_init</name>
         <load_address>0x104</load_address>
         <run_address>0x104</run_address>
         <size>0x8</size>
         <input_file_ref idref="fl-d"/>
      </object_component>
      <object_component id="oc-11c">
         <name>.text:_FLASH_init</name>
         <load_address>0x10c</load_address>
         <run_address>0x10c</run_address>
         <size>0x8</size>
         <input_file_ref idref="fl-10"/>
      </object_component>
      <object_component id="oc-11d">
         <name>.text:_GPIO_init</name>
         <load_address>0x114</load_address>
         <run_address>0x114</run_address>
         <size>0x8</size>
         <input_file_ref idref="fl-11"/>
      </object_component>
      <object_component id="oc-11f">
         <name>.text:_PLL_init</name>
         <load_address>0x11c</load_address>
         <run_address>0x11c</run_address>
         <size>0x8</size>
         <input_file_ref idref="fl-13"/>
      </object_component>
      <object_component id="oc-120">
         <name>.text:_PWM_init</name>
         <load_address>0x124</load_address>
         <run_address>0x124</run_address>
         <size>0x8</size>
         <input_file_ref idref="fl-14"/>
      </object_component>
      <object_component id="oc-121">
         <name>.text:_TIMER_init</name>
         <load_address>0x12c</load_address>
         <run_address>0x12c</run_address>
         <size>0x8</size>
         <input_file_ref idref="fl-15"/>
      </object_component>
      <object_component id="oc-138">
         <name>.text:_WDOG_disable</name>
         <load_address>0x134</load_address>
         <run_address>0x134</run_address>
         <size>0x8</size>
         <input_file_ref idref="fl-16"/>
      </object_component>
      <object_component id="oc-122">
         <name>.text:_WDOG_init</name>
         <load_address>0x13c</load_address>
         <run_address>0x13c</run_address>
         <size>0x8</size>
         <input_file_ref idref="fl-16"/>
      </object_component>
      <object_component id="oc-56">
         <name>.text</name>
         <load_address>0x144</load_address>
         <run_address>0x144</run_address>
         <size>0x8</size>
         <input_file_ref idref="fl-f"/>
      </object_component>
      <object_component id="oc-139">
         <name>.text:_CLK_enableAdcClock</name>
         <load_address>0x14c</load_address>
         <run_address>0x14c</run_address>
         <size>0x7</size>
         <input_file_ref idref="fl-d"/>
      </object_component>
      <object_component id="oc-13a">
         <name>.text:_CLK_setOscSrc</name>
         <load_address>0x153</load_address>
         <run_address>0x153</run_address>
         <size>0x7</size>
         <input_file_ref idref="fl-d"/>
      </object_component>
      <object_component id="oc-154">
         <name>.text:_PLL_setDivider</name>
         <load_address>0x15a</load_address>
         <run_address>0x15a</run_address>
         <size>0x7</size>
         <input_file_ref idref="fl-13"/>
      </object_component>
      <object_component id="oc-155">
         <name>.text:_PLL_setMultiplier</name>
         <load_address>0x161</load_address>
         <run_address>0x161</run_address>
         <size>0x6</size>
         <input_file_ref idref="fl-13"/>
      </object_component>
      <object_component id="oc-12b">
         <name>.text:_TIMER_setEmulationMode</name>
         <load_address>0x167</load_address>
         <run_address>0x167</run_address>
         <size>0x6</size>
         <input_file_ref idref="fl-15"/>
      </object_component>
      <object_component id="oc-94">
         <name>.text:_ADCINT2_ISR</name>
         <load_address>0x16d</load_address>
         <run_address>0x16d</run_address>
         <size>0x5</size>
         <input_file_ref idref="fl-17"/>
      </object_component>
      <object_component id="oc-a9">
         <name>.text:_ADCINT3_ISR</name>
         <load_address>0x172</load_address>
         <run_address>0x172</run_address>
         <size>0x5</size>
         <input_file_ref idref="fl-17"/>
      </object_component>
      <object_component id="oc-aa">
         <name>.text:_ADCINT4_ISR</name>
         <load_address>0x177</load_address>
         <run_address>0x177</run_address>
         <size>0x5</size>
         <input_file_ref idref="fl-17"/>
      </object_component>
      <object_component id="oc-ab">
         <name>.text:_ADCINT5_ISR</name>
         <load_address>0x17c</load_address>
         <run_address>0x17c</run_address>
         <size>0x5</size>
         <input_file_ref idref="fl-17"/>
      </object_component>
      <object_component id="oc-ac">
         <name>.text:_ADCINT6_ISR</name>
         <load_address>0x181</load_address>
         <run_address>0x181</run_address>
         <size>0x5</size>
         <input_file_ref idref="fl-17"/>
      </object_component>
      <object_component id="oc-ad">
         <name>.text:_ADCINT7_ISR</name>
         <load_address>0x186</load_address>
         <run_address>0x186</run_address>
         <size>0x5</size>
         <input_file_ref idref="fl-17"/>
      </object_component>
      <object_component id="oc-ae">
         <name>.text:_ADCINT8_ISR</name>
         <load_address>0x18b</load_address>
         <run_address>0x18b</run_address>
         <size>0x5</size>
         <input_file_ref idref="fl-17"/>
      </object_component>
      <object_component id="oc-97">
         <name>.text:_ADCINT9_ISR</name>
         <load_address>0x190</load_address>
         <run_address>0x190</run_address>
         <size>0x5</size>
         <input_file_ref idref="fl-17"/>
      </object_component>
      <object_component id="oc-82">
         <name>.text:_DATALOG_ISR</name>
         <load_address>0x195</load_address>
         <run_address>0x195</run_address>
         <size>0x5</size>
         <input_file_ref idref="fl-17"/>
      </object_component>
      <object_component id="oc-a2">
         <name>.text:_ECAP1_INT_ISR</name>
         <load_address>0x19a</load_address>
         <run_address>0x19a</run_address>
         <size>0x5</size>
         <input_file_ref idref="fl-17"/>
      </object_component>
      <object_component id="oc-b0">
         <name>.text:_EMPTY_ISR</name>
         <load_address>0x19f</load_address>
         <run_address>0x19f</run_address>
         <size>0x5</size>
         <input_file_ref idref="fl-17"/>
      </object_component>
      <object_component id="oc-84">
         <name>.text:_EMUINT_ISR</name>
         <load_address>0x1a4</load_address>
         <run_address>0x1a4</run_address>
         <size>0x5</size>
         <input_file_ref idref="fl-17"/>
      </object_component>
      <object_component id="oc-9e">
         <name>.text:_EPWM1_INT_ISR</name>
         <load_address>0x1a9</load_address>
         <run_address>0x1a9</run_address>
         <size>0x5</size>
         <input_file_ref idref="fl-17"/>
      </object_component>
      <object_component id="oc-9a">
         <name>.text:_EPWM1_TZINT_ISR</name>
         <load_address>0x1ae</load_address>
         <run_address>0x1ae</run_address>
         <size>0x5</size>
         <input_file_ref idref="fl-17"/>
      </object_component>
      <object_component id="oc-9f">
         <name>.text:_EPWM2_INT_ISR</name>
         <load_address>0x1b3</load_address>
         <run_address>0x1b3</run_address>
         <size>0x5</size>
         <input_file_ref idref="fl-17"/>
      </object_component>
      <object_component id="oc-10e">
         <name>.text</name>
         <load_address>0x1b4</load_address>
         <run_address>0x1b4</run_address>
         <size>0x15a</size>
         <input_file_ref idref="fl-3"/>
      </object_component>
      <object_component id="oc-9b">
         <name>.text:_EPWM2_TZINT_ISR</name>
         <load_address>0x1b8</load_address>
         <run_address>0x1b8</run_address>
         <size>0x5</size>
         <input_file_ref idref="fl-17"/>
      </object_component>
      <object_component id="oc-a0">
         <name>.text:_EPWM3_INT_ISR</name>
         <load_address>0x1bd</load_address>
         <run_address>0x1bd</run_address>
         <size>0x5</size>
         <input_file_ref idref="fl-17"/>
      </object_component>
      <object_component id="oc-9c">
         <name>.text:_EPWM3_TZINT_ISR</name>
         <load_address>0x1c2</load_address>
         <run_address>0x1c2</run_address>
         <size>0x5</size>
         <input_file_ref idref="fl-17"/>
      </object_component>
      <object_component id="oc-a1">
         <name>.text:_EPWM4_INT_ISR</name>
         <load_address>0x1c7</load_address>
         <run_address>0x1c7</run_address>
         <size>0x5</size>
         <input_file_ref idref="fl-17"/>
      </object_component>
      <object_component id="oc-9d">
         <name>.text:_EPWM4_TZINT_ISR</name>
         <load_address>0x1cc</load_address>
         <run_address>0x1cc</run_address>
         <size>0x5</size>
         <input_file_ref idref="fl-17"/>
      </object_component>
      <object_component id="oc-a5">
         <name>.text:_I2CINT1A_ISR</name>
         <load_address>0x1d1</load_address>
         <run_address>0x1d1</run_address>
         <size>0x5</size>
         <input_file_ref idref="fl-17"/>
      </object_component>
      <object_component id="oc-a6">
         <name>.text:_I2CINT2A_ISR</name>
         <load_address>0x1d6</load_address>
         <run_address>0x1d6</run_address>
         <size>0x5</size>
         <input_file_ref idref="fl-17"/>
      </object_component>
      <object_component id="oc-86">
         <name>.text:_ILLEGAL_ISR</name>
         <load_address>0x1db</load_address>
         <run_address>0x1db</run_address>
         <size>0x5</size>
         <input_file_ref idref="fl-17"/>
      </object_component>
      <object_component id="oc-80">
         <name>.text:_INT13_ISR</name>
         <load_address>0x1e0</load_address>
         <run_address>0x1e0</run_address>
         <size>0x5</size>
         <input_file_ref idref="fl-17"/>
      </object_component>
      <object_component id="oc-81">
         <name>.text:_INT14_ISR</name>
         <load_address>0x1e5</load_address>
         <run_address>0x1e5</run_address>
         <size>0x5</size>
         <input_file_ref idref="fl-17"/>
      </object_component>
      <object_component id="oc-85">
         <name>.text:_NMI_ISR</name>
         <load_address>0x1ea</load_address>
         <run_address>0x1ea</run_address>
         <size>0x5</size>
         <input_file_ref idref="fl-17"/>
      </object_component>
      <object_component id="oc-b1">
         <name>.text:_PIE_RESERVED</name>
         <load_address>0x1ef</load_address>
         <run_address>0x1ef</run_address>
         <size>0x5</size>
         <input_file_ref idref="fl-17"/>
      </object_component>
      <object_component id="oc-66">
         <name>.text:_PIE_illegalIsr</name>
         <load_address>0x1f4</load_address>
         <run_address>0x1f4</run_address>
         <size>0x5</size>
         <input_file_ref idref="fl-12"/>
      </object_component>
      <object_component id="oc-83">
         <name>.text:_RTOSINT_ISR</name>
         <load_address>0x1f9</load_address>
         <run_address>0x1f9</run_address>
         <size>0x5</size>
         <input_file_ref idref="fl-17"/>
      </object_component>
      <object_component id="oc-a7">
         <name>.text:_SCIRXINTA_ISR</name>
         <load_address>0x1fe</load_address>
         <run_address>0x1fe</run_address>
         <size>0x5</size>
         <input_file_ref idref="fl-17"/>
      </object_component>
      <object_component id="oc-a8">
         <name>.text:_SCITXINTA_ISR</name>
         <load_address>0x203</load_address>
         <run_address>0x203</run_address>
         <size>0x5</size>
         <input_file_ref idref="fl-17"/>
      </object_component>
      <object_component id="oc-a3">
         <name>.text:_SPIRXINTA_ISR</name>
         <load_address>0x208</load_address>
         <run_address>0x208</run_address>
         <size>0x5</size>
         <input_file_ref idref="fl-17"/>
      </object_component>
      <object_component id="oc-a4">
         <name>.text:_SPITXINTA_ISR</name>
         <load_address>0x20d</load_address>
         <run_address>0x20d</run_address>
         <size>0x5</size>
         <input_file_ref idref="fl-17"/>
      </object_component>
      <object_component id="oc-98">
         <name>.text:_TINT0_ISR</name>
         <load_address>0x212</load_address>
         <run_address>0x212</run_address>
         <size>0x5</size>
         <input_file_ref idref="fl-17"/>
      </object_component>
      <object_component id="oc-90">
         <name>.text:_USER10_ISR</name>
         <load_address>0x217</load_address>
         <run_address>0x217</run_address>
         <size>0x5</size>
         <input_file_ref idref="fl-17"/>
      </object_component>
      <object_component id="oc-91">
         <name>.text:_USER11_ISR</name>
         <load_address>0x21c</load_address>
         <run_address>0x21c</run_address>
         <size>0x5</size>
         <input_file_ref idref="fl-17"/>
      </object_component>
      <object_component id="oc-92">
         <name>.text:_USER12_ISR</name>
         <load_address>0x221</load_address>
         <run_address>0x221</run_address>
         <size>0x5</size>
         <input_file_ref idref="fl-17"/>
      </object_component>
      <object_component id="oc-87">
         <name>.text:_USER1_ISR</name>
         <load_address>0x226</load_address>
         <run_address>0x226</run_address>
         <size>0x5</size>
         <input_file_ref idref="fl-17"/>
      </object_component>
      <object_component id="oc-88">
         <name>.text:_USER2_ISR</name>
         <load_address>0x22b</load_address>
         <run_address>0x22b</run_address>
         <size>0x5</size>
         <input_file_ref idref="fl-17"/>
      </object_component>
      <object_component id="oc-89">
         <name>.text:_USER3_ISR</name>
         <load_address>0x230</load_address>
         <run_address>0x230</run_address>
         <size>0x5</size>
         <input_file_ref idref="fl-17"/>
      </object_component>
      <object_component id="oc-8a">
         <name>.text:_USER4_ISR</name>
         <load_address>0x235</load_address>
         <run_address>0x235</run_address>
         <size>0x5</size>
         <input_file_ref idref="fl-17"/>
      </object_component>
      <object_component id="oc-8b">
         <name>.text:_USER5_ISR</name>
         <load_address>0x23a</load_address>
         <run_address>0x23a</run_address>
         <size>0x5</size>
         <input_file_ref idref="fl-17"/>
      </object_component>
      <object_component id="oc-8c">
         <name>.text:_USER6_ISR</name>
         <load_address>0x23f</load_address>
         <run_address>0x23f</run_address>
         <size>0x5</size>
         <input_file_ref idref="fl-17"/>
      </object_component>
      <object_component id="oc-8d">
         <name>.text:_USER7_ISR</name>
         <load_address>0x244</load_address>
         <run_address>0x244</run_address>
         <size>0x5</size>
         <input_file_ref idref="fl-17"/>
      </object_component>
      <object_component id="oc-8e">
         <name>.text:_USER8_ISR</name>
         <load_address>0x249</load_address>
         <run_address>0x249</run_address>
         <size>0x5</size>
         <input_file_ref idref="fl-17"/>
      </object_component>
      <object_component id="oc-8f">
         <name>.text:_USER9_ISR</name>
         <load_address>0x24e</load_address>
         <run_address>0x24e</run_address>
         <size>0x5</size>
         <input_file_ref idref="fl-17"/>
      </object_component>
      <object_component id="oc-99">
         <name>.text:_WAKEINT_ISR</name>
         <load_address>0x253</load_address>
         <run_address>0x253</run_address>
         <size>0x5</size>
         <input_file_ref idref="fl-17"/>
      </object_component>
      <object_component id="oc-95">
         <name>.text:_XINT1_ISR</name>
         <load_address>0x258</load_address>
         <run_address>0x258</run_address>
         <size>0x5</size>
         <input_file_ref idref="fl-17"/>
      </object_component>
      <object_component id="oc-96">
         <name>.text:_XINT2_ISR</name>
         <load_address>0x25d</load_address>
         <run_address>0x25d</run_address>
         <size>0x5</size>
         <input_file_ref idref="fl-17"/>
      </object_component>
      <object_component id="oc-af">
         <name>.text:_XINT3_ISR</name>
         <load_address>0x262</load_address>
         <run_address>0x262</run_address>
         <size>0x5</size>
         <input_file_ref idref="fl-17"/>
      </object_component>
      <object_component id="oc-b2">
         <name>.text:_rsvd_ISR</name>
         <load_address>0x267</load_address>
         <run_address>0x267</run_address>
         <size>0x5</size>
         <input_file_ref idref="fl-17"/>
      </object_component>
      <object_component id="oc-12e">
         <name>.text:_CPU_enableInt</name>
         <load_address>0x26c</load_address>
         <run_address>0x26c</run_address>
         <size>0x4</size>
         <input_file_ref idref="fl-e"/>
      </object_component>
      <object_component id="oc-11b">
         <name>.text:_CPU_init</name>
         <load_address>0x270</load_address>
         <run_address>0x270</run_address>
         <size>0x4</size>
         <input_file_ref idref="fl-e"/>
      </object_component>
      <object_component id="oc-133">
         <name>.text:_PWM_enableSocAPulse</name>
         <load_address>0x274</load_address>
         <run_address>0x274</run_address>
         <size>0x4</size>
         <input_file_ref idref="fl-14"/>
      </object_component>
      <object_component id="oc-14b">
         <name>.text:_CPU_clearIntFlags</name>
         <load_address>0x278</load_address>
         <run_address>0x278</run_address>
         <size>0x3</size>
         <input_file_ref idref="fl-e"/>
      </object_component>
      <object_component id="oc-14a">
         <name>.text:_CPU_disableGlobalInts</name>
         <load_address>0x27b</load_address>
         <run_address>0x27b</run_address>
         <size>0x3</size>
         <input_file_ref idref="fl-e"/>
      </object_component>
      <object_component id="oc-131">
         <name>.text:_CPU_enableDebugInt</name>
         <load_address>0x27e</load_address>
         <run_address>0x27e</run_address>
         <size>0x3</size>
         <input_file_ref idref="fl-e"/>
      </object_component>
      <object_component id="oc-130">
         <name>.text:_CPU_enableGlobalInts</name>
         <load_address>0x281</load_address>
         <run_address>0x281</run_address>
         <size>0x3</size>
         <input_file_ref idref="fl-e"/>
      </object_component>
      <object_component id="oc-148">
         <name>.text:_PIE_disable</name>
         <load_address>0x284</load_address>
         <run_address>0x284</run_address>
         <size>0x3</size>
         <input_file_ref idref="fl-12"/>
      </object_component>
      <object_component id="oc-124">
         <name>.text:_PIE_enable</name>
         <load_address>0x287</load_address>
         <run_address>0x287</run_address>
         <size>0x3</size>
         <input_file_ref idref="fl-12"/>
      </object_component>
      <object_component id="oc-12f">
         <name>.text:_PIE_enableTimer0Int</name>
         <load_address>0x28a</load_address>
         <run_address>0x28a</run_address>
         <size>0x3</size>
         <input_file_ref idref="fl-12"/>
      </object_component>
      <object_component id="oc-153">
         <name>.text:_PLL_getClkStatus</name>
         <load_address>0x28d</load_address>
         <run_address>0x28d</run_address>
         <size>0x3</size>
         <input_file_ref idref="fl-13"/>
      </object_component>
      <object_component id="oc-156">
         <name>.text:_PLL_getLockStatus</name>
         <load_address>0x290</load_address>
         <run_address>0x290</run_address>
         <size>0x3</size>
         <input_file_ref idref="fl-13"/>
      </object_component>
      <object_component id="oc-12c">
         <name>.text:_TIMER_enableInt</name>
         <load_address>0x293</load_address>
         <run_address>0x293</run_address>
         <size>0x3</size>
         <input_file_ref idref="fl-15"/>
      </object_component>
      <object_component id="oc-12a">
         <name>.text:_TIMER_reload</name>
         <load_address>0x296</load_address>
         <run_address>0x296</run_address>
         <size>0x3</size>
         <input_file_ref idref="fl-15"/>
      </object_component>
      <object_component id="oc-12d">
         <name>.text:_TIMER_start</name>
         <load_address>0x299</load_address>
         <run_address>0x299</run_address>
         <size>0x3</size>
         <input_file_ref idref="fl-15"/>
      </object_component>
      <object_component id="oc-127">
         <name>.text:_TIMER_stop</name>
         <load_address>0x29c</load_address>
         <run_address>0x29c</run_address>
         <size>0x3</size>
         <input_file_ref idref="fl-15"/>
      </object_component>
      <object_component id="oc-128">
         <name>.text:_TIMER_setPeriod</name>
         <load_address>0x29f</load_address>
         <run_address>0x29f</run_address>
         <size>0x2</size>
         <input_file_ref idref="fl-15"/>
      </object_component>
      <object_component id="oc-113">
         <name>.text</name>
         <load_address>0x2a1</load_address>
         <run_address>0x2a1</run_address>
         <size>0x2</size>
         <input_file_ref idref="fl-22"/>
      </object_component>
      <object_component id="oc-115">
         <name>.text</name>
         <load_address>0x2a3</load_address>
         <run_address>0x2a3</run_address>
         <size>0x1</size>
         <input_file_ref idref="fl-24"/>
      </object_component>
      <object_component id="oc-d4">
         <name>.text</name>
         <load_address>0x30e</load_address>
         <run_address>0x30e</run_address>
         <size>0x83</size>
         <input_file_ref idref="fl-1d"/>
      </object_component>
      <object_component id="oc-d9">
         <name>.text</name>
         <load_address>0x391</load_address>
         <run_address>0x391</run_address>
         <size>0x5a</size>
         <input_file_ref idref="fl-1e"/>
      </object_component>
      <object_component id="oc-13b">
         <name>.text:_PLL_setup</name>
         <load_address>0x3eb</load_address>
         <run_address>0x3eb</run_address>
         <size>0x15</size>
         <input_file_ref idref="fl-13"/>
      </object_component>
      <object_component id="oc-10f">
         <name>.text</name>
         <load_address>0x8000</load_address>
         <run_address>0x8000</run_address>
         <size>0x400</size>
         <input_file_ref idref="fl-4"/>
      </object_component>
      <object_component id="oc-110">
         <name>.text</name>
         <load_address>0x8400</load_address>
         <run_address>0x8400</run_address>
         <size>0x103</size>
         <input_file_ref idref="fl-2"/>
      </object_component>
      <object_component id="oc-ca">
         <name>.text</name>
         <load_address>0x8503</load_address>
         <run_address>0x8503</run_address>
         <size>0x78</size>
         <input_file_ref idref="fl-1b"/>
      </object_component>
      <object_component id="oc-b7">
         <name>.text</name>
         <load_address>0x857b</load_address>
         <run_address>0x857b</run_address>
         <size>0x54</size>
         <input_file_ref idref="fl-18"/>
      </object_component>
      <object_component id="oc-136">
         <name>.text:_GPIO_setMode</name>
         <load_address>0x85cf</load_address>
         <run_address>0x85cf</run_address>
         <size>0x48</size>
         <input_file_ref idref="fl-11"/>
      </object_component>
      <object_component id="oc-118">
         <name>.text</name>
         <load_address>0x8617</load_address>
         <run_address>0x8617</run_address>
         <size>0x2c</size>
         <input_file_ref idref="fl-23"/>
      </object_component>
      <object_component id="oc-137">
         <name>.text:_GPIO_setDirection</name>
         <load_address>0x8643</load_address>
         <run_address>0x8643</run_address>
         <size>0x29</size>
         <input_file_ref idref="fl-11"/>
      </object_component>
      <object_component id="oc-117">
         <name>.text</name>
         <load_address>0x866c</load_address>
         <run_address>0x866c</run_address>
         <size>0x29</size>
         <input_file_ref idref="fl-1a"/>
      </object_component>
      <object_component id="oc-114">
         <name>.text</name>
         <load_address>0x8695</load_address>
         <run_address>0x8695</run_address>
         <size>0x24</size>
         <input_file_ref idref="fl-19"/>
      </object_component>
      <object_component id="oc-143">
         <name>.text:_ADC_setIntMode</name>
         <load_address>0x86b9</load_address>
         <run_address>0x86b9</run_address>
         <size>0x22</size>
         <input_file_ref idref="fl-c"/>
      </object_component>
      <object_component id="oc-144">
         <name>.text:_ADC_setIntSrc</name>
         <load_address>0x86db</load_address>
         <run_address>0x86db</run_address>
         <size>0x22</size>
         <input_file_ref idref="fl-c"/>
      </object_component>
      <object_component id="oc-de">
         <name>.text</name>
         <load_address>0x86fd</load_address>
         <run_address>0x86fd</run_address>
         <size>0x1d</size>
         <input_file_ref idref="fl-1f"/>
      </object_component>
      <object_component id="oc-14d">
         <name>.text</name>
         <load_address>0x871a</load_address>
         <run_address>0x871a</run_address>
         <size>0x1d</size>
         <input_file_ref idref="fl-21"/>
      </object_component>
      <object_component id="oc-e3">
         <name>.text</name>
         <load_address>0x8737</load_address>
         <run_address>0x8737</run_address>
         <size>0x1a</size>
         <input_file_ref idref="fl-20"/>
      </object_component>
      <object_component id="oc-116">
         <name>.text</name>
         <load_address>0x8751</load_address>
         <run_address>0x8751</run_address>
         <size>0x19</size>
         <input_file_ref idref="fl-27"/>
      </object_component>
      <object_component id="oc-142">
         <name>.text:_ADC_enableInt</name>
         <load_address>0x876a</load_address>
         <run_address>0x876a</run_address>
         <size>0x17</size>
         <input_file_ref idref="fl-c"/>
      </object_component>
      <object_component id="oc-cf">
         <name>.text</name>
         <load_address>0x8781</load_address>
         <run_address>0x8781</run_address>
         <size>0x17</size>
         <input_file_ref idref="fl-1c"/>
      </object_component>
      <object_component id="oc-111">
         <name>.text:_GPIO_setHigh</name>
         <load_address>0x8798</load_address>
         <run_address>0x8798</run_address>
         <size>0x14</size>
         <input_file_ref idref="fl-11"/>
      </object_component>
      <object_component id="oc-112">
         <name>.text:_GPIO_setLow</name>
         <load_address>0x87ac</load_address>
         <run_address>0x87ac</run_address>
         <size>0x14</size>
         <input_file_ref idref="fl-11"/>
      </object_component>
      <object_component id="oc-10d">
         <name>.text:_GPIO_toggle</name>
         <load_address>0x87c0</load_address>
         <run_address>0x87c0</run_address>
         <size>0x14</size>
         <input_file_ref idref="fl-11"/>
      </object_component>
      <object_component id="oc-14c">
         <name>.text:_PIE_enableAdcInt</name>
         <load_address>0x87d4</load_address>
         <run_address>0x87d4</run_address>
         <size>0x14</size>
         <input_file_ref idref="fl-12"/>
      </object_component>
      <object_component id="oc-129">
         <name>.text:_TIMER_setPreScaler</name>
         <load_address>0x87e8</load_address>
         <run_address>0x87e8</run_address>
         <size>0x13</size>
         <input_file_ref idref="fl-15"/>
      </object_component>
      <object_component id="oc-93">
         <name>.text:_ADCINT1_ISR</name>
         <load_address>0x87fb</load_address>
         <run_address>0x87fb</run_address>
         <size>0x5</size>
         <input_file_ref idref="fl-17"/>
      </object_component>
      <object_component id="oc-1c">
         <name>.cinit</name>
         <load_address>0x0</load_address>
         <run_address>0x0</run_address>
         <size>0x30</size>
         <input_file_ref idref="fl-4"/>
      </object_component>
      <object_component id="oc-c4">
         <name>.cinit</name>
         <load_address>0x30</load_address>
         <run_address>0x30</run_address>
         <size>0xe</size>
         <input_file_ref idref="fl-1a"/>
      </object_component>
      <object_component id="oc-f3">
         <name>.cinit</name>
         <load_address>0x48</load_address>
         <run_address>0x48</run_address>
         <size>0x5</size>
         <input_file_ref idref="fl-23"/>
      </object_component>
      <object_component id="oc-151">
         <name>.cinit:__unlock</name>
         <load_address>0x43</load_address>
         <run_address>0x43</run_address>
         <size>0x5</size>
         <input_file_ref idref="fl-26"/>
      </object_component>
      <object_component id="oc-14f">
         <name>.cinit:__lock</name>
         <load_address>0x3e</load_address>
         <run_address>0x3e</run_address>
         <size>0x5</size>
         <input_file_ref idref="fl-26"/>
      </object_component>
      <object_component id="oc-b9">
         <name>.reset</name>
         <load_address>0x3fffc0</load_address>
         <run_address>0x3fffc0</run_address>
         <size>0x2</size>
         <input_file_ref idref="fl-18"/>
      </object_component>
      <object_component id="oc-b8">
         <name>.stack</name>
         <uninitialized>true</uninitialized>
         <run_address>0x400</run_address>
         <size>0x0</size>
         <input_file_ref idref="fl-18"/>
      </object_component>
      <object_component id="oc-1b3">
         <name>.stack</name>
         <uninitialized>true</uninitialized>
         <run_address>0x400</run_address>
         <size>0x0</size>
      </object_component>
      <object_component id="oc-1d">
         <name>.ebss</name>
         <uninitialized>true</uninitialized>
         <run_address>0x700</run_address>
         <size>0x80</size>
         <input_file_ref idref="fl-4"/>
      </object_component>
      <object_component id="oc-51">
         <name>.ebss</name>
         <uninitialized>true</uninitialized>
         <run_address>0x78c</run_address>
         <size>0x1</size>
         <input_file_ref idref="fl-e"/>
      </object_component>
      <object_component id="oc-c5">
         <name>.ebss</name>
         <uninitialized>true</uninitialized>
         <run_address>0x780</run_address>
         <size>0x6</size>
         <input_file_ref idref="fl-1a"/>
      </object_component>
      <object_component id="oc-f4">
         <name>.ebss</name>
         <uninitialized>true</uninitialized>
         <run_address>0x78a</run_address>
         <size>0x2</size>
         <input_file_ref idref="fl-23"/>
      </object_component>
      <object_component id="oc-150">
         <name>.ebss:__unlock</name>
         <uninitialized>true</uninitialized>
         <run_address>0x788</run_address>
         <size>0x2</size>
         <input_file_ref idref="fl-26"/>
      </object_component>
      <object_component id="oc-14e">
         <name>.ebss:__lock</name>
         <uninitialized>true</uninitialized>
         <run_address>0x786</run_address>
         <size>0x2</size>
         <input_file_ref idref="fl-26"/>
      </object_component>
      <object_component id="oc-152">
         <name>.econst:_PIE_tableDebugInit</name>
         <load_address>0x600</load_address>
         <run_address>0x600</run_address>
         <size>0x100</size>
         <input_file_ref idref="fl-12"/>
      </object_component>
      <object_component id="oc-11">
         <name>.debug_info</name>
         <load_address>0x0</load_address>
         <run_address>0x0</run_address>
         <size>0xa06</size>
         <input_file_ref idref="fl-2"/>
      </object_component>
      <object_component id="oc-16">
         <name>.debug_info</name>
         <load_address>0xa06</load_address>
         <run_address>0xa06</run_address>
         <size>0xa49</size>
         <input_file_ref idref="fl-3"/>
      </object_component>
      <object_component id="oc-1b">
         <name>.debug_info</name>
         <load_address>0x144f</load_address>
         <run_address>0x144f</run_address>
         <size>0xb188</size>
         <input_file_ref idref="fl-4"/>
      </object_component>
      <object_component id="oc-23">
         <name>.debug_info</name>
         <load_address>0xc5d7</load_address>
         <run_address>0xc5d7</run_address>
         <size>0xb0d8</size>
         <input_file_ref idref="fl-b"/>
      </object_component>
      <object_component id="oc-46">
         <name>.debug_info</name>
         <load_address>0x176af</load_address>
         <run_address>0x176af</run_address>
         <size>0x296b</size>
         <input_file_ref idref="fl-c"/>
      </object_component>
      <object_component id="oc-4b">
         <name>.debug_info</name>
         <load_address>0x1a01a</load_address>
         <run_address>0x1a01a</run_address>
         <size>0xe30</size>
         <input_file_ref idref="fl-d"/>
      </object_component>
      <object_component id="oc-50">
         <name>.debug_info</name>
         <load_address>0x1ae4a</load_address>
         <run_address>0x1ae4a</run_address>
         <size>0xa77</size>
         <input_file_ref idref="fl-e"/>
      </object_component>
      <object_component id="oc-57">
         <name>.debug_info</name>
         <load_address>0x1b8c1</load_address>
         <run_address>0x1b8c1</run_address>
         <size>0x1eb</size>
         <input_file_ref idref="fl-f"/>
      </object_component>
      <object_component id="oc-5b">
         <name>.debug_info</name>
         <load_address>0x1baac</load_address>
         <run_address>0x1baac</run_address>
         <size>0xc8c</size>
         <input_file_ref idref="fl-10"/>
      </object_component>
      <object_component id="oc-60">
         <name>.debug_info</name>
         <load_address>0x1c738</load_address>
         <run_address>0x1c738</run_address>
         <size>0x1c93</size>
         <input_file_ref idref="fl-11"/>
      </object_component>
      <object_component id="oc-65">
         <name>.debug_info</name>
         <load_address>0x1e3cb</load_address>
         <run_address>0x1e3cb</run_address>
         <size>0x2f4f</size>
         <input_file_ref idref="fl-12"/>
      </object_component>
      <object_component id="oc-6b">
         <name>.debug_info</name>
         <load_address>0x2131a</load_address>
         <run_address>0x2131a</run_address>
         <size>0xd6c</size>
         <input_file_ref idref="fl-13"/>
      </object_component>
      <object_component id="oc-70">
         <name>.debug_info</name>
         <load_address>0x22086</load_address>
         <run_address>0x22086</run_address>
         <size>0x2860</size>
         <input_file_ref idref="fl-14"/>
      </object_component>
      <object_component id="oc-75">
         <name>.debug_info</name>
         <load_address>0x248e6</load_address>
         <run_address>0x248e6</run_address>
         <size>0xd58</size>
         <input_file_ref idref="fl-15"/>
      </object_component>
      <object_component id="oc-7a">
         <name>.debug_info</name>
         <load_address>0x2563e</load_address>
         <run_address>0x2563e</run_address>
         <size>0x7a9</size>
         <input_file_ref idref="fl-16"/>
      </object_component>
      <object_component id="oc-7f">
         <name>.debug_info</name>
         <load_address>0x25de7</load_address>
         <run_address>0x25de7</run_address>
         <size>0x2d3e</size>
         <input_file_ref idref="fl-17"/>
      </object_component>
      <object_component id="oc-ba">
         <name>.debug_info</name>
         <load_address>0x28b25</load_address>
         <run_address>0x28b25</run_address>
         <size>0x16b</size>
         <input_file_ref idref="fl-18"/>
      </object_component>
      <object_component id="oc-be">
         <name>.debug_info</name>
         <load_address>0x28c90</load_address>
         <run_address>0x28c90</run_address>
         <size>0x51a</size>
         <input_file_ref idref="fl-19"/>
      </object_component>
      <object_component id="oc-c3">
         <name>.debug_info</name>
         <load_address>0x291aa</load_address>
         <run_address>0x291aa</run_address>
         <size>0x504</size>
         <input_file_ref idref="fl-1a"/>
      </object_component>
      <object_component id="oc-cb">
         <name>.debug_info</name>
         <load_address>0x296ae</load_address>
         <run_address>0x296ae</run_address>
         <size>0x10c</size>
         <input_file_ref idref="fl-1b"/>
      </object_component>
      <object_component id="oc-d0">
         <name>.debug_info</name>
         <load_address>0x297ba</load_address>
         <run_address>0x297ba</run_address>
         <size>0x10c</size>
         <input_file_ref idref="fl-1c"/>
      </object_component>
      <object_component id="oc-d5">
         <name>.debug_info</name>
         <load_address>0x298c6</load_address>
         <run_address>0x298c6</run_address>
         <size>0x10c</size>
         <input_file_ref idref="fl-1d"/>
      </object_component>
      <object_component id="oc-da">
         <name>.debug_info</name>
         <load_address>0x299d2</load_address>
         <run_address>0x299d2</run_address>
         <size>0x10c</size>
         <input_file_ref idref="fl-1e"/>
      </object_component>
      <object_component id="oc-df">
         <name>.debug_info</name>
         <load_address>0x29ade</load_address>
         <run_address>0x29ade</run_address>
         <size>0x118</size>
         <input_file_ref idref="fl-1f"/>
      </object_component>
      <object_component id="oc-e4">
         <name>.debug_info</name>
         <load_address>0x29bf6</load_address>
         <run_address>0x29bf6</run_address>
         <size>0x116</size>
         <input_file_ref idref="fl-20"/>
      </object_component>
      <object_component id="oc-e8">
         <name>.debug_info</name>
         <load_address>0x29d0c</load_address>
         <run_address>0x29d0c</run_address>
         <size>0x3c8</size>
         <input_file_ref idref="fl-21"/>
      </object_component>
      <object_component id="oc-ed">
         <name>.debug_info</name>
         <load_address>0x2a0d4</load_address>
         <run_address>0x2a0d4</run_address>
         <size>0x33b</size>
         <input_file_ref idref="fl-22"/>
      </object_component>
      <object_component id="oc-f2">
         <name>.debug_info</name>
         <load_address>0x2a40f</load_address>
         <run_address>0x2a40f</run_address>
         <size>0x3eb</size>
         <input_file_ref idref="fl-23"/>
      </object_component>
      <object_component id="oc-f9">
         <name>.debug_info</name>
         <load_address>0x2a7fa</load_address>
         <run_address>0x2a7fa</run_address>
         <size>0x338</size>
         <input_file_ref idref="fl-24"/>
      </object_component>
      <object_component id="oc-ff">
         <name>.debug_info</name>
         <load_address>0x2ab32</load_address>
         <run_address>0x2ab32</run_address>
         <size>0x110</size>
         <input_file_ref idref="fl-25"/>
      </object_component>
      <object_component id="oc-103">
         <name>.debug_info</name>
         <load_address>0x2ac42</load_address>
         <run_address>0x2ac42</run_address>
         <size>0x45a</size>
         <input_file_ref idref="fl-26"/>
      </object_component>
      <object_component id="oc-108">
         <name>.debug_info</name>
         <load_address>0x2b09c</load_address>
         <run_address>0x2b09c</run_address>
         <size>0x427</size>
         <input_file_ref idref="fl-27"/>
      </object_component>
      <object_component id="oc-1bb">
         <name>.debug_info</name>
         <load_address>0x2b4c3</load_address>
         <run_address>0x2b4c3</run_address>
         <size>0xc1</size>
      </object_component>
      <object_component id="oc-12">
         <name>.debug_frame</name>
         <load_address>0x0</load_address>
         <run_address>0x0</run_address>
         <size>0xa4</size>
         <input_file_ref idref="fl-2"/>
      </object_component>
      <object_component id="oc-17">
         <name>.debug_frame</name>
         <load_address>0xa4</load_address>
         <run_address>0xa4</run_address>
         <size>0xb8</size>
         <input_file_ref idref="fl-3"/>
      </object_component>
      <object_component id="oc-1f">
         <name>.debug_frame</name>
         <load_address>0x15c</load_address>
         <run_address>0x15c</run_address>
         <size>0x290</size>
         <input_file_ref idref="fl-4"/>
      </object_component>
      <object_component id="oc-47">
         <name>.debug_frame</name>
         <load_address>0x640</load_address>
         <run_address>0x640</run_address>
         <size>0x173</size>
         <input_file_ref idref="fl-c"/>
      </object_component>
      <object_component id="oc-4c">
         <name>.debug_frame</name>
         <load_address>0x7b3</load_address>
         <run_address>0x7b3</run_address>
         <size>0xb6</size>
         <input_file_ref idref="fl-d"/>
      </object_component>
      <object_component id="oc-52">
         <name>.debug_frame</name>
         <load_address>0x869</load_address>
         <run_address>0x869</run_address>
         <size>0xe0</size>
         <input_file_ref idref="fl-e"/>
      </object_component>
      <object_component id="oc-5c">
         <name>.debug_frame</name>
         <load_address>0x949</load_address>
         <run_address>0x949</run_address>
         <size>0x77</size>
         <input_file_ref idref="fl-10"/>
      </object_component>
      <object_component id="oc-61">
         <name>.debug_frame</name>
         <load_address>0x9c0</load_address>
         <run_address>0x9c0</run_address>
         <size>0xe0</size>
         <input_file_ref idref="fl-11"/>
      </object_component>
      <object_component id="oc-67">
         <name>.debug_frame</name>
         <load_address>0xaa0</load_address>
         <run_address>0xaa0</run_address>
         <size>0x134</size>
         <input_file_ref idref="fl-12"/>
      </object_component>
      <object_component id="oc-6c">
         <name>.debug_frame</name>
         <load_address>0xbd4</load_address>
         <run_address>0xbd4</run_address>
         <size>0xe0</size>
         <input_file_ref idref="fl-13"/>
      </object_component>
      <object_component id="oc-71">
         <name>.debug_frame</name>
         <load_address>0xcb4</load_address>
         <run_address>0xcb4</run_address>
         <size>0xb6</size>
         <input_file_ref idref="fl-14"/>
      </object_component>
      <object_component id="oc-76">
         <name>.debug_frame</name>
         <load_address>0xd6a</load_address>
         <run_address>0xd6a</run_address>
         <size>0x10a</size>
         <input_file_ref idref="fl-15"/>
      </object_component>
      <object_component id="oc-7b">
         <name>.debug_frame</name>
         <load_address>0xe74</load_address>
         <run_address>0xe74</run_address>
         <size>0x8c</size>
         <input_file_ref idref="fl-16"/>
      </object_component>
      <object_component id="oc-b3">
         <name>.debug_frame</name>
         <load_address>0xf00</load_address>
         <run_address>0xf00</run_address>
         <size>0x491</size>
         <input_file_ref idref="fl-17"/>
      </object_component>
      <object_component id="oc-bf">
         <name>.debug_frame</name>
         <load_address>0x3ec</load_address>
         <run_address>0x3ec</run_address>
         <size>0x58</size>
         <input_file_ref idref="fl-19"/>
      </object_component>
      <object_component id="oc-c6">
         <name>.debug_frame</name>
         <load_address>0x444</load_address>
         <run_address>0x444</run_address>
         <size>0x58</size>
         <input_file_ref idref="fl-1a"/>
      </object_component>
      <object_component id="oc-e9">
         <name>.debug_frame</name>
         <load_address>0x49c</load_address>
         <run_address>0x49c</run_address>
         <size>0x38</size>
         <input_file_ref idref="fl-21"/>
      </object_component>
      <object_component id="oc-ee">
         <name>.debug_frame</name>
         <load_address>0x4d4</load_address>
         <run_address>0x4d4</run_address>
         <size>0x38</size>
         <input_file_ref idref="fl-22"/>
      </object_component>
      <object_component id="oc-f5">
         <name>.debug_frame</name>
         <load_address>0x50c</load_address>
         <run_address>0x50c</run_address>
         <size>0x5c</size>
         <input_file_ref idref="fl-23"/>
      </object_component>
      <object_component id="oc-fa">
         <name>.debug_frame</name>
         <load_address>0x568</load_address>
         <run_address>0x568</run_address>
         <size>0x38</size>
         <input_file_ref idref="fl-24"/>
      </object_component>
      <object_component id="oc-104">
         <name>.debug_frame</name>
         <load_address>0x5a0</load_address>
         <run_address>0x5a0</run_address>
         <size>0x68</size>
         <input_file_ref idref="fl-26"/>
      </object_component>
      <object_component id="oc-109">
         <name>.debug_frame</name>
         <load_address>0x608</load_address>
         <run_address>0x608</run_address>
         <size>0x38</size>
         <input_file_ref idref="fl-27"/>
      </object_component>
      <object_component id="oc-13">
         <name>.debug_line</name>
         <load_address>0x0</load_address>
         <run_address>0x0</run_address>
         <size>0xd7</size>
         <input_file_ref idref="fl-2"/>
      </object_component>
      <object_component id="oc-18">
         <name>.debug_line</name>
         <load_address>0xd7</load_address>
         <run_address>0xd7</run_address>
         <size>0xf9</size>
         <input_file_ref idref="fl-3"/>
      </object_component>
      <object_component id="oc-20">
         <name>.debug_line</name>
         <load_address>0x1d0</load_address>
         <run_address>0x1d0</run_address>
         <size>0x5aa</size>
         <input_file_ref idref="fl-4"/>
      </object_component>
      <object_component id="oc-48">
         <name>.debug_line</name>
         <load_address>0x77a</load_address>
         <run_address>0x77a</run_address>
         <size>0x212</size>
         <input_file_ref idref="fl-c"/>
      </object_component>
      <object_component id="oc-4d">
         <name>.debug_line</name>
         <load_address>0x98c</load_address>
         <run_address>0x98c</run_address>
         <size>0xdd</size>
         <input_file_ref idref="fl-d"/>
      </object_component>
      <object_component id="oc-53">
         <name>.debug_line</name>
         <load_address>0xa69</load_address>
         <run_address>0xa69</run_address>
         <size>0xfb</size>
         <input_file_ref idref="fl-e"/>
      </object_component>
      <object_component id="oc-58">
         <name>.debug_line</name>
         <load_address>0xb64</load_address>
         <run_address>0xb64</run_address>
         <size>0x9d</size>
         <input_file_ref idref="fl-f"/>
      </object_component>
      <object_component id="oc-5d">
         <name>.debug_line</name>
         <load_address>0xc01</load_address>
         <run_address>0xc01</run_address>
         <size>0x84</size>
         <input_file_ref idref="fl-10"/>
      </object_component>
      <object_component id="oc-62">
         <name>.debug_line</name>
         <load_address>0xc85</load_address>
         <run_address>0xc85</run_address>
         <size>0x17e</size>
         <input_file_ref idref="fl-11"/>
      </object_component>
      <object_component id="oc-68">
         <name>.debug_line</name>
         <load_address>0xe03</load_address>
         <run_address>0xe03</run_address>
         <size>0x19f</size>
         <input_file_ref idref="fl-12"/>
      </object_component>
      <object_component id="oc-6d">
         <name>.debug_line</name>
         <load_address>0xfa2</load_address>
         <run_address>0xfa2</run_address>
         <size>0x123</size>
         <input_file_ref idref="fl-13"/>
      </object_component>
      <object_component id="oc-72">
         <name>.debug_line</name>
         <load_address>0x10c5</load_address>
         <run_address>0x10c5</run_address>
         <size>0xd8</size>
         <input_file_ref idref="fl-14"/>
      </object_component>
      <object_component id="oc-77">
         <name>.debug_line</name>
         <load_address>0x119d</load_address>
         <run_address>0x119d</run_address>
         <size>0x148</size>
         <input_file_ref idref="fl-15"/>
      </object_component>
      <object_component id="oc-7c">
         <name>.debug_line</name>
         <load_address>0x12e5</load_address>
         <run_address>0x12e5</run_address>
         <size>0xa3</size>
         <input_file_ref idref="fl-16"/>
      </object_component>
      <object_component id="oc-b4">
         <name>.debug_line</name>
         <load_address>0x1388</load_address>
         <run_address>0x1388</run_address>
         <size>0x4fb</size>
         <input_file_ref idref="fl-17"/>
      </object_component>
      <object_component id="oc-bb">
         <name>.debug_line</name>
         <load_address>0x1883</load_address>
         <run_address>0x1883</run_address>
         <size>0x7d</size>
         <input_file_ref idref="fl-18"/>
      </object_component>
      <object_component id="oc-c0">
         <name>.debug_line</name>
         <load_address>0x1900</load_address>
         <run_address>0x1900</run_address>
         <size>0x50</size>
         <input_file_ref idref="fl-19"/>
      </object_component>
      <object_component id="oc-c7">
         <name>.debug_line</name>
         <load_address>0x1950</load_address>
         <run_address>0x1950</run_address>
         <size>0x65</size>
         <input_file_ref idref="fl-1a"/>
      </object_component>
      <object_component id="oc-cc">
         <name>.debug_line</name>
         <load_address>0x19b5</load_address>
         <run_address>0x19b5</run_address>
         <size>0xa9</size>
         <input_file_ref idref="fl-1b"/>
      </object_component>
      <object_component id="oc-d1">
         <name>.debug_line</name>
         <load_address>0x1a5e</load_address>
         <run_address>0x1a5e</run_address>
         <size>0x52</size>
         <input_file_ref idref="fl-1c"/>
      </object_component>
      <object_component id="oc-d6">
         <name>.debug_line</name>
         <load_address>0x1ab0</load_address>
         <run_address>0x1ab0</run_address>
         <size>0xab</size>
         <input_file_ref idref="fl-1d"/>
      </object_component>
      <object_component id="oc-db">
         <name>.debug_line</name>
         <load_address>0x1b5b</load_address>
         <run_address>0x1b5b</run_address>
         <size>0x8d</size>
         <input_file_ref idref="fl-1e"/>
      </object_component>
      <object_component id="oc-e0">
         <name>.debug_line</name>
         <load_address>0x1be8</load_address>
         <run_address>0x1be8</run_address>
         <size>0x56</size>
         <input_file_ref idref="fl-1f"/>
      </object_component>
      <object_component id="oc-e5">
         <name>.debug_line</name>
         <load_address>0x1c3e</load_address>
         <run_address>0x1c3e</run_address>
         <size>0x52</size>
         <input_file_ref idref="fl-20"/>
      </object_component>
      <object_component id="oc-ea">
         <name>.debug_line</name>
         <load_address>0x1c90</load_address>
         <run_address>0x1c90</run_address>
         <size>0x62</size>
         <input_file_ref idref="fl-21"/>
      </object_component>
      <object_component id="oc-ef">
         <name>.debug_line</name>
         <load_address>0x1cf2</load_address>
         <run_address>0x1cf2</run_address>
         <size>0x3e</size>
         <input_file_ref idref="fl-22"/>
      </object_component>
      <object_component id="oc-f6">
         <name>.debug_line</name>
         <load_address>0x1d30</load_address>
         <run_address>0x1d30</run_address>
         <size>0x57</size>
         <input_file_ref idref="fl-23"/>
      </object_component>
      <object_component id="oc-fb">
         <name>.debug_line</name>
         <load_address>0x1d87</load_address>
         <run_address>0x1d87</run_address>
         <size>0x3a</size>
         <input_file_ref idref="fl-24"/>
      </object_component>
      <object_component id="oc-100">
         <name>.debug_line</name>
         <load_address>0x1dc1</load_address>
         <run_address>0x1dc1</run_address>
         <size>0x49</size>
         <input_file_ref idref="fl-25"/>
      </object_component>
      <object_component id="oc-105">
         <name>.debug_line</name>
         <load_address>0x1e0a</load_address>
         <run_address>0x1e0a</run_address>
         <size>0x5e</size>
         <input_file_ref idref="fl-26"/>
      </object_component>
      <object_component id="oc-10a">
         <name>.debug_line</name>
         <load_address>0x1e68</load_address>
         <run_address>0x1e68</run_address>
         <size>0x55</size>
         <input_file_ref idref="fl-27"/>
      </object_component>
      <object_component id="oc-14">
         <name>.debug_abbrev</name>
         <load_address>0x0</load_address>
         <run_address>0x0</run_address>
         <size>0xc1</size>
         <input_file_ref idref="fl-2"/>
      </object_component>
      <object_component id="oc-19">
         <name>.debug_abbrev</name>
         <load_address>0xc1</load_address>
         <run_address>0xc1</run_address>
         <size>0xd8</size>
         <input_file_ref idref="fl-3"/>
      </object_component>
      <object_component id="oc-21">
         <name>.debug_abbrev</name>
         <load_address>0x199</load_address>
         <run_address>0x199</run_address>
         <size>0x26e</size>
         <input_file_ref idref="fl-4"/>
      </object_component>
      <object_component id="oc-45">
         <name>.debug_abbrev</name>
         <load_address>0x407</load_address>
         <run_address>0x407</run_address>
         <size>0xb7</size>
         <input_file_ref idref="fl-b"/>
      </object_component>
      <object_component id="oc-49">
         <name>.debug_abbrev</name>
         <load_address>0x4be</load_address>
         <run_address>0x4be</run_address>
         <size>0x191</size>
         <input_file_ref idref="fl-c"/>
      </object_component>
      <object_component id="oc-4e">
         <name>.debug_abbrev</name>
         <load_address>0x64f</load_address>
         <run_address>0x64f</run_address>
         <size>0x174</size>
         <input_file_ref idref="fl-d"/>
      </object_component>
      <object_component id="oc-54">
         <name>.debug_abbrev</name>
         <load_address>0x7c3</load_address>
         <run_address>0x7c3</run_address>
         <size>0x11b</size>
         <input_file_ref idref="fl-e"/>
      </object_component>
      <object_component id="oc-59">
         <name>.debug_abbrev</name>
         <load_address>0x8de</load_address>
         <run_address>0x8de</run_address>
         <size>0x21</size>
         <input_file_ref idref="fl-f"/>
      </object_component>
      <object_component id="oc-5e">
         <name>.debug_abbrev</name>
         <load_address>0x8ff</load_address>
         <run_address>0x8ff</run_address>
         <size>0x16e</size>
         <input_file_ref idref="fl-10"/>
      </object_component>
      <object_component id="oc-63">
         <name>.debug_abbrev</name>
         <load_address>0xa6d</load_address>
         <run_address>0xa6d</run_address>
         <size>0x16b</size>
         <input_file_ref idref="fl-11"/>
      </object_component>
      <object_component id="oc-69">
         <name>.debug_abbrev</name>
         <load_address>0xbd8</load_address>
         <run_address>0xbd8</run_address>
         <size>0x1d9</size>
         <input_file_ref idref="fl-12"/>
      </object_component>
      <object_component id="oc-6e">
         <name>.debug_abbrev</name>
         <load_address>0xdb1</load_address>
         <run_address>0xdb1</run_address>
         <size>0x182</size>
         <input_file_ref idref="fl-13"/>
      </object_component>
      <object_component id="oc-73">
         <name>.debug_abbrev</name>
         <load_address>0xf33</load_address>
         <run_address>0xf33</run_address>
         <size>0x176</size>
         <input_file_ref idref="fl-14"/>
      </object_component>
      <object_component id="oc-78">
         <name>.debug_abbrev</name>
         <load_address>0x10a9</load_address>
         <run_address>0x10a9</run_address>
         <size>0x11b</size>
         <input_file_ref idref="fl-15"/>
      </object_component>
      <object_component id="oc-7d">
         <name>.debug_abbrev</name>
         <load_address>0x11c4</load_address>
         <run_address>0x11c4</run_address>
         <size>0x11d</size>
         <input_file_ref idref="fl-16"/>
      </object_component>
      <object_component id="oc-b5">
         <name>.debug_abbrev</name>
         <load_address>0x12e1</load_address>
         <run_address>0x12e1</run_address>
         <size>0xb6</size>
         <input_file_ref idref="fl-17"/>
      </object_component>
      <object_component id="oc-bc">
         <name>.debug_abbrev</name>
         <load_address>0x1397</load_address>
         <run_address>0x1397</run_address>
         <size>0x46</size>
         <input_file_ref idref="fl-18"/>
      </object_component>
      <object_component id="oc-c1">
         <name>.debug_abbrev</name>
         <load_address>0x13dd</load_address>
         <run_address>0x13dd</run_address>
         <size>0xfc</size>
         <input_file_ref idref="fl-19"/>
      </object_component>
      <object_component id="oc-c8">
         <name>.debug_abbrev</name>
         <load_address>0x14d9</load_address>
         <run_address>0x14d9</run_address>
         <size>0x142</size>
         <input_file_ref idref="fl-1a"/>
      </object_component>
      <object_component id="oc-cd">
         <name>.debug_abbrev</name>
         <load_address>0x161b</load_address>
         <run_address>0x161b</run_address>
         <size>0x38</size>
         <input_file_ref idref="fl-1b"/>
      </object_component>
      <object_component id="oc-d2">
         <name>.debug_abbrev</name>
         <load_address>0x1653</load_address>
         <run_address>0x1653</run_address>
         <size>0x38</size>
         <input_file_ref idref="fl-1c"/>
      </object_component>
      <object_component id="oc-d7">
         <name>.debug_abbrev</name>
         <load_address>0x168b</load_address>
         <run_address>0x168b</run_address>
         <size>0x38</size>
         <input_file_ref idref="fl-1d"/>
      </object_component>
      <object_component id="oc-dc">
         <name>.debug_abbrev</name>
         <load_address>0x16c3</load_address>
         <run_address>0x16c3</run_address>
         <size>0x38</size>
         <input_file_ref idref="fl-1e"/>
      </object_component>
      <object_component id="oc-e1">
         <name>.debug_abbrev</name>
         <load_address>0x16fb</load_address>
         <run_address>0x16fb</run_address>
         <size>0x38</size>
         <input_file_ref idref="fl-1f"/>
      </object_component>
      <object_component id="oc-e6">
         <name>.debug_abbrev</name>
         <load_address>0x1733</load_address>
         <run_address>0x1733</run_address>
         <size>0x38</size>
         <input_file_ref idref="fl-20"/>
      </object_component>
      <object_component id="oc-eb">
         <name>.debug_abbrev</name>
         <load_address>0x176b</load_address>
         <run_address>0x176b</run_address>
         <size>0xa8</size>
         <input_file_ref idref="fl-21"/>
      </object_component>
      <object_component id="oc-f0">
         <name>.debug_abbrev</name>
         <load_address>0x1813</load_address>
         <run_address>0x1813</run_address>
         <size>0x68</size>
         <input_file_ref idref="fl-22"/>
      </object_component>
      <object_component id="oc-f7">
         <name>.debug_abbrev</name>
         <load_address>0x187b</load_address>
         <run_address>0x187b</run_address>
         <size>0xed</size>
         <input_file_ref idref="fl-23"/>
      </object_component>
      <object_component id="oc-fc">
         <name>.debug_abbrev</name>
         <load_address>0x1968</load_address>
         <run_address>0x1968</run_address>
         <size>0x66</size>
         <input_file_ref idref="fl-24"/>
      </object_component>
      <object_component id="oc-101">
         <name>.debug_abbrev</name>
         <load_address>0x19ce</load_address>
         <run_address>0x19ce</run_address>
         <size>0x38</size>
         <input_file_ref idref="fl-25"/>
      </object_component>
      <object_component id="oc-106">
         <name>.debug_abbrev</name>
         <load_address>0x1a06</load_address>
         <run_address>0x1a06</run_address>
         <size>0xb2</size>
         <input_file_ref idref="fl-26"/>
      </object_component>
      <object_component id="oc-10b">
         <name>.debug_abbrev</name>
         <load_address>0x1ab8</load_address>
         <run_address>0x1ab8</run_address>
         <size>0xfe</size>
         <input_file_ref idref="fl-27"/>
      </object_component>
      <object_component id="oc-1bc">
         <name>.debug_abbrev</name>
         <load_address>0x1bb6</load_address>
         <run_address>0x1bb6</run_address>
         <size>0xf</size>
      </object_component>
      <object_component id="oc-15">
         <name>.debug_aranges</name>
         <load_address>0x0</load_address>
         <run_address>0x0</run_address>
         <size>0x38</size>
         <input_file_ref idref="fl-2"/>
      </object_component>
      <object_component id="oc-1a">
         <name>.debug_aranges</name>
         <load_address>0x38</load_address>
         <run_address>0x38</run_address>
         <size>0x40</size>
         <input_file_ref idref="fl-3"/>
      </object_component>
      <object_component id="oc-22">
         <name>.debug_aranges</name>
         <load_address>0x78</load_address>
         <run_address>0x78</run_address>
         <size>0xa0</size>
         <input_file_ref idref="fl-4"/>
      </object_component>
      <object_component id="oc-4a">
         <name>.debug_aranges</name>
         <load_address>0x118</load_address>
         <run_address>0x118</run_address>
         <size>0x80</size>
         <input_file_ref idref="fl-c"/>
      </object_component>
      <object_component id="oc-4f">
         <name>.debug_aranges</name>
         <load_address>0x198</load_address>
         <run_address>0x198</run_address>
         <size>0x38</size>
         <input_file_ref idref="fl-d"/>
      </object_component>
      <object_component id="oc-55">
         <name>.debug_aranges</name>
         <load_address>0x1d0</load_address>
         <run_address>0x1d0</run_address>
         <size>0x48</size>
         <input_file_ref idref="fl-e"/>
      </object_component>
      <object_component id="oc-5a">
         <name>.debug_aranges</name>
         <load_address>0x218</load_address>
         <run_address>0x218</run_address>
         <size>0x28</size>
         <input_file_ref idref="fl-f"/>
      </object_component>
      <object_component id="oc-5f">
         <name>.debug_aranges</name>
         <load_address>0x240</load_address>
         <run_address>0x240</run_address>
         <size>0x20</size>
         <input_file_ref idref="fl-10"/>
      </object_component>
      <object_component id="oc-64">
         <name>.debug_aranges</name>
         <load_address>0x260</load_address>
         <run_address>0x260</run_address>
         <size>0x48</size>
         <input_file_ref idref="fl-11"/>
      </object_component>
      <object_component id="oc-6a">
         <name>.debug_aranges</name>
         <load_address>0x2a8</load_address>
         <run_address>0x2a8</run_address>
         <size>0x68</size>
         <input_file_ref idref="fl-12"/>
      </object_component>
      <object_component id="oc-6f">
         <name>.debug_aranges</name>
         <load_address>0x310</load_address>
         <run_address>0x310</run_address>
         <size>0x48</size>
         <input_file_ref idref="fl-13"/>
      </object_component>
      <object_component id="oc-74">
         <name>.debug_aranges</name>
         <load_address>0x358</load_address>
         <run_address>0x358</run_address>
         <size>0x38</size>
         <input_file_ref idref="fl-14"/>
      </object_component>
      <object_component id="oc-79">
         <name>.debug_aranges</name>
         <load_address>0x390</load_address>
         <run_address>0x390</run_address>
         <size>0x58</size>
         <input_file_ref idref="fl-15"/>
      </object_component>
      <object_component id="oc-7e">
         <name>.debug_aranges</name>
         <load_address>0x3e8</load_address>
         <run_address>0x3e8</run_address>
         <size>0x28</size>
         <input_file_ref idref="fl-16"/>
      </object_component>
      <object_component id="oc-b6">
         <name>.debug_aranges</name>
         <load_address>0x410</load_address>
         <run_address>0x410</run_address>
         <size>0x1b0</size>
         <input_file_ref idref="fl-17"/>
      </object_component>
      <object_component id="oc-bd">
         <name>.debug_aranges</name>
         <load_address>0x5c0</load_address>
         <run_address>0x5c0</run_address>
         <size>0x20</size>
         <input_file_ref idref="fl-18"/>
      </object_component>
      <object_component id="oc-c2">
         <name>.debug_aranges</name>
         <load_address>0x5e0</load_address>
         <run_address>0x5e0</run_address>
         <size>0x20</size>
[...]
      </symbol>
      <symbol id="sm-1c2">
         <name>_CLK_setOscSrc</name>
         <value>0x153</value>
         <object_component_ref idref="oc-13a"/>
      </symbol>
      <symbol id="sm-1c3">
         <name>_CLK_init</name>
         <value>0x104</value>
         <object_component_ref idref="oc-11a"/>
      </symbol>
      <symbol id="sm-1dd">
         <name>_CPU_disableGlobalInts</name>
         <value>0x27b</value>
         <object_component_ref idref="oc-14a"/>
      </symbol>
      <symbol id="sm-1de">
         <name>_CPU_enableGlobalInts</name>
         <value>0x281</value>
         <object_component_ref idref="oc-130"/>
      </symbol>
      <symbol id="sm-1df">
         <name>_CPU_clearIntFlags</name>
         <value>0x278</value>
         <object_component_ref idref="oc-14b"/>
      </symbol>
      <symbol id="sm-1e0">
         <name>_CPU_init</name>
         <value>0x270</value>
         <object_component_ref idref="oc-11b"/>
      </symbol>
      <symbol id="sm-1e1">
         <name>_cpu</name>
         <value>0x78c</value>
         <object_component_ref idref="oc-51"/>
      </symbol>
      <symbol id="sm-1e2">
         <name>_CPU_enableDebugInt</name>
         <value>0x27e</value>
         <object_component_ref idref="oc-131"/>
      </symbol>
      <symbol id="sm-1e3">
         <name>_CPU_enableInt</name>
         <value>0x26c</value>
         <object_component_ref idref="oc-12e"/>
      </symbol>
      <symbol id="sm-1f3">
         <name>code_start</name>
         <value>0x0</value>
         <object_component_ref idref="oc-10"/>
      </symbol>
      <symbol id="sm-202">
         <name>_FLASH_init</name>
         <value>0x10c</value>
         <object_component_ref idref="oc-11c"/>
      </symbol>
      <symbol id="sm-226">
         <name>_GPIO_setLow</name>
         <value>0x87ac</value>
         <object_component_ref idref="oc-112"/>
      </symbol>
      <symbol id="sm-227">
         <name>_GPIO_toggle</name>
         <value>0x87c0</value>
         <object_component_ref idref="oc-10d"/>
      </symbol>
      <symbol id="sm-228">
         <name>_GPIO_setMode</name>
         <value>0x85cf</value>
         <object_component_ref idref="oc-136"/>
      </symbol>
      <symbol id="sm-229">
         <name>_GPIO_init</name>
         <value>0x114</value>
         <object_component_ref idref="oc-11d"/>
      </symbol>
      <symbol id="sm-22a">
         <name>_GPIO_setDirection</name>
         <value>0x8643</value>
         <object_component_ref idref="oc-137"/>
      </symbol>
      <symbol id="sm-22b">
         <name>_GPIO_setHigh</name>
         <value>0x8798</value>
         <object_component_ref idref="oc-111"/>
      </symbol>
      <symbol id="sm-255">
         <name>_PIE_enable</name>
         <value>0x287</value>
         <object_component_ref idref="oc-124"/>
      </symbol>
      <symbol id="sm-256">
         <name>_PIE_enableAdcInt</name>
         <value>0x87d4</value>
         <object_component_ref idref="oc-14c"/>
      </symbol>
      <symbol id="sm-257">
         <name>_PIE_registerSystemIntHandler</name>
         <value>0x99</value>
         <object_component_ref idref="oc-126"/>
      </symbol>
      <symbol id="sm-258">
         <name>_PIE_disableAllInts</name>
         <value>0x58</value>
         <object_component_ref idref="oc-149"/>
      </symbol>
      <symbol id="sm-259">
         <name>_PIE_disable</name>
         <value>0x284</value>
         <object_component_ref idref="oc-148"/>
      </symbol>
      <symbol id="sm-25a">
         <name>_PIE_illegalIsr</name>
         <value>0x1f4</value>
         <object_component_ref idref="oc-66"/>
      </symbol>
      <symbol id="sm-25b">
         <name>_PIE_enableTimer0Int</name>
         <value>0x28a</value>
         <object_component_ref idref="oc-12f"/>
      </symbol>
      <symbol id="sm-25c">
         <name>_PIE_registerPieIntHandler</name>
         <value>0x8a</value>
         <object_component_ref idref="oc-125"/>
      </symbol>
      <symbol id="sm-25d">
         <name>_PIE_init</name>
         <value>0xd6</value>
         <object_component_ref idref="oc-11e"/>
      </symbol>
      <symbol id="sm-25e">
         <name>_PIE_setDebugIntVectorTable</name>
         <value>0x69</value>
         <object_component_ref idref="oc-123"/>
      </symbol>
      <symbol id="sm-25f">
         <name>_PIE_tableDebugInit</name>
         <value>0x600</value>
         <object_component_ref idref="oc-152"/>
      </symbol>
      <symbol id="sm-27a">
         <name>_PLL_getClkStatus</name>
         <value>0x28d</value>
         <object_component_ref idref="oc-153"/>
      </symbol>
      <symbol id="sm-27b">
         <name>_PLL_setDivider</name>
         <value>0x15a</value>
         <object_component_ref idref="oc-154"/>
      </symbol>
      <symbol id="sm-27c">
         <name>_PLL_init</name>
         <value>0x11c</value>
         <object_component_ref idref="oc-11f"/>
      </symbol>
      <symbol id="sm-27d">
         <name>_PLL_getLockStatus</name>
         <value>0x290</value>
         <object_component_ref idref="oc-156"/>
      </symbol>
      <symbol id="sm-27e">
         <name>_PLL_setup</name>
         <value>0x3eb</value>
         <object_component_ref idref="oc-13b"/>
      </symbol>
      <symbol id="sm-27f">
         <name>_PLL_setMultiplier</name>
         <value>0x161</value>
         <object_component_ref idref="oc-155"/>
      </symbol>
      <symbol id="sm-294">
         <name>_PWM_init</name>
         <value>0x124</value>
         <object_component_ref idref="oc-120"/>
      </symbol>
      <symbol id="sm-295">
         <name>_PWM_setSocAPeriod</name>
         <value>0xe9</value>
         <object_component_ref idref="oc-134"/>
      </symbol>
      <symbol id="sm-296">
         <name>_PWM_enableSocAPulse</name>
         <value>0x274</value>
         <object_component_ref idref="oc-133"/>
      </symbol>
      <symbol id="sm-297">
         <name>_PWM_setSocAPulseSrc</name>
         <value>0xf2</value>
         <object_component_ref idref="oc-135"/>
      </symbol>
      <symbol id="sm-2b4">
         <name>_TIMER_setEmulationMode</name>
         <value>0x167</value>
         <object_component_ref idref="oc-12b"/>
      </symbol>
      <symbol id="sm-2b5">
         <name>_TIMER_start</name>
         <value>0x299</value>
         <object_component_ref idref="oc-12d"/>
      </symbol>
      <symbol id="sm-2b6">
         <name>_TIMER_setPreScaler</name>
         <value>0x87e8</value>
         <object_component_ref idref="oc-129"/>
      </symbol>
      <symbol id="sm-2b7">
         <name>_TIMER_setPeriod</name>
         <value>0x29f</value>
         <object_component_ref idref="oc-128"/>
      </symbol>
      <symbol id="sm-2b8">
         <name>_TIMER_init</name>
         <value>0x12c</value>
         <object_component_ref idref="oc-121"/>
      </symbol>
      <symbol id="sm-2b9">
         <name>_TIMER_reload</name>
         <value>0x296</value>
         <object_component_ref idref="oc-12a"/>
      </symbol>
      <symbol id="sm-2ba">
         <name>_TIMER_enableInt</name>
         <value>0x293</value>
         <object_component_ref idref="oc-12c"/>
      </symbol>
      <symbol id="sm-2bb">
         <name>_TIMER_stop</name>
         <value>0x29c</value>
         <object_component_ref idref="oc-127"/>
      </symbol>
      <symbol id="sm-2cc">
         <name>_WDOG_init</name>
         <value>0x13c</value>
         <object_component_ref idref="oc-122"/>
      </symbol>
      <symbol id="sm-2cd">
         <name>_WDOG_disable</name>
         <value>0x134</value>
         <object_component_ref idref="oc-138"/>
      </symbol>
      <symbol id="sm-370">
         <name>_ILLEGAL_ISR</name>
         <value>0x1db</value>
         <object_component_ref idref="oc-86"/>
      </symbol>
      <symbol id="sm-371">
         <name>_ADCINT4_ISR</name>
         <value>0x177</value>
         <object_component_ref idref="oc-aa"/>
      </symbol>
      <symbol id="sm-372">
         <name>_DATALOG_ISR</name>
         <value>0x195</value>
         <object_component_ref idref="oc-82"/>
      </symbol>
      <symbol id="sm-373">
         <name>_SPITXINTA_ISR</name>
         <value>0x20d</value>
         <object_component_ref idref="oc-a4"/>
      </symbol>
      <symbol id="sm-374">
         <name>_SPIRXINTA_ISR</name>
         <value>0x208</value>
         <object_component_ref idref="oc-a3"/>
      </symbol>
      <symbol id="sm-375">
         <name>_INT13_ISR</name>
         <value>0x1e0</value>
         <object_component_ref idref="oc-80"/>
      </symbol>
      <symbol id="sm-376">
         <name>_ADCINT5_ISR</name>
         <value>0x17c</value>
         <object_component_ref idref="oc-ab"/>
      </symbol>
      <symbol id="sm-377">
         <name>_EPWM4_INT_ISR</name>
         <value>0x1c7</value>
         <object_component_ref idref="oc-a1"/>
      </symbol>
      <symbol id="sm-378">
         <name>_USER5_ISR</name>
         <value>0x23a</value>
         <object_component_ref idref="oc-8b"/>
      </symbol>
      <symbol id="sm-379">
         <name>_EMPTY_ISR</name>
         <value>0x19f</value>
         <object_component_ref idref="oc-b0"/>
      </symbol>
      <symbol id="sm-37a">
         <name>_EPWM4_TZINT_ISR</name>
         <value>0x1cc</value>
         <object_component_ref idref="oc-9d"/>
      </symbol>
      <symbol id="sm-37b">
         <name>_EMUINT_ISR</name>
         <value>0x1a4</value>
         <object_component_ref idref="oc-84"/>
      </symbol>
      <symbol id="sm-37c">
         <name>_ECAP1_INT_ISR</name>
         <value>0x19a</value>
         <object_component_ref idref="oc-a2"/>
      </symbol>
      <symbol id="sm-37d">
         <name>_EPWM1_TZINT_ISR</name>
         <value>0x1ae</value>
         <object_component_ref idref="oc-9a"/>
      </symbol>
      <symbol id="sm-37e">
         <name>_ADCINT6_ISR</name>
         <value>0x181</value>
         <object_component_ref idref="oc-ac"/>
      </symbol>
      <symbol id="sm-37f">
         <name>_ADCINT8_ISR</name>
         <value>0x18b</value>
         <object_component_ref idref="oc-ae"/>
      </symbol>
      <symbol id="sm-380">
         <name>_USER11_ISR</name>
         <value>0x21c</value>
         <object_component_ref idref="oc-91"/>
      </symbol>
      <symbol id="sm-381">
         <name>_EPWM3_TZINT_ISR</name>
         <value>0x1c2</value>
         <object_component_ref idref="oc-9c"/>
      </symbol>
      <symbol id="sm-382">
         <name>_USER4_ISR</name>
         <value>0x235</value>
         <object_component_ref idref="oc-8a"/>
      </symbol>
      <symbol id="sm-383">
         <name>_EPWM2_TZINT_ISR</name>
         <value>0x1b8</value>
         <object_component_ref idref="oc-9b"/>
      </symbol>
      <symbol id="sm-384">
         <name>_EPWM2_INT_ISR</name>
         <value>0x1b3</value>
         <object_component_ref idref="oc-9f"/>
      </symbol>
      <symbol id="sm-385">
         <name>_TINT0_ISR</name>
         <value>0x212</value>
         <object_component_ref idref="oc-98"/>
      </symbol>
      <symbol id="sm-386">
         <name>_WAKEINT_ISR</name>
         <value>0x253</value>
         <object_component_ref idref="oc-99"/>
      </symbol>
      <symbol id="sm-387">
         <name>_ADCINT7_ISR</name>
         <value>0x186</value>
         <object_component_ref idref="oc-ad"/>
      </symbol>
      <symbol id="sm-388">
         <name>_ADCINT9_ISR</name>
         <value>0x190</value>
         <object_component_ref idref="oc-97"/>
      </symbol>
      <symbol id="sm-389">
         <name>_USER10_ISR</name>
         <value>0x217</value>
         <object_component_ref idref="oc-90"/>
      </symbol>
      <symbol id="sm-38a">
         <name>_USER7_ISR</name>
         <value>0x244</value>
         <object_component_ref idref="oc-8d"/>
      </symbol>
      <symbol id="sm-38b">
         <name>_XINT1_ISR</name>
         <value>0x258</value>
         <object_component_ref idref="oc-95"/>
      </symbol>
      <symbol id="sm-38c">
         <name>_INT14_ISR</name>
         <value>0x1e5</value>
         <object_component_ref idref="oc-81"/>
      </symbol>
      <symbol id="sm-38d">
         <name>_USER6_ISR</name>
         <value>0x23f</value>
         <object_component_ref idref="oc-8c"/>
      </symbol>
      <symbol id="sm-38e">
         <name>_ADCINT1_ISR</name>
         <value>0x87fb</value>
         <object_component_ref idref="oc-93"/>
      </symbol>
      <symbol id="sm-38f">
         <name>_USER12_ISR</name>
         <value>0x221</value>
         <object_component_ref idref="oc-92"/>
      </symbol>
      <symbol id="sm-390">
         <name>_USER1_ISR</name>
         <value>0x226</value>
         <object_component_ref idref="oc-87"/>
      </symbol>
      <symbol id="sm-391">
         <name>_XINT3_ISR</name>
         <value>0x262</value>
         <object_component_ref idref="oc-af"/>
      </symbol>
      <symbol id="sm-392">
         <name>_NMI_ISR</name>
         <value>0x1ea</value>
         <object_component_ref idref="oc-85"/>
      </symbol>
      <symbol id="sm-393">
         <name>_ADCINT2_ISR</name>
         <value>0x16d</value>
         <object_component_ref idref="oc-94"/>
      </symbol>
      <symbol id="sm-394">
         <name>_PIE_RESERVED</name>
         <value>0x1ef</value>
         <object_component_ref idref="oc-b1"/>
      </symbol>
      <symbol id="sm-395">
         <name>_I2CINT1A_ISR</name>
         <value>0x1d1</value>
         <object_component_ref idref="oc-a5"/>
      </symbol>
      <symbol id="sm-396">
         <name>_XINT2_ISR</name>
         <value>0x25d</value>
         <object_component_ref idref="oc-96"/>
      </symbol>
      <symbol id="sm-397">
         <name>_I2CINT2A_ISR</name>
         <value>0x1d6</value>
         <object_component_ref idref="oc-a6"/>
      </symbol>
      <symbol id="sm-398">
         <name>_RTOSINT_ISR</name>
         <value>0x1f9</value>
         <object_component_ref idref="oc-83"/>
      </symbol>
      <symbol id="sm-399">
         <name>_EPWM3_INT_ISR</name>
         <value>0x1bd</value>
         <object_component_ref idref="oc-a0"/>
      </symbol>
      <symbol id="sm-39a">
         <name>_ADCINT3_ISR</name>
         <value>0x172</value>
         <object_component_ref idref="oc-a9"/>
      </symbol>
      <symbol id="sm-39b">
         <name>_USER9_ISR</name>
         <value>0x24e</value>
         <object_component_ref idref="oc-8f"/>
      </symbol>
      <symbol id="sm-39c">
         <name>_USER3_ISR</name>
         <value>0x230</value>
         <object_component_ref idref="oc-89"/>
      </symbol>
      <symbol id="sm-39d">
         <name>_USER8_ISR</name>
         <value>0x249</value>
         <object_component_ref idref="oc-8e"/>
      </symbol>
      <symbol id="sm-39e">
         <name>_EPWM1_INT_ISR</name>
         <value>0x1a9</value>
         <object_component_ref idref="oc-9e"/>
      </symbol>
      <symbol id="sm-39f">
         <name>_USER2_ISR</name>
         <value>0x22b</value>
         <object_component_ref idref="oc-88"/>
      </symbol>
      <symbol id="sm-3a0">
         <name>_SCITXINTA_ISR</name>
         <value>0x203</value>
         <object_component_ref idref="oc-a8"/>
      </symbol>
      <symbol id="sm-3a1">
         <name>_SCIRXINTA_ISR</name>
         <value>0x1fe</value>
         <object_component_ref idref="oc-a7"/>
      </symbol>
      <symbol id="sm-3a2">
         <name>_rsvd_ISR</name>
         <value>0x267</value>
         <object_component_ref idref="oc-b2"/>
      </symbol>
      <symbol id="sm-3bd">
         <name>_c_int00</name>
         <value>0x857b</value>
         <object_component_ref idref="oc-b7"/>
      </symbol>
      <symbol id="sm-3be">
         <name>__stack</name>
         <value>0x400</value>
         <object_component_ref idref="oc-b8"/>
      </symbol>
      <symbol id="sm-3cd">
         <name>_copy_in</name>
         <value>0x8695</value>
         <object_component_ref idref="oc-114"/>
      </symbol>
      <symbol id="sm-3e1">
         <name>C$$EXIT</name>
         <value>0x866c</value>
         <object_component_ref idref="oc-117"/>
      </symbol>
      <symbol id="sm-3e2">
         <name>_exit</name>
         <value>0x866e</value>
         <object_component_ref idref="oc-117"/>
      </symbol>
      <symbol id="sm-3e3">
         <name>___TI_cleanup_ptr</name>
         <value>0x782</value>
         <object_component_ref idref="oc-c5"/>
      </symbol>
      <symbol id="sm-3e4">
         <name>___TI_enable_exit_profile_output</name>
         <value>0x780</value>
         <object_component_ref idref="oc-c5"/>
      </symbol>
      <symbol id="sm-3e5">
         <name>_abort</name>
         <value>0x866c</value>
         <object_component_ref idref="oc-117"/>
      </symbol>
      <symbol id="sm-3e6">
         <name>___TI_dtors_ptr</name>
         <value>0x784</value>
         <object_component_ref idref="oc-c5"/>
      </symbol>
      <symbol id="sm-400">
         <name>FS$$ADD</name>
         <value>0x8508</value>
         <object_component_ref idref="oc-ca"/>
      </symbol>
      <symbol id="sm-401">
         <name>FS$$SUB</name>
         <value>0x8503</value>
         <object_component_ref idref="oc-ca"/>
      </symbol>
      <symbol id="sm-413">
         <name>FS$$CMP</name>
         <value>0x8781</value>
         <object_component_ref idref="oc-cf"/>
      </symbol>
      <symbol id="sm-424">
         <name>FS$$DIV</name>
         <value>0x30e</value>
         <object_component_ref idref="oc-d4"/>
      </symbol>
      <symbol id="sm-435">
         <name>FS$$MPY</name>
         <value>0x391</value>
         <object_component_ref idref="oc-d9"/>
      </symbol>
      <symbol id="sm-446">
         <name>FS$$TOU</name>
         <value>0x86fd</value>
         <object_component_ref idref="oc-de"/>
      </symbol>
      <symbol id="sm-455">
         <name>I$$TOFS</name>
         <value>0x8737</value>
         <object_component_ref idref="oc-e3"/>
      </symbol>
      <symbol id="sm-466">
         <name>_memcpy</name>
         <value>0x871a</value>
         <object_component_ref idref="oc-14d"/>
      </symbol>
      <symbol id="sm-472">
         <name>__system_pre_init</name>
         <value>0x2a1</value>
         <object_component_ref idref="oc-113"/>
      </symbol>
      <symbol id="sm-483">
         <name>_rand</name>
         <value>0x8627</value>
         <object_component_ref idref="oc-118"/>
      </symbol>
      <symbol id="sm-484">
         <name>_srand</name>
         <value>0x8617</value>
         <object_component_ref idref="oc-118"/>
      </symbol>
      <symbol id="sm-490">
         <name>__system_post_cinit</name>
         <value>0x2a3</value>
         <object_component_ref idref="oc-115"/>
      </symbol>
      <symbol id="sm-49e">
         <name>U$$TOFS</name>
         <value>0x7a</value>
         <object_component_ref idref="oc-fe"/>
      </symbol>
      <symbol id="sm-4b2">
         <name>__unlock</name>
         <value>0x788</value>
         <object_component_ref idref="oc-150"/>
      </symbol>
      <symbol id="sm-4b3">
         <name>__lock</name>
         <value>0x786</value>
         <object_component_ref idref="oc-14e"/>
      </symbol>
      <symbol id="sm-4b4">
         <name>__register_lock</name>
         <value>0xff</value>
         <object_component_ref idref="oc-157"/>
      </symbol>
      <symbol id="sm-4b5">
         <name>__nop</name>
         <value>0x103</value>
         <object_component_ref idref="oc-157"/>
      </symbol>
      <symbol id="sm-4b6">
         <name>__register_unlock</name>
         <value>0xfb</value>
         <object_component_ref idref="oc-157"/>
      </symbol>
      <symbol id="sm-4c5">
         <name>__args_main</name>
         <value>0x8751</value>
         <object_component_ref idref="oc-116"/>
      </symbol>
   </symbol_table>
   <title>Link errors: red sections failed placement,available memory ranges in purple</title>
</link_info>
