******************************************************************************
             TMS320C2000 Linker PC v18.1.1                     
******************************************************************************
>> Linked Tue Dec  4 17:26:19 2018

OUTPUT FILE NAME:   <ParticleSwarmOptimization.out>
ENTRY POINT SYMBOL: "_c_int00"  address: 003f6a03


MEMORY CONFIGURATION

         name            origin    length      used     unused   attr    fill
----------------------  --------  ---------  --------  --------  ----  --------
PAGE 0:
  RAMM0                 00000050   000003b0  00000000  000003b0  RWIX
  OTP                   003d7800   00000400  00000000  00000400  RWIX
  FLASHB                003f6000   00001000  00000cdf  00000321  RWIX
  FLASHA                003f7000   00000f80  00000f80  00000000  RWIX
  CSM_RSVD              003f7f80   00000076  00000000  00000076  RWIX
  BEGIN                 003f7ff6   00000002  00000000  00000002  RWIX
  CSM_PWL_P0            003f7ff8   00000008  00000000  00000008  RWIX
  IQTABLES              003fe000   00000b50  00000000  00000b50  RWIX
  IQTABLES2             003feb50   0000008c  00000000  0000008c  RWIX
  IQTABLES3             003febdc   000000aa  00000000  000000aa  RWIX
  ROM                   003ff27c   00000d44  00000000  00000d44  RWIX
  RESET                 003fffc0   00000002  00000000  00000002  RWIX
  VECTORS               003fffc2   0000003e  00000000  0000003e  RWIX

PAGE 1:
  BOOT_RSVD             00000000   00000050  00000000  00000050  RWIX
  RAMM1                 00000400   00000400  0000038d  00000073  RWIX
  RAML0                 00008000   00000400  00000000  00000400  RWIX


SECTION ALLOCATION MAP

 output                                  attributes/
section   page    origin      length       input sections
--------  ----  ----------  ----------   ----------------
ramfuncs   0    00000050    00000000     UNINITIALIZED

.cinit     0    003f6c8c    00000054     
                  003f6c8c    00000035     main.obj (.cinit)
                  003f6cc1    0000000e     rts2800_ml.lib : exit.c.obj (.cinit)
                  003f6ccf    00000005                    : _lock.c.obj (.cinit:__lock)
                  003f6cd4    00000005                    : _lock.c.obj (.cinit:__unlock)
                  003f6cd9    00000005                    : rand.c.obj (.cinit)
                  003f6cde    00000002     --HOLE-- [fill = 0]

.pinit     0    003f7000    00000000     UNINITIALIZED

.stack     1    00000400    00000300     UNINITIALIZED
                  00000400    00000300     --HOLE--

.reset     0    003fffc0    00000002     DSECT
                  003fffc0    00000002     rts2800_ml.lib : boot28.asm.obj (.reset)

vectors    0    003fffc2    00000000     DSECT

.text.1    0    003f6000    00000b8b     
                  003f6000    0000016f     main.obj (.text:retain)
                  003f616f    0000015d     adc.obj (.text)
                  003f62cc    0000015a     swarm.obj (.text)
                  003f6426    000000ff     f2802x_defaultisr.obj (.text:retain)
                  003f6525    000000f9     particle.obj (.text)
                  003f661e    000000dd     pll.obj (.text)
                  003f66fb    000000ac     sensors.obj (.text)
                  003f67a7    00000088     timer.obj (.text)
                  003f682f    00000083     rts2800_ml.lib : fs_div28.asm.obj (.text)
                  003f68b2    0000007f     wdog.obj (.text)
                  003f6931    00000078     rts2800_ml.lib : fs_add28.asm.obj (.text)
                  003f69a9    0000005a                    : fs_mpy28.asm.obj (.text)
                  003f6a03    00000054                    : boot28.asm.obj (.text)
                  003f6a57    0000004c     cpu.obj (.text)
                  003f6aa3    00000029     rts2800_ml.lib : exit.c.obj (.text)
                  003f6acc    00000024                    : cpy_tbl.c.obj (.text)
                  003f6af0    0000001d                    : fs_tou28.asm.obj (.text)
                  003f6b0d    0000001d                    : memcpy.c.obj (.text)
                  003f6b2a    0000001a                    : i_tofs28.asm.obj (.text)
                  003f6b44    00000019                    : args_main.c.obj (.text)
                  003f6b5d    00000017                    : fs_cmp28.asm.obj (.text)
                  003f6b74    00000010                    : u_tofs28.asm.obj (.text)
                  003f6b84    00000005                    : fs_neg28.asm.obj (.text)
                  003f6b89    00000002                    : pre_init.c.obj (.text)

.econst    0    003f6b8c    00000100     
                  003f6b8c    00000100     pie.obj (.econst:_PIE_tableDebugInit)

.text.2    0    003f7000    00000f80     
                  003f7000    00000645     pwm.obj (.text)
                  003f7645    0000037f     main.obj (.text)
                  003f79c4    00000219     gpio.obj (.text)
                  003f7bdd    000001f7     pie.obj (.text)
                  003f7dd4    00000171     clk.obj (.text)
                  003f7f45    0000002c     rts2800_ml.lib : rand.c.obj (.text)
                  003f7f71    00000009                    : _lock.c.obj (.text)
                  003f7f7a    00000005     pie.obj (.text:retain)
                  003f7f7f    00000001     rts2800_ml.lib : startup.c.obj (.text)

.ebss      1    00000700    0000008d     UNINITIALIZED
                  00000700    00000080     main.obj (.ebss)
                  00000780    00000006     rts2800_ml.lib : exit.c.obj (.ebss)
                  00000786    00000002                    : _lock.c.obj (.ebss:__lock)
                  00000788    00000002                    : _lock.c.obj (.ebss:__unlock)
                  0000078a    00000002                    : rand.c.obj (.ebss)
                  0000078c    00000001     cpu.obj (.ebss)

MODULE SUMMARY

       Module                  code   initialized data   uninitialized data
       ------                  ----   ----------------   ------------------
    .\
       main.obj                1262   53                 128               
       swarm.obj               346    0                  0                 
       particle.obj            249    0                  0                 
       sensors.obj             172    0                  0                 
    +--+-----------------------+------+------------------+--------------------+
       Total:                  2029   53                 128               
                                                                           
    .\Source\
       pwm.obj                 1605   0                  0                 
       pie.obj                 508    256                0                 
       gpio.obj                537    0                  0                 
       clk.obj                 369    0                  0                 
       adc.obj                 349    0                  0                 
       f2802x_defaultisr.obj   255    0                  0                 
       pll.obj                 221    0                  0                 
       timer.obj               136    0                  0                 
       wdog.obj                127    0                  0                 
       cpu.obj                 76     0                  1                 
    +--+-----------------------+------+------------------+--------------------+
       Total:                  4183   256                1                 
                                                                           
    C:\ti\ccsv8\tools\compiler\ti-cgt-c2000_18.1.1.LTS\lib\rts2800_ml.lib
       fs_div28.asm.obj        131    0                  0                 
       fs_add28.asm.obj        120    0                  0                 
       fs_mpy28.asm.obj        90     0                  0                 
       boot28.asm.obj          84     0                  0                 
       exit.c.obj              41     14                 6                 
       rand.c.obj              44     5                  2                 
       cpy_tbl.c.obj           36     0                  0                 
       fs_tou28.asm.obj        29     0                  0                 
       memcpy.c.obj            29     0                  0                 
       i_tofs28.asm.obj        26     0                  0                 
       args_main.c.obj         25     0                  0                 
       _lock.c.obj             9      10                 4                 
       fs_cmp28.asm.obj        23     0                  0                 
       u_tofs28.asm.obj        16     0                  0                 
       fs_neg28.asm.obj        5      0                  0                 
       pre_init.c.obj          2      0                  0                 
       startup.c.obj           1      0                  0                 
    +--+-----------------------+------+------------------+--------------------+
       Total:                  711    29                 12                
                                                                           
       Stack:                  0      0                  768               
    +--+-----------------------+------+------------------+--------------------+
       Grand Total:            6923   338                909               


GLOBAL DATA SYMBOLS: SORTED BY DATA PAGE

address     data page           name
--------    ----------------    ----
00000400      10 (00000400)     __stack

00000700      1c (00000700)     _current_state
00000701      1c (00000700)     _particle_count
00000702      1c (00000700)     _iter_count
00000703      1c (00000700)     _sample_count
00000704      1c (00000700)     _power_max
00000706      1c (00000700)     _power_sum
00000708      1c (00000700)     _power
0000070a      1c (00000700)     _voltage
0000070c      1c (00000700)     _current
0000070e      1c (00000700)     _myPll
00000710      1c (00000700)     _myCpu
00000712      1c (00000700)     _s
00000714      1c (00000700)     _myWDog
00000716      1c (00000700)     _power_prev
00000718      1c (00000700)     _current_prev
0000071a      1c (00000700)     _myClk
0000071c      1c (00000700)     _duty
0000071e      1c (00000700)     _myAdc
00000720      1c (00000700)     _voltage_prev
00000722      1c (00000700)     _myTimer0
00000724      1c (00000700)     _myPwm
00000726      1c (00000700)     _myTimer1
00000728      1c (00000700)     _myPie
0000072a      1c (00000700)     _myGpio
0000072c      1c (00000700)     _particles

00000740      1d (00000740)     _voltage_in
00000760      1d (00000740)     _current_in

00000780      1e (00000780)     ___TI_enable_exit_profile_output
00000782      1e (00000780)     ___TI_cleanup_ptr
00000784      1e (00000780)     ___TI_dtors_ptr
00000786      1e (00000780)     __lock
00000788      1e (00000780)     __unlock
0000078c      1e (00000780)     _cpu

003f6b8c    fdae (003f6b80)     _PIE_tableDebugInit


GLOBAL SYMBOLS: SORTED ALPHABETICALLY BY Name 

page  address   name                                             
----  -------   ----                                             
abs   ffffffff  .text                                            
0     003f6aa3  C$$EXIT                                          
0     003f6936  FS$$ADD                                          
0     003f6b5d  FS$$CMP                                          
0     003f682f  FS$$DIV                                          
0     003f69a9  FS$$MPY                                          
0     003f6b84  FS$$NEG                                          
0     003f6931  FS$$SUB                                          
0     003f6af0  FS$$TOU                                          
0     003f6b2a  I$$TOFS                                          
0     003f6b74  U$$TOFS                                          
0     003f6485  _ADCINT1_ISR                                     
0     003f648a  _ADCINT2_ISR                                     
0     003f64f3  _ADCINT3_ISR                                     
0     003f64f8  _ADCINT4_ISR                                     
0     003f64fd  _ADCINT5_ISR                                     
0     003f6502  _ADCINT6_ISR                                     
0     003f6507  _ADCINT7_ISR                                     
0     003f650c  _ADCINT8_ISR                                     
0     003f6499  _ADCINT9_ISR                                     
0     003f616f  _ADC_enable                                      
0     003f617f  _ADC_enableBandGap                               
0     003f618f  _ADC_enableInt                                   
0     003f61ae  _ADC_enableRefBuffers                            
0     003f61be  _ADC_init                                        
0     003f61cd  _ADC_powerUp                                     
0     003f61dd  _ADC_setIntMode                                  
0     003f6208  _ADC_setIntPulseGenMode                          
0     003f6220  _ADC_setIntSrc                                   
0     003f624b  _ADC_setSampleMode                               
0     003f6269  _ADC_setSocChanNumber                            
0     003f6282  _ADC_setSocSampleWindow                          
0     003f629b  _ADC_setSocTrigSrc                               
0     003f62b4  _ADC_setVoltRefSrc                               
0     003f7dd4  _CLK_disableTbClockSync                          
0     003f7de2  _CLK_enableAdcClock                              
0     003f7e27  _CLK_enableClkIn                                 
0     003f7df0  _CLK_enableCompClock                             
0     003f7dff  _CLK_enableCpuTimerClock                         
0     003f7e0e  _CLK_enableCrystalOsc                            
0     003f7e19  _CLK_enableEcap1Clock                            
0     003f7e32  _CLK_enableGpioInputClock                        
0     003f7e40  _CLK_enableHrPwmClock                            
0     003f7e4e  _CLK_enableI2cClock                              
0     003f7e5c  _CLK_enableOsc1                                  
0     003f7e67  _CLK_enableOsc1HaltMode                          
0     003f7e72  _CLK_enableOsc2                                  
0     003f7e7d  _CLK_enableOsc2HaltMode                          
0     003f7e88  _CLK_enablePwmClock                              
0     003f7e99  _CLK_enableSciaClock                             
0     003f7ea9  _CLK_enableSpiaClock                             
0     003f7eb7  _CLK_enableTbClockSync                           
0     003f7ec5  _CLK_enableWatchDogHaltMode                      
0     003f7ed0  _CLK_init                                        
0     003f7edc  _CLK_setClkOutPreScaler                          
0     003f7eeb  _CLK_setLowSpdPreScaler                          
0     003f7f09  _CLK_setOsc2Src                                  
0     003f7efa  _CLK_setOscSrc                                   
0     003f7f18  _CLK_setTimer2PreScale                           
0     003f7f27  _CLK_setTimer2Src                                
0     003f7f36  _CLK_setWatchDogSrc                              
0     003f6a57  _CPU_clearIntFlags                               
0     003f6a5d  _CPU_disableDebugInt                             
0     003f6a63  _CPU_disableGlobalInts                           
0     003f6a69  _CPU_disableInt                                  
0     003f6a72  _CPU_disableInts                                 
0     003f6a78  _CPU_disableProtectedRegisterWrite               
0     003f6a7e  _CPU_enableDebugInt                              
0     003f6a84  _CPU_enableGlobalInts                            
0     003f6a8a  _CPU_enableInt                                   
0     003f6a92  _CPU_enableProtectedRegisterWrite                
0     003f6a98  _CPU_init                                        
0     003f6430  _DATALOG_ISR                                     
0     003f64d0  _ECAP1_INT_ISR                                   
0     003f6516  _EMPTY_ISR                                       
0     003f643a  _EMUINT_ISR                                      
0     003f64bc  _EPWM1_INT_ISR                                   
0     003f64a8  _EPWM1_TZINT_ISR                                 
0     003f64c1  _EPWM2_INT_ISR                                   
0     003f64ad  _EPWM2_TZINT_ISR                                 
0     003f64c6  _EPWM3_INT_ISR                                   
0     003f64b2  _EPWM3_TZINT_ISR                                 
0     003f64cb  _EPWM4_INT_ISR                                   
0     003f64b7  _EPWM4_TZINT_ISR                                 
0     003f79c4  _GPIO_init                                       
0     003f7bcb  _GPIO_lpmSelect                                  
0     003f79d0  _GPIO_setDirection                               
0     003f7a3a  _GPIO_setHigh                                    
0     003f7a5a  _GPIO_setLow                                     
0     003f7a7a  _GPIO_setMode                                    
0     003f7ace  _GPIO_setPortData                                
0     003f7a05  _GPIO_setPullUp                                  
0     003f7ae8  _GPIO_setQualification                           
0     003f7b52  _GPIO_setQualificationPeriod                     
0     003f7bab  _GPIO_toggle                                     
0     003f64df  _I2CINT1A_ISR                                    
0     003f64e4  _I2CINT2A_ISR                                    
0     003f6444  _ILLEGAL_ISR                                     
0     003f6426  _INT13_ISR                                       
0     003f642b  _INT14_ISR                                       
0     003f786a  _InitAdc                                         
0     003f779c  _InitEGpio                                       
0     003f770f  _InitEPwm                                        
0     003f78cd  _InitInterrupts                                  
0     003f6583  _InitParticle                                    
0     003f6525  _InitParticles                                   
0     003f62cc  _InitSwarm                                       
0     003f7825  _InitSys                                         
0     003f7933  _InitTimer                                       
0     003f643f  _NMI_ISR                                         
0     003f651b  _PIE_RESERVED                                    
0     003f7bdd  _PIE_clearAllFlags                               
0     003f7bf1  _PIE_clearAllInts                                
0     003f7bf9  _PIE_disable                                     
0     003f7c1a  _PIE_disableAllInts                              
0     003f7c01  _PIE_disableCaptureInt                           
0     003f7c0c  _PIE_disableExtInt                               
0     003f7c2e  _PIE_disableInt                                  
0     003f7c3f  _PIE_enable                                      
0     003f7c47  _PIE_enableAdcInt                                
0     003f7c63  _PIE_enableCaptureInt                            
0     003f7c6e  _PIE_enableExtInt                                
0     003f7c92  _PIE_enableInt                                   
0     003f7ca2  _PIE_enablePwmInt                                
0     003f7cb7  _PIE_enablePwmTzInt                              
0     003f7ccc  _PIE_enableTimer0Int                             
0     003f7cd7  _PIE_forceInt                                    
0     003f7ce7  _PIE_getExtIntCount                              
0     003f7cf5  _PIE_getIntEnables                               
0     003f7d02  _PIE_getIntFlags                                 
0     003f7f7a  _PIE_illegalIsr                                  
0     003f7d0f  _PIE_init                                        
0     003f7d1e  _PIE_registerPieIntHandler                       
0     003f7d3b  _PIE_registerSystemIntHandler                    
0     003f7d6c  _PIE_setDebugIntVectorTable                      
0     003f7d51  _PIE_setDefaultIntVectorTable                    
0     003f7d8b  _PIE_setExtIntPolarity                           
0     003f6b8c  _PIE_tableDebugInit                              
0     003f7da1  _PIE_unregisterPieIntHandler                     
0     003f7dbe  _PIE_unregisterSystemIntHandler                  
0     003f661e  _PLL_disable                                     
0     003f6629  _PLL_disableClkDetect                            
0     003f6634  _PLL_disableNormRdy                              
0     003f663f  _PLL_disableOsc                                  
0     003f664a  _PLL_enable                                      
0     003f6655  _PLL_enableClkDetect                             
0     003f6660  _PLL_enableNormRdy                               
0     003f666b  _PLL_enableOsc                                   
0     003f6682  _PLL_getClkStatus                                
0     003f668b  _PLL_getDivider                                  
0     003f6694  _PLL_getLockStatus                               
0     003f6676  _PLL_getMultiplier                               
0     003f669d  _PLL_init                                        
0     003f66a9  _PLL_resetClkDetect                              
0     003f66c3  _PLL_setDivider                                  
0     003f66ef  _PLL_setLockPeriod                               
0     003f66b4  _PLL_setMultiplier                               
0     003f66d2  _PLL_setup                                       
0     003f7000  _PWM_clearTripZone                               
0     003f700f  _PWM_decrementDeadBandFallingEdgeDelay           
0     003f7019  _PWM_decrementDeadBandRisingEdgeDelay            
0     003f7023  _PWM_disableAutoConvert                          
0     003f7031  _PWM_disableChopping                             
0     003f703c  _PWM_disableCounterLoad                          
0     003f7044  _PWM_disableDeadBand                             
0     003f704e  _PWM_disableDeadBandHalfCycle                    
0     003f7059  _PWM_disableDigitalCompareBlankingWindow         
0     003f7067  _PWM_disableDigitalCompareBlankingWindowInversion
0     003f7075  _PWM_disableHrPeriod                             
0     003f7083  _PWM_disableHrPhaseSync                          
0     003f7091  _PWM_disableInt                                  
0     003f709c  _PWM_disableSocAPulse                            
0     003f70a7  _PWM_disableSocBPulse                            
0     003f70bf  _PWM_disableTripZoneInt                          
0     003f70cf  _PWM_disableTripZoneSrc                          
0     003f70b2  _PWM_disableTripZones                            
0     003f70df  _PWM_enableAutoConvert                           
0     003f70ed  _PWM_enableChopping                              
0     003f70f8  _PWM_enableCounterLoad                           
0     003f7100  _PWM_enableDeadBandHalfCycle                     
0     003f710b  _PWM_enableDigitalCompareBlankingWindow          
0     003f7119  _PWM_enableDigitalCompareBlankingWindowInversion 
0     003f7127  _PWM_enableHrPeriod                              
0     003f7140  _PWM_enableHrPhaseSync                           
0     003f7135  _PWM_enableInt                                   
0     003f714e  _PWM_enableSocAPulse                             
0     003f7159  _PWM_enableSocBPulse                             
0     003f7164  _PWM_enableTripZoneInt                           
0     003f7173  _PWM_enableTripZoneSrc                           
0     003f7182  _PWM_getDeadBandFallingEdgeDelay                 
0     003f718c  _PWM_getDeadBandRisingEdgeDelay                  
0     003f7196  _PWM_getIntCount                                 
0     003f71be  _PWM_getShadowStatus_CmpA                        
0     003f71c9  _PWM_getShadowStatus_CmpB                        
0     003f71a2  _PWM_getSocACount                                
0     003f71b0  _PWM_getSocBCount                                
0     003f7210  _PWM_incrementDeadBandFallingEdgeDelay           
0     003f721a  _PWM_incrementDeadBandRisingEdgeDelay            
0     003f7224  _PWM_init                                        
0     003f7230  _PWM_setActionQual_CntDown_CmpA_PwmA             
0     003f7242  _PWM_setActionQual_CntDown_CmpA_PwmB             
0     003f7254  _PWM_setActionQual_CntDown_CmpB_PwmA             
0     003f7266  _PWM_setActionQual_CntDown_CmpB_PwmB             
0     003f7278  _PWM_setActionQual_CntUp_CmpA_PwmA               
0     003f728a  _PWM_setActionQual_CntUp_CmpA_PwmB               
0     003f729c  _PWM_setActionQual_CntUp_CmpB_PwmA               
0     003f72ae  _PWM_setActionQual_CntUp_CmpB_PwmB               
0     003f72c0  _PWM_setActionQual_Period_PwmA                   
0     003f72d2  _PWM_setActionQual_Period_PwmB                   
0     003f72e4  _PWM_setActionQual_Zero_PwmA                     
0     003f72f5  _PWM_setActionQual_Zero_PwmB                     
0     003f7306  _PWM_setChoppingClkFreq                          
0     003f7317  _PWM_setChoppingDutyCycle                        
0     003f7328  _PWM_setChoppingPulseWidth                       
0     003f7339  _PWM_setClkDiv                                   
0     003f7345  _PWM_setCount                                    
0     003f734e  _PWM_setCounterMode                              
0     003f735a  _PWM_setDeadBandFallingEdgeDelay                 
0     003f7366  _PWM_setDeadBandInputMode                        
0     003f7377  _PWM_setDeadBandOutputMode                       
0     003f7388  _PWM_setDeadBandPolarity                         
0     003f7399  _PWM_setDeadBandRisingEdgeDelay                  
0     003f7400  _PWM_setDigitalCompareAEvent1                    
0     003f7421  _PWM_setDigitalCompareAEvent2                    
0     003f743b  _PWM_setDigitalCompareBEvent1                    
0     003f745c  _PWM_setDigitalCompareBEvent2                    
0     003f73b9  _PWM_setDigitalCompareBlankingPulse              
0     003f73ce  _PWM_setDigitalCompareFilterOffset               
0     003f73a5  _PWM_setDigitalCompareFilterSource               
0     003f73da  _PWM_setDigitalCompareFilterWindow               
0     003f73e6  _PWM_setDigitalCompareInput                      
0     003f7476  _PWM_setHighSpeedClkDiv                          
0     003f71d4  _PWM_setHrControlMode                            
0     003f71e8  _PWM_setHrEdgeMode                               
0     003f71fc  _PWM_setHrShadowMode                             
0     003f7482  _PWM_setIntMode                                  
0     003f7493  _PWM_setIntPeriod                                
0     003f74a4  _PWM_setLoadMode_CmpA                            
0     003f74b0  _PWM_setLoadMode_CmpB                            
0     003f74bd  _PWM_setPeriod                                   
0     003f74c6  _PWM_setPeriodHr                                 
0     003f74e7  _PWM_setPeriodLoad                               
0     003f74d2  _PWM_setPhase                                    
0     003f74db  _PWM_setPhaseDir                                 
0     003f74f3  _PWM_setRunMode                                  
0     003f7547  _PWM_setShadowMode_CmpA                          
0     003f7554  _PWM_setShadowMode_CmpB                          
0     003f74ff  _PWM_setSocAPeriod                               
0     003f7511  _PWM_setSocAPulseSrc                             
0     003f7523  _PWM_setSocBPeriod                               
0     003f7535  _PWM_setSocBPulseSrc                             
0     003f7561  _PWM_setSwSync                                   
0     003f7569  _PWM_setSyncMode                                 
0     003f7575  _PWM_setTripZoneDCEventSelect_DCAEVT1            
0     003f7589  _PWM_setTripZoneDCEventSelect_DCAEVT2            
0     003f759e  _PWM_setTripZoneDCEventSelect_DCBEVT1            
0     003f75b3  _PWM_setTripZoneDCEventSelect_DCBEVT2            
0     003f75c8  _PWM_setTripZoneState_DCAEVT1                    
0     003f75dd  _PWM_setTripZoneState_DCAEVT2                    
0     003f75f2  _PWM_setTripZoneState_DCBEVT1                    
0     003f7607  _PWM_setTripZoneState_DCBEVT2                    
0     003f761c  _PWM_setTripZoneState_TZA                        
0     003f7630  _PWM_setTripZoneState_TZB                        
0     003f6435  _RTOSINT_ISR                                     
abs   00000000  _RamfuncsLoadSize                                
0     00000050  _RamfuncsLoadStart                               
0     00000050  _RamfuncsRunStart                                
0     003f64e9  _SCIRXINTA_ISR                                   
0     003f64ee  _SCITXINTA_ISR                                   
0     003f64d5  _SPIRXINTA_ISR                                   
0     003f64da  _SPITXINTA_ISR                                   
0     003f67a7  _TIMER_clearFlag                                 
0     003f67b1  _TIMER_disableInt                                
0     003f67b9  _TIMER_enableInt                                 
0     003f67c1  _TIMER_getStatus                                 
0     003f67cb  _TIMER_init                                      
0     003f67d7  _TIMER_reload                                    
0     003f67df  _TIMER_setDecimationFactor                       
0     003f67f4  _TIMER_setEmulationMode                          
0     003f6801  _TIMER_setPeriod                                 
0     003f680a  _TIMER_setPreScaler                              
0     003f681f  _TIMER_start                                     
0     003f6827  _TIMER_stop                                      
0     003f649e  _TINT0_ISR                                       
0     003f6476  _USER10_ISR                                      
0     003f647b  _USER11_ISR                                      
0     003f6480  _USER12_ISR                                      
0     003f6449  _USER1_ISR                                       
0     003f644e  _USER2_ISR                                       
0     003f6453  _USER3_ISR                                       
0     003f6458  _USER4_ISR                                       
0     003f645d  _USER5_ISR                                       
0     003f6462  _USER6_ISR                                       
0     003f6467  _USER7_ISR                                       
0     003f646c  _USER8_ISR                                       
0     003f6471  _USER9_ISR                                       
0     003f64a3  _WAKEINT_ISR                                     
0     003f68b2  _WDOG_clearCounter                               
0     003f68c0  _WDOG_disable                                    
0     003f68d0  _WDOG_disableInt                                 
0     003f68da  _WDOG_enable                                     
0     003f68ea  _WDOG_enableInt                                  
0     003f68f5  _WDOG_enableOverRide                             
0     003f6900  _WDOG_getIntStatus                               
0     003f6909  _WDOG_init                                       
0     003f6915  _WDOG_setCount                                   
0     003f691e  _WDOG_setPreScaler                               
0     003f648f  _XINT1_ISR                                       
0     003f6494  _XINT2_ISR                                       
0     003f6511  _XINT3_ISR                                       
1     00000700  __STACK_END                                      
abs   00000300  __STACK_SIZE                                     
1     00000782  ___TI_cleanup_ptr                                
1     00000784  ___TI_dtors_ptr                                  
1     00000780  ___TI_enable_exit_profile_output                 
abs   ffffffff  ___TI_pprof_out_hndl                             
abs   ffffffff  ___TI_prof_data_size                             
abs   ffffffff  ___TI_prof_data_start                            
abs   ffffffff  ___binit__                                       
abs   ffffffff  ___c_args__                                      
0     003f6c8c  ___cinit__                                       
abs   ffffffff  ___etext__                                       
abs   ffffffff  ___pinit__                                       
abs   ffffffff  ___text__                                        
0     003f6b44  __args_main                                      
1     00000786  __lock                                           
0     003f7f79  __nop                                            
0     003f7f75  __register_lock                                  
0     003f7f71  __register_unlock                                
1     00000400  __stack                                          
0     003f7f7f  __system_post_cinit                              
0     003f6b89  __system_pre_init                                
1     00000788  __unlock                                         
0     003f6aa3  _abort                                           
0     003f6137  _adc_isr                                         
0     003f63cf  _adjustConstants                                 
0     003f6a03  _c_int00                                         
0     003f6774  _convertDuty                                     
0     003f6acc  _copy_in                                         
1     0000078c  _cpu                                             
0     003f6020  _cpu_timer0_isr                                  
0     003f6000  _cpu_timer1_isr                                  
1     0000070c  _current                                         
1     00000760  _current_in                                      
1     00000718  _current_prev                                    
1     00000700  _current_state                                   
1     0000071c  _duty                                            
0     003f6aa5  _exit                                            
0     003f6733  _getCurrent                                      
0     003f66fb  _getVoltage                                      
1     00000702  _iter_count                                      
0     003f7676  _main                                            
0     003f6b0d  _memcpy                                          
1     0000071e  _myAdc                                           
1     0000071a  _myClk                                           
1     00000710  _myCpu                                           
1     0000072a  _myGpio                                          
1     00000728  _myPie                                           
1     0000070e  _myPll                                           
1     00000724  _myPwm                                           
1     00000722  _myTimer0                                        
1     00000726  _myTimer1                                        
1     00000714  _myWDog                                          
1     00000701  _particle_count                                  
1     0000072c  _particles                                       
1     00000708  _power                                           
1     00000704  _power_max                                       
1     00000716  _power_prev                                      
1     00000706  _power_sum                                       
0     003f7f55  _rand                                            
0     003f62fe  _resetSwarm                                      
0     003f6520  _rsvd_ISR                                        
1     00000712  _s                                               
1     00000703  _sample_count                                    
0     003f7986  _setDutyCycle                                    
0     003f635f  _sortSwarm                                       
0     003f7f45  _srand                                           
0     003f63b0  _swap                                            
0     003f65f2  _updatePosition                                  
0     003f6592  _updateVelocity                                  
1     0000070a  _voltage                                         
1     00000740  _voltage_in                                      
1     00000720  _voltage_prev                                    
abs   ffffffff  binit                                            
0     003f6c8c  cinit                                            
abs   ffffffff  etext                                            
abs   ffffffff  pinit                                            


GLOBAL SYMBOLS: SORTED BY Symbol Address 

page  address   name                                             
----  -------   ----                                             
0     00000050  _RamfuncsLoadStart                               
0     00000050  _RamfuncsRunStart                                
0     003f6000  _cpu_timer1_isr                                  
0     003f6020  _cpu_timer0_isr                                  
0     003f6137  _adc_isr                                         
0     003f616f  _ADC_enable                                      
0     003f617f  _ADC_enableBandGap                               
0     003f618f  _ADC_enableInt                                   
0     003f61ae  _ADC_enableRefBuffers                            
0     003f61be  _ADC_init                                        
0     003f61cd  _ADC_powerUp                                     
0     003f61dd  _ADC_setIntMode                                  
0     003f6208  _ADC_setIntPulseGenMode                          
0     003f6220  _ADC_setIntSrc                                   
0     003f624b  _ADC_setSampleMode                               
0     003f6269  _ADC_setSocChanNumber                            
0     003f6282  _ADC_setSocSampleWindow                          
0     003f629b  _ADC_setSocTrigSrc                               
0     003f62b4  _ADC_setVoltRefSrc                               
0     003f62cc  _InitSwarm                                       
0     003f62fe  _resetSwarm                                      
0     003f635f  _sortSwarm                                       
0     003f63b0  _swap                                            
0     003f63cf  _adjustConstants                                 
0     003f6426  _INT13_ISR                                       
0     003f642b  _INT14_ISR                                       
0     003f6430  _DATALOG_ISR                                     
0     003f6435  _RTOSINT_ISR                                     
0     003f643a  _EMUINT_ISR                                      
0     003f643f  _NMI_ISR                                         
0     003f6444  _ILLEGAL_ISR                                     
0     003f6449  _USER1_ISR                                       
0     003f644e  _USER2_ISR                                       
0     003f6453  _USER3_ISR                                       
0     003f6458  _USER4_ISR                                       
0     003f645d  _USER5_ISR                                       
0     003f6462  _USER6_ISR                                       
0     003f6467  _USER7_ISR                                       
0     003f646c  _USER8_ISR                                       
0     003f6471  _USER9_ISR                                       
0     003f6476  _USER10_ISR                                      
0     003f647b  _USER11_ISR                                      
0     003f6480  _USER12_ISR                                      
0     003f6485  _ADCINT1_ISR                                     
0     003f648a  _ADCINT2_ISR                                     
0     003f648f  _XINT1_ISR                                       
0     003f6494  _XINT2_ISR                                       
0     003f6499  _ADCINT9_ISR                                     
0     003f649e  _TINT0_ISR                                       
0     003f64a3  _WAKEINT_ISR                                     
0     003f64a8  _EPWM1_TZINT_ISR                                 
0     003f64ad  _EPWM2_TZINT_ISR                                 
0     003f64b2  _EPWM3_TZINT_ISR                                 
0     003f64b7  _EPWM4_TZINT_ISR                                 
0     003f64bc  _EPWM1_INT_ISR                                   
0     003f64c1  _EPWM2_INT_ISR                                   
0     003f64c6  _EPWM3_INT_ISR                                   
0     003f64cb  _EPWM4_INT_ISR                                   
0     003f64d0  _ECAP1_INT_ISR                                   
0     003f64d5  _SPIRXINTA_ISR                                   
0     003f64da  _SPITXINTA_ISR                                   
0     003f64df  _I2CINT1A_ISR                                    
0     003f64e4  _I2CINT2A_ISR                                    
0     003f64e9  _SCIRXINTA_ISR                                   
0     003f64ee  _SCITXINTA_ISR                                   
0     003f64f3  _ADCINT3_ISR                                     
0     003f64f8  _ADCINT4_ISR                                     
0     003f64fd  _ADCINT5_ISR                                     
0     003f6502  _ADCINT6_ISR                                     
0     003f6507  _ADCINT7_ISR                                     
0     003f650c  _ADCINT8_ISR                                     
0     003f6511  _XINT3_ISR                                       
0     003f6516  _EMPTY_ISR                                       
0     003f651b  _PIE_RESERVED                                    
0     003f6520  _rsvd_ISR                                        
0     003f6525  _InitParticles                                   
0     003f6583  _InitParticle                                    
0     003f6592  _updateVelocity                                  
0     003f65f2  _updatePosition                                  
0     003f661e  _PLL_disable                                     
0     003f6629  _PLL_disableClkDetect                            
0     003f6634  _PLL_disableNormRdy                              
0     003f663f  _PLL_disableOsc                                  
0     003f664a  _PLL_enable                                      
0     003f6655  _PLL_enableClkDetect                             
0     003f6660  _PLL_enableNormRdy                               
0     003f666b  _PLL_enableOsc                                   
0     003f6676  _PLL_getMultiplier                               
0     003f6682  _PLL_getClkStatus                                
0     003f668b  _PLL_getDivider                                  
0     003f6694  _PLL_getLockStatus                               
0     003f669d  _PLL_init                                        
0     003f66a9  _PLL_resetClkDetect                              
0     003f66b4  _PLL_setMultiplier                               
0     003f66c3  _PLL_setDivider                                  
0     003f66d2  _PLL_setup                                       
0     003f66ef  _PLL_setLockPeriod                               
0     003f66fb  _getVoltage                                      
0     003f6733  _getCurrent                                      
0     003f6774  _convertDuty                                     
0     003f67a7  _TIMER_clearFlag                                 
0     003f67b1  _TIMER_disableInt                                
0     003f67b9  _TIMER_enableInt                                 
0     003f67c1  _TIMER_getStatus                                 
0     003f67cb  _TIMER_init                                      
0     003f67d7  _TIMER_reload                                    
0     003f67df  _TIMER_setDecimationFactor                       
0     003f67f4  _TIMER_setEmulationMode                          
0     003f6801  _TIMER_setPeriod                                 
0     003f680a  _TIMER_setPreScaler                              
0     003f681f  _TIMER_start                                     
0     003f6827  _TIMER_stop                                      
0     003f682f  FS$$DIV                                          
0     003f68b2  _WDOG_clearCounter                               
0     003f68c0  _WDOG_disable                                    
0     003f68d0  _WDOG_disableInt                                 
0     003f68da  _WDOG_enable                                     
0     003f68ea  _WDOG_enableInt                                  
0     003f68f5  _WDOG_enableOverRide                             
0     003f6900  _WDOG_getIntStatus                               
0     003f6909  _WDOG_init                                       
0     003f6915  _WDOG_setCount                                   
0     003f691e  _WDOG_setPreScaler                               
0     003f6931  FS$$SUB                                          
0     003f6936  FS$$ADD                                          
0     003f69a9  FS$$MPY                                          
0     003f6a03  _c_int00                                         
0     003f6a57  _CPU_clearIntFlags                               
0     003f6a5d  _CPU_disableDebugInt                             
0     003f6a63  _CPU_disableGlobalInts                           
0     003f6a69  _CPU_disableInt                                  
0     003f6a72  _CPU_disableInts                                 
0     003f6a78  _CPU_disableProtectedRegisterWrite               
0     003f6a7e  _CPU_enableDebugInt                              
0     003f6a84  _CPU_enableGlobalInts                            
0     003f6a8a  _CPU_enableInt                                   
0     003f6a92  _CPU_enableProtectedRegisterWrite                
0     003f6a98  _CPU_init                                        
0     003f6aa3  C$$EXIT                                          
0     003f6aa3  _abort                                           
0     003f6aa5  _exit                                            
0     003f6acc  _copy_in                                         
0     003f6af0  FS$$TOU                                          
0     003f6b0d  _memcpy                                          
0     003f6b2a  I$$TOFS                                          
0     003f6b44  __args_main                                      
0     003f6b5d  FS$$CMP                                          
0     003f6b74  U$$TOFS                                          
0     003f6b84  FS$$NEG                                          
0     003f6b89  __system_pre_init                                
0     003f6b8c  _PIE_tableDebugInit                              
0     003f6c8c  ___cinit__                                       
0     003f6c8c  cinit                                            
0     003f7000  _PWM_clearTripZone                               
0     003f700f  _PWM_decrementDeadBandFallingEdgeDelay           
0     003f7019  _PWM_decrementDeadBandRisingEdgeDelay            
0     003f7023  _PWM_disableAutoConvert                          
0     003f7031  _PWM_disableChopping                             
0     003f703c  _PWM_disableCounterLoad                          
0     003f7044  _PWM_disableDeadBand                             
0     003f704e  _PWM_disableDeadBandHalfCycle                    
0     003f7059  _PWM_disableDigitalCompareBlankingWindow         
0     003f7067  _PWM_disableDigitalCompareBlankingWindowInversion
0     003f7075  _PWM_disableHrPeriod                             
0     003f7083  _PWM_disableHrPhaseSync                          
0     003f7091  _PWM_disableInt                                  
0     003f709c  _PWM_disableSocAPulse                            
0     003f70a7  _PWM_disableSocBPulse                            
0     003f70b2  _PWM_disableTripZones                            
0     003f70bf  _PWM_disableTripZoneInt                          
0     003f70cf  _PWM_disableTripZoneSrc                          
0     003f70df  _PWM_enableAutoConvert                           
0     003f70ed  _PWM_enableChopping                              
0     003f70f8  _PWM_enableCounterLoad                           
0     003f7100  _PWM_enableDeadBandHalfCycle                     
0     003f710b  _PWM_enableDigitalCompareBlankingWindow          
0     003f7119  _PWM_enableDigitalCompareBlankingWindowInversion 
0     003f7127  _PWM_enableHrPeriod                              
0     003f7135  _PWM_enableInt                                   
0     003f7140  _PWM_enableHrPhaseSync                           
0     003f714e  _PWM_enableSocAPulse                             
0     003f7159  _PWM_enableSocBPulse                             
0     003f7164  _PWM_enableTripZoneInt                           
0     003f7173  _PWM_enableTripZoneSrc                           
0     003f7182  _PWM_getDeadBandFallingEdgeDelay                 
0     003f718c  _PWM_getDeadBandRisingEdgeDelay                  
0     003f7196  _PWM_getIntCount                                 
0     003f71a2  _PWM_getSocACount                                
0     003f71b0  _PWM_getSocBCount                                
0     003f71be  _PWM_getShadowStatus_CmpA                        
0     003f71c9  _PWM_getShadowStatus_CmpB                        
0     003f71d4  _PWM_setHrControlMode                            
0     003f71e8  _PWM_setHrEdgeMode                               
0     003f71fc  _PWM_setHrShadowMode                             
0     003f7210  _PWM_incrementDeadBandFallingEdgeDelay           
0     003f721a  _PWM_incrementDeadBandRisingEdgeDelay            
0     003f7224  _PWM_init                                        
0     003f7230  _PWM_setActionQual_CntDown_CmpA_PwmA             
0     003f7242  _PWM_setActionQual_CntDown_CmpA_PwmB             
0     003f7254  _PWM_setActionQual_CntDown_CmpB_PwmA             
0     003f7266  _PWM_setActionQual_CntDown_CmpB_PwmB             
0     003f7278  _PWM_setActionQual_CntUp_CmpA_PwmA               
0     003f728a  _PWM_setActionQual_CntUp_CmpA_PwmB               
0     003f729c  _PWM_setActionQual_CntUp_CmpB_PwmA               
0     003f72ae  _PWM_setActionQual_CntUp_CmpB_PwmB               
0     003f72c0  _PWM_setActionQual_Period_PwmA                   
0     003f72d2  _PWM_setActionQual_Period_PwmB                   
0     003f72e4  _PWM_setActionQual_Zero_PwmA                     
0     003f72f5  _PWM_setActionQual_Zero_PwmB                     
0     003f7306  _PWM_setChoppingClkFreq                          
0     003f7317  _PWM_setChoppingDutyCycle                        
0     003f7328  _PWM_setChoppingPulseWidth                       
0     003f7339  _PWM_setClkDiv                                   
0     003f7345  _PWM_setCount                                    
0     003f734e  _PWM_setCounterMode                              
0     003f735a  _PWM_setDeadBandFallingEdgeDelay                 
0     003f7366  _PWM_setDeadBandInputMode                        
0     003f7377  _PWM_setDeadBandOutputMode                       
0     003f7388  _PWM_setDeadBandPolarity                         
0     003f7399  _PWM_setDeadBandRisingEdgeDelay                  
0     003f73a5  _PWM_setDigitalCompareFilterSource               
0     003f73b9  _PWM_setDigitalCompareBlankingPulse              
0     003f73ce  _PWM_setDigitalCompareFilterOffset               
0     003f73da  _PWM_setDigitalCompareFilterWindow               
0     003f73e6  _PWM_setDigitalCompareInput                      
0     003f7400  _PWM_setDigitalCompareAEvent1                    
0     003f7421  _PWM_setDigitalCompareAEvent2                    
0     003f743b  _PWM_setDigitalCompareBEvent1                    
0     003f745c  _PWM_setDigitalCompareBEvent2                    
0     003f7476  _PWM_setHighSpeedClkDiv                          
0     003f7482  _PWM_setIntMode                                  
0     003f7493  _PWM_setIntPeriod                                
0     003f74a4  _PWM_setLoadMode_CmpA                            
0     003f74b0  _PWM_setLoadMode_CmpB                            
0     003f74bd  _PWM_setPeriod                                   
0     003f74c6  _PWM_setPeriodHr                                 
0     003f74d2  _PWM_setPhase                                    
0     003f74db  _PWM_setPhaseDir                                 
0     003f74e7  _PWM_setPeriodLoad                               
0     003f74f3  _PWM_setRunMode                                  
0     003f74ff  _PWM_setSocAPeriod                               
0     003f7511  _PWM_setSocAPulseSrc                             
0     003f7523  _PWM_setSocBPeriod                               
0     003f7535  _PWM_setSocBPulseSrc                             
0     003f7547  _PWM_setShadowMode_CmpA                          
0     003f7554  _PWM_setShadowMode_CmpB                          
0     003f7561  _PWM_setSwSync                                   
0     003f7569  _PWM_setSyncMode                                 
0     003f7575  _PWM_setTripZoneDCEventSelect_DCAEVT1            
0     003f7589  _PWM_setTripZoneDCEventSelect_DCAEVT2            
0     003f759e  _PWM_setTripZoneDCEventSelect_DCBEVT1            
0     003f75b3  _PWM_setTripZoneDCEventSelect_DCBEVT2            
0     003f75c8  _PWM_setTripZoneState_DCAEVT1                    
0     003f75dd  _PWM_setTripZoneState_DCAEVT2                    
0     003f75f2  _PWM_setTripZoneState_DCBEVT1                    
0     003f7607  _PWM_setTripZoneState_DCBEVT2                    
0     003f761c  _PWM_setTripZoneState_TZA                        
0     003f7630  _PWM_setTripZoneState_TZB                        
0     003f7676  _main                                            
0     003f770f  _InitEPwm                                        
0     003f779c  _InitEGpio                                       
0     003f7825  _InitSys                                         
0     003f786a  _InitAdc                                         
0     003f78cd  _InitInterrupts                                  
0     003f7933  _InitTimer                                       
0     003f7986  _setDutyCycle                                    
0     003f79c4  _GPIO_init                                       
0     003f79d0  _GPIO_setDirection                               
0     003f7a05  _GPIO_setPullUp                                  
0     003f7a3a  _GPIO_setHigh                                    
0     003f7a5a  _GPIO_setLow                                     
0     003f7a7a  _GPIO_setMode                                    
0     003f7ace  _GPIO_setPortData                                
0     003f7ae8  _GPIO_setQualification                           
0     003f7b52  _GPIO_setQualificationPeriod                     
0     003f7bab  _GPIO_toggle                                     
0     003f7bcb  _GPIO_lpmSelect                                  
0     003f7bdd  _PIE_clearAllFlags                               
0     003f7bf1  _PIE_clearAllInts                                
0     003f7bf9  _PIE_disable                                     
0     003f7c01  _PIE_disableCaptureInt                           
0     003f7c0c  _PIE_disableExtInt                               
0     003f7c1a  _PIE_disableAllInts                              
0     003f7c2e  _PIE_disableInt                                  
0     003f7c3f  _PIE_enable                                      
0     003f7c47  _PIE_enableAdcInt                                
0     003f7c63  _PIE_enableCaptureInt                            
0     003f7c6e  _PIE_enableExtInt                                
0     003f7c92  _PIE_enableInt                                   
0     003f7ca2  _PIE_enablePwmInt                                
0     003f7cb7  _PIE_enablePwmTzInt                              
0     003f7ccc  _PIE_enableTimer0Int                             
0     003f7cd7  _PIE_forceInt                                    
0     003f7ce7  _PIE_getExtIntCount                              
0     003f7cf5  _PIE_getIntEnables                               
0     003f7d02  _PIE_getIntFlags                                 
0     003f7d0f  _PIE_init                                        
0     003f7d1e  _PIE_registerPieIntHandler                       
0     003f7d3b  _PIE_registerSystemIntHandler                    
0     003f7d51  _PIE_setDefaultIntVectorTable                    
0     003f7d6c  _PIE_setDebugIntVectorTable                      
0     003f7d8b  _PIE_setExtIntPolarity                           
0     003f7da1  _PIE_unregisterPieIntHandler                     
0     003f7dbe  _PIE_unregisterSystemIntHandler                  
0     003f7dd4  _CLK_disableTbClockSync                          
0     003f7de2  _CLK_enableAdcClock                              
0     003f7df0  _CLK_enableCompClock                             
0     003f7dff  _CLK_enableCpuTimerClock                         
0     003f7e0e  _CLK_enableCrystalOsc                            
0     003f7e19  _CLK_enableEcap1Clock                            
0     003f7e27  _CLK_enableClkIn                                 
0     003f7e32  _CLK_enableGpioInputClock                        
0     003f7e40  _CLK_enableHrPwmClock                            
0     003f7e4e  _CLK_enableI2cClock                              
0     003f7e5c  _CLK_enableOsc1                                  
0     003f7e67  _CLK_enableOsc1HaltMode                          
0     003f7e72  _CLK_enableOsc2                                  
0     003f7e7d  _CLK_enableOsc2HaltMode                          
0     003f7e88  _CLK_enablePwmClock                              
0     003f7e99  _CLK_enableSciaClock                             
0     003f7ea9  _CLK_enableSpiaClock                             
0     003f7eb7  _CLK_enableTbClockSync                           
0     003f7ec5  _CLK_enableWatchDogHaltMode                      
0     003f7ed0  _CLK_init                                        
0     003f7edc  _CLK_setClkOutPreScaler                          
0     003f7eeb  _CLK_setLowSpdPreScaler                          
0     003f7efa  _CLK_setOscSrc                                   
0     003f7f09  _CLK_setOsc2Src                                  
0     003f7f18  _CLK_setTimer2PreScale                           
0     003f7f27  _CLK_setTimer2Src                                
0     003f7f36  _CLK_setWatchDogSrc                              
0     003f7f45  _srand                                           
0     003f7f55  _rand                                            
0     003f7f71  __register_unlock                                
0     003f7f75  __register_lock                                  
0     003f7f79  __nop                                            
0     003f7f7a  _PIE_illegalIsr                                  
0     003f7f7f  __system_post_cinit                              
1     00000400  __stack                                          
1     00000700  __STACK_END                                      
1     00000700  _current_state                                   
1     00000701  _particle_count                                  
1     00000702  _iter_count                                      
1     00000703  _sample_count                                    
1     00000704  _power_max                                       
1     00000706  _power_sum                                       
1     00000708  _power                                           
1     0000070a  _voltage                                         
1     0000070c  _current                                         
1     0000070e  _myPll                                           
1     00000710  _myCpu                                           
1     00000712  _s                                               
1     00000714  _myWDog                                          
1     00000716  _power_prev                                      
1     00000718  _current_prev                                    
1     0000071a  _myClk                                           
1     0000071c  _duty                                            
1     0000071e  _myAdc                                           
1     00000720  _voltage_prev                                    
1     00000722  _myTimer0                                        
1     00000724  _myPwm                                           
1     00000726  _myTimer1                                        
1     00000728  _myPie                                           
1     0000072a  _myGpio                                          
1     0000072c  _particles                                       
1     00000740  _voltage_in                                      
1     00000760  _current_in                                      
1     00000780  ___TI_enable_exit_profile_output                 
1     00000782  ___TI_cleanup_ptr                                
1     00000784  ___TI_dtors_ptr                                  
1     00000786  __lock                                           
1     00000788  __unlock                                         
1     0000078c  _cpu                                             
abs   00000000  _RamfuncsLoadSize                                
abs   00000300  __STACK_SIZE                                     
abs   ffffffff  .text                                            
abs   ffffffff  ___TI_pprof_out_hndl                             
abs   ffffffff  ___TI_prof_data_size                             
abs   ffffffff  ___TI_prof_data_start                            
abs   ffffffff  ___binit__                                       
abs   ffffffff  ___c_args__                                      
abs   ffffffff  ___etext__                                       
abs   ffffffff  ___pinit__                                       
abs   ffffffff  ___text__                                        
abs   ffffffff  binit                                            
abs   ffffffff  etext                                            
abs   ffffffff  pinit                                            

[387 symbols]
