<?xml version="1.0" encoding="ISO-8859-1" ?>
<link_info>
   <banner>TMS320C2000 Linker PC v18.1.1.LTS</banner>
   <copyright>Copyright (c) 1996-2017 Texas Instruments Incorporated</copyright>
   <link_time>0x5c05f11d</link_time>
   <link_errors>0x0</link_errors>
   <output_file>GlobalSearch.out</output_file>
   <entry_point>
      <name>_c_int00</name>
      <address>0x3f6867</address>
   </entry_point>
   <input_file_list>
      <input_file id="fl-2">
         <path>.\</path>
         <kind>object</kind>
         <file>main.obj</file>
         <name>main.obj</name>
      </input_file>
      <input_file id="fl-3">
         <path>.\</path>
         <kind>object</kind>
         <file>mppt.obj</file>
         <name>mppt.obj</name>
      </input_file>
      <input_file id="fl-4">
         <path>.\</path>
         <kind>object</kind>
         <file>sensors.obj</file>
         <name>sensors.obj</name>
      </input_file>
      <input_file id="fl-5">
         <path>.\Source\</path>
         <kind>object</kind>
         <file>adc.obj</file>
         <name>adc.obj</name>
      </input_file>
      <input_file id="fl-6">
         <path>.\Source\</path>
         <kind>object</kind>
         <file>clk.obj</file>
         <name>clk.obj</name>
      </input_file>
      <input_file id="fl-7">
         <path>.\Source\</path>
         <kind>object</kind>
         <file>cpu.obj</file>
         <name>cpu.obj</name>
      </input_file>
      <input_file id="fl-8">
         <path>.\Source\</path>
         <kind>object</kind>
         <file>f2802x_defaultisr.obj</file>
         <name>f2802x_defaultisr.obj</name>
      </input_file>
      <input_file id="fl-9">
         <path>.\Source\</path>
         <kind>object</kind>
         <file>flash.obj</file>
         <name>flash.obj</name>
      </input_file>
      <input_file id="fl-a">
         <path>.\Source\</path>
         <kind>object</kind>
         <file>gpio.obj</file>
         <name>gpio.obj</name>
      </input_file>
      <input_file id="fl-b">
         <path>.\Source\</path>
         <kind>object</kind>
         <file>pie.obj</file>
         <name>pie.obj</name>
      </input_file>
      <input_file id="fl-c">
         <path>.\Source\</path>
         <kind>object</kind>
         <file>pll.obj</file>
         <name>pll.obj</name>
      </input_file>
      <input_file id="fl-d">
         <path>.\Source\</path>
         <kind>object</kind>
         <file>pwm.obj</file>
         <name>pwm.obj</name>
      </input_file>
      <input_file id="fl-e">
         <path>.\Source\</path>
         <kind>object</kind>
         <file>timer.obj</file>
         <name>timer.obj</name>
      </input_file>
      <input_file id="fl-f">
         <path>.\Source\</path>
         <kind>object</kind>
         <file>wdog.obj</file>
         <name>wdog.obj</name>
      </input_file>
      <input_file id="fl-13">
         <kind>object</kind>
         <file>&lt;internal&gt;</file>
         <name>&lt;internal&gt;</name>
      </input_file>
      <input_file id="fl-1f">
         <path>C:\ti\ccsv8\tools\compiler\ti-cgt-c2000_18.1.1.LTS\lib\</path>
         <kind>archive</kind>
         <file>rts2800_ml.lib</file>
         <name>s_ceilf.c.obj</name>
      </input_file>
      <input_file id="fl-20">
         <path>C:\ti\ccsv8\tools\compiler\ti-cgt-c2000_18.1.1.LTS\lib\</path>
         <kind>archive</kind>
         <file>rts2800_ml.lib</file>
         <name>boot28.asm.obj</name>
      </input_file>
      <input_file id="fl-21">
         <path>C:\ti\ccsv8\tools\compiler\ti-cgt-c2000_18.1.1.LTS\lib\</path>
         <kind>archive</kind>
         <file>rts2800_ml.lib</file>
         <name>fs_add28.asm.obj</name>
      </input_file>
      <input_file id="fl-22">
         <path>C:\ti\ccsv8\tools\compiler\ti-cgt-c2000_18.1.1.LTS\lib\</path>
         <kind>archive</kind>
         <file>rts2800_ml.lib</file>
         <name>fs_cmp28.asm.obj</name>
      </input_file>
      <input_file id="fl-23">
         <path>C:\ti\ccsv8\tools\compiler\ti-cgt-c2000_18.1.1.LTS\lib\</path>
         <kind>archive</kind>
         <file>rts2800_ml.lib</file>
         <name>fs_div28.asm.obj</name>
      </input_file>
      <input_file id="fl-24">
         <path>C:\ti\ccsv8\tools\compiler\ti-cgt-c2000_18.1.1.LTS\lib\</path>
         <kind>archive</kind>
         <file>rts2800_ml.lib</file>
         <name>fs_mpy28.asm.obj</name>
      </input_file>
      <input_file id="fl-25">
         <path>C:\ti\ccsv8\tools\compiler\ti-cgt-c2000_18.1.1.LTS\lib\</path>
         <kind>archive</kind>
         <file>rts2800_ml.lib</file>
         <name>fs_neg28.asm.obj</name>
      </input_file>
      <input_file id="fl-26">
         <path>C:\ti\ccsv8\tools\compiler\ti-cgt-c2000_18.1.1.LTS\lib\</path>
         <kind>archive</kind>
         <file>rts2800_ml.lib</file>
         <name>fs_tou28.asm.obj</name>
      </input_file>
      <input_file id="fl-27">
         <path>C:\ti\ccsv8\tools\compiler\ti-cgt-c2000_18.1.1.LTS\lib\</path>
         <kind>archive</kind>
         <file>rts2800_ml.lib</file>
         <name>u_tofs28.asm.obj</name>
      </input_file>
      <input_file id="fl-28">
         <path>C:\ti\ccsv8\tools\compiler\ti-cgt-c2000_18.1.1.LTS\lib\</path>
         <kind>archive</kind>
         <file>rts2800_ml.lib</file>
         <name>cpy_tbl.c.obj</name>
      </input_file>
      <input_file id="fl-29">
         <path>C:\ti\ccsv8\tools\compiler\ti-cgt-c2000_18.1.1.LTS\lib\</path>
         <kind>archive</kind>
         <file>rts2800_ml.lib</file>
         <name>memcpy.c.obj</name>
      </input_file>
      <input_file id="fl-2a">
         <path>C:\ti\ccsv8\tools\compiler\ti-cgt-c2000_18.1.1.LTS\lib\</path>
         <kind>archive</kind>
         <file>rts2800_ml.lib</file>
         <name>pre_init.c.obj</name>
      </input_file>
      <input_file id="fl-2b">
         <path>C:\ti\ccsv8\tools\compiler\ti-cgt-c2000_18.1.1.LTS\lib\</path>
         <kind>archive</kind>
         <file>rts2800_ml.lib</file>
         <name>startup.c.obj</name>
      </input_file>
      <input_file id="fl-2c">
         <path>C:\ti\ccsv8\tools\compiler\ti-cgt-c2000_18.1.1.LTS\lib\</path>
         <kind>archive</kind>
         <file>rts2800_ml.lib</file>
         <name>exit.c.obj</name>
      </input_file>
      <input_file id="fl-2d">
         <path>C:\ti\ccsv8\tools\compiler\ti-cgt-c2000_18.1.1.LTS\lib\</path>
         <kind>archive</kind>
         <file>rts2800_ml.lib</file>
         <name>_lock.c.obj</name>
      </input_file>
      <input_file id="fl-2e">
         <path>C:\ti\ccsv8\tools\compiler\ti-cgt-c2000_18.1.1.LTS\lib\</path>
         <kind>archive</kind>
         <file>rts2800_ml.lib</file>
         <name>args_main.c.obj</name>
      </input_file>
   </input_file_list>
   <object_component_list>
      <object_component id="oc-15">
         <name>.cinit</name>
         <load_address>0x3f6ae0</load_address>
         <run_address>0x3f6ae0</run_address>
         <size>0x5b</size>
         <input_file_ref idref="fl-2"/>
      </object_component>
      <object_component id="oc-a4">
         <name>.cinit</name>
         <load_address>0x3f6b3b</load_address>
         <run_address>0x3f6b3b</run_address>
         <size>0xe</size>
         <input_file_ref idref="fl-2c"/>
      </object_component>
      <object_component id="oc-be">
         <name>.cinit:__lock</name>
         <load_address>0x3f6b49</load_address>
         <run_address>0x3f6b49</run_address>
         <size>0x5</size>
         <input_file_ref idref="fl-2d"/>
      </object_component>
      <object_component id="oc-c9">
         <name>.cinit:__unlock</name>
         <load_address>0x3f6b4e</load_address>
         <run_address>0x3f6b4e</run_address>
         <size>0x5</size>
         <input_file_ref idref="fl-2d"/>
      </object_component>
      <object_component id="oc-bf">
         <name>.text</name>
         <load_address>0x3f6000</load_address>
         <run_address>0x3f6000</run_address>
         <size>0x15d</size>
         <input_file_ref idref="fl-5"/>
      </object_component>
      <object_component id="oc-c7">
         <name>.text</name>
         <load_address>0x3f615d</load_address>
         <run_address>0x3f615d</run_address>
         <size>0x129</size>
         <input_file_ref idref="fl-3"/>
      </object_component>
      <object_component id="oc-37">
         <name>.text:retain</name>
         <load_address>0x3f6286</load_address>
         <run_address>0x3f6286</run_address>
         <size>0xff</size>
         <input_file_ref idref="fl-8"/>
      </object_component>
      <object_component id="oc-17">
         <name>.text:retain</name>
         <load_address>0x3f6385</load_address>
         <run_address>0x3f6385</run_address>
         <size>0xee</size>
         <input_file_ref idref="fl-2"/>
      </object_component>
      <object_component id="oc-c3">
         <name>.text</name>
         <load_address>0x3f6473</load_address>
         <run_address>0x3f6473</run_address>
         <size>0xdd</size>
         <input_file_ref idref="fl-c"/>
      </object_component>
      <object_component id="oc-ba">
         <name>.text</name>
         <load_address>0x3f6550</load_address>
         <run_address>0x3f6550</run_address>
         <size>0xac</size>
         <input_file_ref idref="fl-4"/>
      </object_component>
      <object_component id="oc-c5">
         <name>.text</name>
         <load_address>0x3f65fc</load_address>
         <run_address>0x3f65fc</run_address>
         <size>0x88</size>
         <input_file_ref idref="fl-e"/>
      </object_component>
      <object_component id="oc-76">
         <name>.text</name>
         <load_address>0x3f6684</load_address>
         <run_address>0x3f6684</run_address>
         <size>0x83</size>
         <input_file_ref idref="fl-23"/>
      </object_component>
      <object_component id="oc-c6">
         <name>.text</name>
         <load_address>0x3f6707</load_address>
         <run_address>0x3f6707</run_address>
         <size>0x7f</size>
         <input_file_ref idref="fl-f"/>
      </object_component>
      <object_component id="oc-6c">
         <name>.text</name>
         <load_address>0x3f6786</load_address>
         <run_address>0x3f6786</run_address>
         <size>0x78</size>
         <input_file_ref idref="fl-21"/>
      </object_component>
      <object_component id="oc-cb">
         <name>.text</name>
         <load_address>0x3f67fe</load_address>
         <run_address>0x3f67fe</run_address>
         <size>0x69</size>
         <input_file_ref idref="fl-1f"/>
      </object_component>
      <object_component id="oc-13">
         <name>.text</name>
         <load_address>0x3f6867</load_address>
         <run_address>0x3f6867</run_address>
         <size>0x54</size>
         <input_file_ref idref="fl-20"/>
      </object_component>
      <object_component id="oc-c1">
         <name>.text</name>
         <load_address>0x3f68bb</load_address>
         <run_address>0x3f68bb</run_address>
         <size>0x4c</size>
         <input_file_ref idref="fl-7"/>
      </object_component>
      <object_component id="oc-b8">
         <name>.text</name>
         <load_address>0x3f6907</load_address>
         <run_address>0x3f6907</run_address>
         <size>0x29</size>
         <input_file_ref idref="fl-2c"/>
      </object_component>
      <object_component id="oc-b5">
         <name>.text</name>
         <load_address>0x3f6930</load_address>
         <run_address>0x3f6930</run_address>
         <size>0x24</size>
         <input_file_ref idref="fl-28"/>
      </object_component>
      <object_component id="oc-85">
         <name>.text</name>
         <load_address>0x3f6954</load_address>
         <run_address>0x3f6954</run_address>
         <size>0x1d</size>
         <input_file_ref idref="fl-26"/>
      </object_component>
      <object_component id="oc-bc">
         <name>.text</name>
         <load_address>0x3f6971</load_address>
         <run_address>0x3f6971</run_address>
         <size>0x1d</size>
         <input_file_ref idref="fl-29"/>
      </object_component>
      <object_component id="oc-b7">
         <name>.text</name>
         <load_address>0x3f698e</load_address>
         <run_address>0x3f698e</run_address>
         <size>0x19</size>
         <input_file_ref idref="fl-2e"/>
      </object_component>
      <object_component id="oc-71">
         <name>.text</name>
         <load_address>0x3f69a7</load_address>
         <run_address>0x3f69a7</run_address>
         <size>0x17</size>
         <input_file_ref idref="fl-22"/>
      </object_component>
      <object_component id="oc-8a">
         <name>.text</name>
         <load_address>0x3f69be</load_address>
         <run_address>0x3f69be</run_address>
         <size>0x10</size>
         <input_file_ref idref="fl-27"/>
      </object_component>
      <object_component id="oc-c8">
         <name>.text</name>
         <load_address>0x3f69ce</load_address>
         <run_address>0x3f69ce</run_address>
         <size>0x9</size>
         <input_file_ref idref="fl-2d"/>
      </object_component>
      <object_component id="oc-80">
         <name>.text</name>
         <load_address>0x3f69d7</load_address>
         <run_address>0x3f69d7</run_address>
         <size>0x5</size>
         <input_file_ref idref="fl-25"/>
      </object_component>
      <object_component id="oc-b4">
         <name>.text</name>
         <load_address>0x3f69dc</load_address>
         <run_address>0x3f69dc</run_address>
         <size>0x2</size>
         <input_file_ref idref="fl-2a"/>
      </object_component>
      <object_component id="oc-c4">
         <name>.text</name>
         <load_address>0x3f7000</load_address>
         <run_address>0x3f7000</run_address>
         <size>0x645</size>
         <input_file_ref idref="fl-d"/>
      </object_component>
      <object_component id="oc-bb">
         <name>.text</name>
         <load_address>0x3f7645</load_address>
         <run_address>0x3f7645</run_address>
         <size>0x35a</size>
         <input_file_ref idref="fl-2"/>
      </object_component>
      <object_component id="oc-b9">
         <name>.text</name>
         <load_address>0x3f799f</load_address>
         <run_address>0x3f799f</run_address>
         <size>0x219</size>
         <input_file_ref idref="fl-a"/>
      </object_component>
      <object_component id="oc-c2">
         <name>.text</name>
         <load_address>0x3f7bb8</load_address>
         <run_address>0x3f7bb8</run_address>
         <size>0x1f7</size>
         <input_file_ref idref="fl-b"/>
      </object_component>
      <object_component id="oc-c0">
         <name>.text</name>
         <load_address>0x3f7daf</load_address>
         <run_address>0x3f7daf</run_address>
         <size>0x171</size>
         <input_file_ref idref="fl-6"/>
      </object_component>
      <object_component id="oc-7b">
         <name>.text</name>
         <load_address>0x3f7f20</load_address>
         <run_address>0x3f7f20</run_address>
         <size>0x5a</size>
         <input_file_ref idref="fl-24"/>
      </object_component>
      <object_component id="oc-47">
         <name>.text:retain</name>
         <load_address>0x3f7f7a</load_address>
         <run_address>0x3f7f7a</run_address>
         <size>0x5</size>
         <input_file_ref idref="fl-b"/>
      </object_component>
      <object_component id="oc-b6">
         <name>.text</name>
         <load_address>0x3f7f7f</load_address>
         <run_address>0x3f7f7f</run_address>
         <size>0x1</size>
         <input_file_ref idref="fl-2b"/>
      </object_component>
      <object_component id="oc-66">
         <name>.stack</name>
         <uninitialized>true</uninitialized>
         <run_address>0x400</run_address>
         <size>0x0</size>
         <input_file_ref idref="fl-20"/>
      </object_component>
      <object_component id="oc-e9">
         <name>.stack</name>
         <uninitialized>true</uninitialized>
         <run_address>0x400</run_address>
         <size>0x0</size>
      </object_component>
      <object_component id="oc-16">
         <name>.ebss</name>
         <uninitialized>true</uninitialized>
         <run_address>0x700</run_address>
         <size>0x80</size>
         <input_file_ref idref="fl-2"/>
      </object_component>
      <object_component id="oc-a5">
         <name>.ebss</name>
         <uninitialized>true</uninitialized>
         <run_address>0x780</run_address>
         <size>0x6</size>
         <input_file_ref idref="fl-2c"/>
      </object_component>
      <object_component id="oc-bd">
         <name>.ebss:__lock</name>
         <uninitialized>true</uninitialized>
         <run_address>0x786</run_address>
         <size>0x2</size>
         <input_file_ref idref="fl-2d"/>
      </object_component>
      <object_component id="oc-cc">
         <name>.ebss:__unlock</name>
         <uninitialized>true</uninitialized>
         <run_address>0x788</run_address>
         <size>0x2</size>
         <input_file_ref idref="fl-2d"/>
      </object_component>
      <object_component id="oc-31">
         <name>.ebss</name>
         <uninitialized>true</uninitialized>
         <run_address>0x78a</run_address>
         <size>0x1</size>
         <input_file_ref idref="fl-7"/>
      </object_component>
      <object_component id="oc-ca">
         <name>.econst:_PIE_tableDebugInit</name>
         <load_address>0x3f69de</load_address>
         <run_address>0x3f69de</run_address>
         <size>0x100</size>
         <input_file_ref idref="fl-b"/>
      </object_component>
      <object_component id="oc-61">
         <name>.econst</name>
         <load_address>0x3f6ade</load_address>
         <run_address>0x3f6ade</run_address>
         <size>0x2</size>
         <input_file_ref idref="fl-1f"/>
      </object_component>
      <object_component id="oc-67">
         <name>.reset</name>
         <load_address>0x3fffc0</load_address>
         <run_address>0x3fffc0</run_address>
         <size>0x2</size>
         <input_file_ref idref="fl-20"/>
      </object_component>
      <object_component id="oc-14">
         <name>.debug_info</name>
         <load_address>0x0</load_address>
         <run_address>0x0</run_address>
         <size>0x7df6</size>
         <input_file_ref idref="fl-2"/>
      </object_component>
      <object_component id="oc-1c">
         <name>.debug_info</name>
         <load_address>0x7df6</load_address>
         <run_address>0x7df6</run_address>
         <size>0x6bc</size>
         <input_file_ref idref="fl-3"/>
      </object_component>
      <object_component id="oc-21">
         <name>.debug_info</name>
         <load_address>0x84b2</load_address>
         <run_address>0x84b2</run_address>
         <size>0x64a</size>
         <input_file_ref idref="fl-4"/>
      </object_component>
      <object_component id="oc-26">
         <name>.debug_info</name>
         <load_address>0x8afc</load_address>
         <run_address>0x8afc</run_address>
         <size>0x2663</size>
         <input_file_ref idref="fl-5"/>
      </object_component>
      <object_component id="oc-2b">
         <name>.debug_info</name>
         <load_address>0xb15f</load_address>
         <run_address>0xb15f</run_address>
         <size>0x1e71</size>
         <input_file_ref idref="fl-6"/>
      </object_component>
      <object_component id="oc-30">
         <name>.debug_info</name>
         <load_address>0xcfd0</load_address>
         <run_address>0xcfd0</run_address>
         <size>0xbf2</size>
         <input_file_ref idref="fl-7"/>
      </object_component>
      <object_component id="oc-36">
         <name>.debug_info</name>
         <load_address>0xdbc2</load_address>
         <run_address>0xdbc2</run_address>
         <size>0x1743</size>
         <input_file_ref idref="fl-8"/>
      </object_component>
      <object_component id="oc-3c">
         <name>.debug_info</name>
         <load_address>0xf305</load_address>
         <run_address>0xf305</run_address>
         <size>0xb4a</size>
         <input_file_ref idref="fl-9"/>
      </object_component>
      <object_component id="oc-41">
         <name>.debug_info</name>
         <load_address>0xfe4f</load_address>
         <run_address>0xfe4f</run_address>
         <size>0x215c</size>
         <input_file_ref idref="fl-a"/>
      </object_component>
      <object_component id="oc-46">
         <name>.debug_info</name>
         <load_address>0x11fab</load_address>
         <run_address>0x11fab</run_address>
         <size>0x3d92</size>
         <input_file_ref idref="fl-b"/>
      </object_component>
      <object_component id="oc-4c">
         <name>.debug_info</name>
         <load_address>0x15d3d</load_address>
         <run_address>0x15d3d</run_address>
         <size>0x13da</size>
         <input_file_ref idref="fl-c"/>
      </object_component>
      <object_component id="oc-51">
         <name>.debug_info</name>
         <load_address>0x17117</load_address>
         <run_address>0x17117</run_address>
         <size>0x8250</size>
         <input_file_ref idref="fl-d"/>
      </object_component>
      <object_component id="oc-56">
         <name>.debug_info</name>
         <load_address>0x1f367</load_address>
         <run_address>0x1f367</run_address>
         <size>0xe32</size>
         <input_file_ref idref="fl-e"/>
      </object_component>
      <object_component id="oc-5b">
         <name>.debug_info</name>
         <load_address>0x20199</load_address>
         <run_address>0x20199</run_address>
         <size>0xd1d</size>
         <input_file_ref idref="fl-f"/>
      </object_component>
      <object_component id="oc-60">
         <name>.debug_info</name>
         <load_address>0x20eb6</load_address>
         <run_address>0x20eb6</run_address>
         <size>0x3da</size>
         <input_file_ref idref="fl-1f"/>
      </object_component>
      <object_component id="oc-68">
         <name>.debug_info</name>
         <load_address>0x21290</load_address>
         <run_address>0x21290</run_address>
         <size>0x16b</size>
         <input_file_ref idref="fl-20"/>
      </object_component>
      <object_component id="oc-6d">
         <name>.debug_info</name>
         <load_address>0x213fb</load_address>
         <run_address>0x213fb</run_address>
         <size>0x10c</size>
         <input_file_ref idref="fl-21"/>
      </object_component>
      <object_component id="oc-72">
         <name>.debug_info</name>
         <load_address>0x21507</load_address>
         <run_address>0x21507</run_address>
         <size>0x10c</size>
         <input_file_ref idref="fl-22"/>
      </object_component>
      <object_component id="oc-77">
         <name>.debug_info</name>
         <load_address>0x21613</load_address>
         <run_address>0x21613</run_address>
         <size>0x10c</size>
         <input_file_ref idref="fl-23"/>
      </object_component>
      <object_component id="oc-7c">
         <name>.debug_info</name>
         <load_address>0x2171f</load_address>
         <run_address>0x2171f</run_address>
         <size>0x10c</size>
         <input_file_ref idref="fl-24"/>
      </object_component>
      <object_component id="oc-81">
         <name>.debug_info</name>
         <load_address>0x2182b</load_address>
         <run_address>0x2182b</run_address>
         <size>0x10c</size>
         <input_file_ref idref="fl-25"/>
      </object_component>
      <object_component id="oc-86">
         <name>.debug_info</name>
         <load_address>0x21937</load_address>
         <run_address>0x21937</run_address>
         <size>0x118</size>
         <input_file_ref idref="fl-26"/>
      </object_component>
      <object_component id="oc-8b">
         <name>.debug_info</name>
         <load_address>0x21a4f</load_address>
         <run_address>0x21a4f</run_address>
         <size>0x110</size>
         <input_file_ref idref="fl-27"/>
      </object_component>
      <object_component id="oc-8f">
         <name>.debug_info</name>
         <load_address>0x21b5f</load_address>
         <run_address>0x21b5f</run_address>
         <size>0x4c2</size>
         <input_file_ref idref="fl-28"/>
      </object_component>
      <object_component id="oc-94">
         <name>.debug_info</name>
         <load_address>0x22021</load_address>
         <run_address>0x22021</run_address>
         <size>0x3bd</size>
         <input_file_ref idref="fl-29"/>
      </object_component>
      <object_component id="oc-99">
         <name>.debug_info</name>
         <load_address>0x223de</load_address>
         <run_address>0x223de</run_address>
         <size>0x330</size>
         <input_file_ref idref="fl-2a"/>
      </object_component>
      <object_component id="oc-9e">
         <name>.debug_info</name>
         <load_address>0x2270e</load_address>
         <run_address>0x2270e</run_address>
         <size>0x32d</size>
         <input_file_ref idref="fl-2b"/>
      </object_component>
      <object_component id="oc-a3">
         <name>.debug_info</name>
         <load_address>0x22a3b</load_address>
         <run_address>0x22a3b</run_address>
         <size>0x4c7</size>
         <input_file_ref idref="fl-2c"/>
      </object_component>
      <object_component id="oc-aa">
         <name>.debug_info</name>
         <load_address>0x22f02</load_address>
         <run_address>0x22f02</run_address>
         <size>0x44f</size>
         <input_file_ref idref="fl-2d"/>
      </object_component>
      <object_component id="oc-af">
         <name>.debug_info</name>
         <load_address>0x23351</load_address>
         <run_address>0x23351</run_address>
         <size>0x3ea</size>
         <input_file_ref idref="fl-2e"/>
      </object_component>
      <object_component id="oc-ee">
         <name>.debug_info</name>
         <load_address>0x2373b</load_address>
         <run_address>0x2373b</run_address>
         <size>0xc6</size>
      </object_component>
      <object_component id="oc-18">
         <name>.debug_frame</name>
         <load_address>0x0</load_address>
         <run_address>0x0</run_address>
         <size>0x258</size>
         <input_file_ref idref="fl-2"/>
      </object_component>
      <object_component id="oc-1d">
         <name>.debug_frame</name>
         <load_address>0x258</load_address>
         <run_address>0x258</run_address>
         <size>0x80</size>
         <input_file_ref idref="fl-3"/>
      </object_component>
      <object_component id="oc-22">
         <name>.debug_frame</name>
         <load_address>0x2d8</load_address>
         <run_address>0x2d8</run_address>
         <size>0x74</size>
         <input_file_ref idref="fl-4"/>
      </object_component>
      <object_component id="oc-27">
         <name>.debug_frame</name>
         <load_address>0x34c</load_address>
         <run_address>0x34c</run_address>
         <size>0x1a8</size>
         <input_file_ref idref="fl-5"/>
      </object_component>
      <object_component id="oc-2c">
         <name>.debug_frame</name>
         <load_address>0x4f4</load_address>
         <run_address>0x4f4</run_address>
         <size>0x314</size>
         <input_file_ref idref="fl-6"/>
      </object_component>
      <object_component id="oc-32">
         <name>.debug_frame</name>
         <load_address>0x808</load_address>
         <run_address>0x808</run_address>
         <size>0x154</size>
         <input_file_ref idref="fl-7"/>
      </object_component>
      <object_component id="oc-38">
         <name>.debug_frame</name>
         <load_address>0x95c</load_address>
         <run_address>0x95c</run_address>
         <size>0x4e8</size>
         <input_file_ref idref="fl-8"/>
      </object_component>
      <object_component id="oc-3d">
         <name>.debug_frame</name>
         <load_address>0xe44</load_address>
         <run_address>0xe44</run_address>
         <size>0x20</size>
         <input_file_ref idref="fl-9"/>
      </object_component>
      <object_component id="oc-42">
         <name>.debug_frame</name>
         <load_address>0xe64</load_address>
         <run_address>0xe64</run_address>
         <size>0x154</size>
         <input_file_ref idref="fl-a"/>
      </object_component>
      <object_component id="oc-48">
         <name>.debug_frame</name>
         <load_address>0xfb8</load_address>
         <run_address>0xfb8</run_address>
         <size>0x32c</size>
         <input_file_ref idref="fl-b"/>
      </object_component>
      <object_component id="oc-4d">
         <name>.debug_frame</name>
         <load_address>0x12e4</load_address>
         <run_address>0x12e4</run_address>
         <size>0x218</size>
         <input_file_ref idref="fl-c"/>
      </object_component>
      <object_component id="oc-52">
         <name>.debug_frame</name>
         <load_address>0x14fc</load_address>
         <run_address>0x14fc</run_address>
         <size>0xb9c</size>
         <input_file_ref idref="fl-d"/>
      </object_component>
      <object_component id="oc-57">
         <name>.debug_frame</name>
         <load_address>0x2098</load_address>
         <run_address>0x2098</run_address>
         <size>0x170</size>
         <input_file_ref idref="fl-e"/>
      </object_component>
      <object_component id="oc-5c">
         <name>.debug_frame</name>
         <load_address>0x2208</load_address>
         <run_address>0x2208</run_address>
         <size>0x138</size>
         <input_file_ref idref="fl-f"/>
      </object_component>
      <object_component id="oc-62">
         <name>.debug_frame</name>
         <load_address>0x2340</load_address>
         <run_address>0x2340</run_address>
         <size>0x58</size>
         <input_file_ref idref="fl-1f"/>
      </object_component>
      <object_component id="oc-90">
         <name>.debug_frame</name>
         <load_address>0x2398</load_address>
         <run_address>0x2398</run_address>
         <size>0x58</size>
         <input_file_ref idref="fl-28"/>
      </object_component>
      <object_component id="oc-95">
         <name>.debug_frame</name>
         <load_address>0x23f0</load_address>
         <run_address>0x23f0</run_address>
         <size>0x38</size>
         <input_file_ref idref="fl-29"/>
      </object_component>
      <object_component id="oc-9a">
         <name>.debug_frame</name>
         <load_address>0x2428</load_address>
         <run_address>0x2428</run_address>
         <size>0x38</size>
         <input_file_ref idref="fl-2a"/>
      </object_component>
      <object_component id="oc-9f">
         <name>.debug_frame</name>
         <load_address>0x2460</load_address>
         <run_address>0x2460</run_address>
         <size>0x38</size>
         <input_file_ref idref="fl-2b"/>
      </object_component>
      <object_component id="oc-a6">
         <name>.debug_frame</name>
         <load_address>0x2498</load_address>
         <run_address>0x2498</run_address>
         <size>0x58</size>
         <input_file_ref idref="fl-2c"/>
      </object_component>
      <object_component id="oc-ab">
         <name>.debug_frame</name>
         <load_address>0x24f0</load_address>
         <run_address>0x24f0</run_address>
         <size>0x68</size>
         <input_file_ref idref="fl-2d"/>
      </object_component>
      <object_component id="oc-b0">
         <name>.debug_frame</name>
         <load_address>0x2558</load_address>
         <run_address>0x2558</run_address>
         <size>0x38</size>
         <input_file_ref idref="fl-2e"/>
      </object_component>
      <object_component id="oc-19">
         <name>.debug_line</name>
         <load_address>0x0</load_address>
         <run_address>0x0</run_address>
         <size>0x491</size>
         <input_file_ref idref="fl-2"/>
      </object_component>
      <object_component id="oc-1e">
         <name>.debug_line</name>
         <load_address>0x491</load_address>
         <run_address>0x491</run_address>
         <size>0xb8</size>
         <input_file_ref idref="fl-3"/>
      </object_component>
      <object_component id="oc-23">
         <name>.debug_line</name>
         <load_address>0x549</load_address>
         <run_address>0x549</run_address>
         <size>0xae</size>
         <input_file_ref idref="fl-4"/>
      </object_component>
      <object_component id="oc-28">
         <name>.debug_line</name>
         <load_address>0x5f7</load_address>
         <run_address>0x5f7</run_address>
         <size>0x216</size>
         <input_file_ref idref="fl-5"/>
      </object_component>
      <object_component id="oc-2d">
         <name>.debug_line</name>
         <load_address>0x80d</load_address>
         <run_address>0x80d</run_address>
         <size>0x37e</size>
         <input_file_ref idref="fl-6"/>
      </object_component>
      <object_component id="oc-33">
         <name>.debug_line</name>
         <load_address>0xb8b</load_address>
         <run_address>0xb8b</run_address>
         <size>0x153</size>
         <input_file_ref idref="fl-7"/>
      </object_component>
      <object_component id="oc-39">
         <name>.debug_line</name>
         <load_address>0xcde</load_address>
         <run_address>0xcde</run_address>
         <size>0x4d0</size>
         <input_file_ref idref="fl-8"/>
      </object_component>
      <object_component id="oc-3e">
         <name>.debug_line</name>
         <load_address>0x11ae</load_address>
         <run_address>0x11ae</run_address>
         <size>0x32</size>
         <input_file_ref idref="fl-9"/>
      </object_component>
      <object_component id="oc-43">
         <name>.debug_line</name>
         <load_address>0x11e0</load_address>
         <run_address>0x11e0</run_address>
         <size>0x262</size>
         <input_file_ref idref="fl-a"/>
      </object_component>
      <object_component id="oc-49">
         <name>.debug_line</name>
         <load_address>0x1442</load_address>
         <run_address>0x1442</run_address>
         <size>0x3dd</size>
         <input_file_ref idref="fl-b"/>
      </object_component>
      <object_component id="oc-4e">
         <name>.debug_line</name>
         <load_address>0x181f</load_address>
         <run_address>0x181f</run_address>
         <size>0x267</size>
         <input_file_ref idref="fl-c"/>
      </object_component>
      <object_component id="oc-53">
         <name>.debug_line</name>
         <load_address>0x1a86</load_address>
         <run_address>0x1a86</run_address>
         <size>0xc9a</size>
         <input_file_ref idref="fl-d"/>
      </object_component>
      <object_component id="oc-58">
         <name>.debug_line</name>
         <load_address>0x2720</load_address>
         <run_address>0x2720</run_address>
         <size>0x193</size>
         <input_file_ref idref="fl-e"/>
      </object_component>
      <object_component id="oc-5d">
         <name>.debug_line</name>
         <load_address>0x28b3</load_address>
         <run_address>0x28b3</run_address>
         <size>0x171</size>
         <input_file_ref idref="fl-f"/>
      </object_component>
      <object_component id="oc-63">
         <name>.debug_line</name>
         <load_address>0x2a24</load_address>
         <run_address>0x2a24</run_address>
         <size>0x7c</size>
         <input_file_ref idref="fl-1f"/>
      </object_component>
      <object_component id="oc-69">
         <name>.debug_line</name>
         <load_address>0x2aa0</load_address>
         <run_address>0x2aa0</run_address>
         <size>0x7d</size>
         <input_file_ref idref="fl-20"/>
      </object_component>
      <object_component id="oc-6e">
         <name>.debug_line</name>
         <load_address>0x2b1d</load_address>
         <run_address>0x2b1d</run_address>
         <size>0xa9</size>
         <input_file_ref idref="fl-21"/>
      </object_component>
      <object_component id="oc-73">
         <name>.debug_line</name>
         <load_address>0x2bc6</load_address>
         <run_address>0x2bc6</run_address>
         <size>0x52</size>
         <input_file_ref idref="fl-22"/>
      </object_component>
      <object_component id="oc-78">
         <name>.debug_line</name>
         <load_address>0x2c18</load_address>
         <run_address>0x2c18</run_address>
         <size>0xab</size>
         <input_file_ref idref="fl-23"/>
      </object_component>
      <object_component id="oc-7d">
         <name>.debug_line</name>
         <load_address>0x2cc3</load_address>
         <run_address>0x2cc3</run_address>
         <size>0x8d</size>
         <input_file_ref idref="fl-24"/>
      </object_component>
      <object_component id="oc-82">
         <name>.debug_line</name>
         <load_address>0x2d50</load_address>
         <run_address>0x2d50</run_address>
         <size>0x41</size>
         <input_file_ref idref="fl-25"/>
      </object_component>
      <object_component id="oc-87">
         <name>.debug_line</name>
         <load_address>0x2d91</load_address>
         <run_address>0x2d91</run_address>
         <size>0x56</size>
         <input_file_ref idref="fl-26"/>
      </object_component>
      <object_component id="oc-8c">
         <name>.debug_line</name>
         <load_address>0x2de7</load_address>
         <run_address>0x2de7</run_address>
         <size>0x49</size>
         <input_file_ref idref="fl-27"/>
      </object_component>
      <object_component id="oc-91">
         <name>.debug_line</name>
         <load_address>0x2e30</load_address>
         <run_address>0x2e30</run_address>
         <size>0x50</size>
         <input_file_ref idref="fl-28"/>
      </object_component>
      <object_component id="oc-96">
         <name>.debug_line</name>
         <load_address>0x2e80</load_address>
         <run_address>0x2e80</run_address>
         <size>0x62</size>
         <input_file_ref idref="fl-29"/>
      </object_component>
      <object_component id="oc-9b">
         <name>.debug_line</name>
         <load_address>0x2ee2</load_address>
         <run_address>0x2ee2</run_address>
         <size>0x3e</size>
         <input_file_ref idref="fl-2a"/>
      </object_component>
      <object_component id="oc-a0">
         <name>.debug_line</name>
         <load_address>0x2f20</load_address>
         <run_address>0x2f20</run_address>
         <size>0x3a</size>
         <input_file_ref idref="fl-2b"/>
      </object_component>
      <object_component id="oc-a7">
         <name>.debug_line</name>
         <load_address>0x2f5a</load_address>
         <run_address>0x2f5a</run_address>
         <size>0x65</size>
         <input_file_ref idref="fl-2c"/>
      </object_component>
      <object_component id="oc-ac">
         <name>.debug_line</name>
         <load_address>0x2fbf</load_address>
         <run_address>0x2fbf</run_address>
         <size>0x5e</size>
         <input_file_ref idref="fl-2d"/>
      </object_component>
      <object_component id="oc-b1">
         <name>.debug_line</name>
         <load_address>0x301d</load_address>
         <run_address>0x301d</run_address>
         <size>0x55</size>
         <input_file_ref idref="fl-2e"/>
      </object_component>
      <object_component id="oc-1a">
         <name>.debug_abbrev</name>
         <load_address>0x0</load_address>
         <run_address>0x0</run_address>
         <size>0x24d</size>
         <input_file_ref idref="fl-2"/>
      </object_component>
      <object_component id="oc-1f">
         <name>.debug_abbrev</name>
         <load_address>0x24d</load_address>
         <run_address>0x24d</run_address>
         <size>0xb8</size>
         <input_file_ref idref="fl-3"/>
      </object_component>
      <object_component id="oc-24">
         <name>.debug_abbrev</name>
         <load_address>0x305</load_address>
         <run_address>0x305</run_address>
         <size>0xa3</size>
         <input_file_ref idref="fl-4"/>
      </object_component>
      <object_component id="oc-29">
         <name>.debug_abbrev</name>
         <load_address>0x3a8</load_address>
         <run_address>0x3a8</run_address>
         <size>0x161</size>
         <input_file_ref idref="fl-5"/>
      </object_component>
      <object_component id="oc-2e">
         <name>.debug_abbrev</name>
         <load_address>0x509</load_address>
         <run_address>0x509</run_address>
         <size>0x11d</size>
         <input_file_ref idref="fl-6"/>
      </object_component>
      <object_component id="oc-34">
         <name>.debug_abbrev</name>
         <load_address>0x626</load_address>
         <run_address>0x626</run_address>
         <size>0x112</size>
         <input_file_ref idref="fl-7"/>
      </object_component>
      <object_component id="oc-3a">
         <name>.debug_abbrev</name>
         <load_address>0x738</load_address>
         <run_address>0x738</run_address>
         <size>0xde</size>
         <input_file_ref idref="fl-8"/>
      </object_component>
      <object_component id="oc-3f">
         <name>.debug_abbrev</name>
         <load_address>0x816</load_address>
         <run_address>0x816</run_address>
         <size>0x13e</size>
         <input_file_ref idref="fl-9"/>
      </object_component>
      <object_component id="oc-44">
         <name>.debug_abbrev</name>
         <load_address>0x954</load_address>
         <run_address>0x954</run_address>
         <size>0x16d</size>
         <input_file_ref idref="fl-a"/>
      </object_component>
      <object_component id="oc-4a">
         <name>.debug_abbrev</name>
         <load_address>0xac1</load_address>
         <run_address>0xac1</run_address>
         <size>0x1ce</size>
         <input_file_ref idref="fl-b"/>
      </object_component>
      <object_component id="oc-4f">
         <name>.debug_abbrev</name>
         <load_address>0xc8f</load_address>
         <run_address>0xc8f</run_address>
         <size>0x1a4</size>
         <input_file_ref idref="fl-c"/>
      </object_component>
      <object_component id="oc-54">
         <name>.debug_abbrev</name>
         <load_address>0xe33</load_address>
         <run_address>0xe33</run_address>
         <size>0x16d</size>
         <input_file_ref idref="fl-d"/>
      </object_component>
      <object_component id="oc-59">
         <name>.debug_abbrev</name>
         <load_address>0xfa0</load_address>
         <run_address>0xfa0</run_address>
         <size>0x139</size>
         <input_file_ref idref="fl-e"/>
      </object_component>
      <object_component id="oc-5e">
         <name>.debug_abbrev</name>
         <load_address>0x10d9</load_address>
         <run_address>0x10d9</run_address>
         <size>0x13b</size>
         <input_file_ref idref="fl-f"/>
      </object_component>
      <object_component id="oc-64">
         <name>.debug_abbrev</name>
         <load_address>0x1214</load_address>
         <run_address>0x1214</run_address>
         <size>0xad</size>
         <input_file_ref idref="fl-1f"/>
      </object_component>
      <object_component id="oc-6a">
         <name>.debug_abbrev</name>
         <load_address>0x12c1</load_address>
         <run_address>0x12c1</run_address>
         <size>0x46</size>
         <input_file_ref idref="fl-20"/>
      </object_component>
      <object_component id="oc-6f">
         <name>.debug_abbrev</name>
         <load_address>0x1307</load_address>
         <run_address>0x1307</run_address>
         <size>0x38</size>
         <input_file_ref idref="fl-21"/>
      </object_component>
      <object_component id="oc-74">
         <name>.debug_abbrev</name>
         <load_address>0x133f</load_address>
         <run_address>0x133f</run_address>
         <size>0x38</size>
         <input_file_ref idref="fl-22"/>
      </object_component>
      <object_component id="oc-79">
         <name>.debug_abbrev</name>
         <load_address>0x1377</load_address>
         <run_address>0x1377</run_address>
         <size>0x38</size>
         <input_file_ref idref="fl-23"/>
      </object_component>
      <object_component id="oc-7e">
         <name>.debug_abbrev</name>
         <load_address>0x13af</load_address>
         <run_address>0x13af</run_address>
         <size>0x38</size>
         <input_file_ref idref="fl-24"/>
      </object_component>
      <object_component id="oc-83">
         <name>.debug_abbrev</name>
         <load_address>0x13e7</load_address>
         <run_address>0x13e7</run_address>
         <size>0x38</size>
         <input_file_ref idref="fl-25"/>
      </object_component>
      <object_component id="oc-88">
         <name>.debug_abbrev</name>
         <load_address>0x141f</load_address>
         <run_address>0x141f</run_address>
         <size>0x38</size>
         <input_file_ref idref="fl-26"/>
      </object_component>
      <object_component id="oc-8d">
         <name>.debug_abbrev</name>
         <load_address>0x1457</load_address>
         <run_address>0x1457</run_address>
         <size>0x38</size>
         <input_file_ref idref="fl-27"/>
      </object_component>
      <object_component id="oc-92">
         <name>.debug_abbrev</name>
         <load_address>0x148f</load_address>
         <run_address>0x148f</run_address>
         <size>0xe3</size>
         <input_file_ref idref="fl-28"/>
      </object_component>
      <object_component id="oc-97">
         <name>.debug_abbrev</name>
         <load_address>0x1572</load_address>
         <run_address>0x1572</run_address>
         <size>0xa8</size>
         <input_file_ref idref="fl-29"/>
      </object_component>
      <object_component id="oc-9c">
         <name>.debug_abbrev</name>
         <load_address>0x161a</load_address>
         <run_address>0x161a</run_address>
         <size>0x68</size>
         <input_file_ref idref="fl-2a"/>
      </object_component>
      <object_component id="oc-a1">
         <name>.debug_abbrev</name>
         <load_address>0x1682</load_address>
         <run_address>0x1682</run_address>
         <size>0x66</size>
         <input_file_ref idref="fl-2b"/>
      </object_component>
      <object_component id="oc-a8">
         <name>.debug_abbrev</name>
         <load_address>0x16e8</load_address>
         <run_address>0x16e8</run_address>
         <size>0x130</size>
         <input_file_ref idref="fl-2c"/>
      </object_component>
      <object_component id="oc-ad">
         <name>.debug_abbrev</name>
         <load_address>0x1818</load_address>
         <run_address>0x1818</run_address>
         <size>0xb2</size>
         <input_file_ref idref="fl-2d"/>
      </object_component>
      <object_component id="oc-b2">
         <name>.debug_abbrev</name>
         <load_address>0x18ca</load_address>
         <run_address>0x18ca</run_address>
         <size>0xee</size>
         <input_file_ref idref="fl-2e"/>
      </object_component>
      <object_component id="oc-ef">
         <name>.debug_abbrev</name>
         <load_address>0x19b8</load_address>
         <run_address>0x19b8</run_address>
         <size>0xf</size>
      </object_component>
      <object_component id="oc-1b">
         <name>.debug_aranges</name>
         <load_address>0x0</load_address>
         <run_address>0x0</run_address>
         <size>0x90</size>
         <input_file_ref idref="fl-2"/>
      </object_component>
      <object_component id="oc-20">
         <name>.debug_aranges</name>
         <load_address>0x90</load_address>
         <run_address>0x90</run_address>
         <size>0x30</size>
         <input_file_ref idref="fl-3"/>
      </object_component>
      <object_component id="oc-25">
         <name>.debug_aranges</name>
         <load_address>0xc0</load_address>
         <run_address>0xc0</run_address>
         <size>0x30</size>
         <input_file_ref idref="fl-4"/>
      </object_component>
      <object_component id="oc-2a">
         <name>.debug_aranges</name>
         <load_address>0xf0</load_address>
         <run_address>0xf0</run_address>
         <size>0x88</size>
         <input_file_ref idref="fl-5"/>
      </object_component>
      <object_component id="oc-2f">
         <name>.debug_aranges</name>
         <load_address>0x178</load_address>
         <run_address>0x178</run_address>
         <size>0xf0</size>
         <input_file_ref idref="fl-6"/>
      </object_component>
      <object_component id="oc-35">
         <name>.debug_aranges</name>
         <load_address>0x268</load_address>
         <run_address>0x268</run_address>
         <size>0x70</size>
         <input_file_ref idref="fl-7"/>
      </object_component>
      <object_component id="oc-3b">
         <name>.debug_aranges</name>
         <load_address>0x2d8</load_address>
         <run_address>0x2d8</run_address>
         <size>0x1b0</size>
         <input_file_ref idref="fl-8"/>
      </object_component>
      <object_component id="oc-40">
         <name>.debug_aranges</name>
         <load_address>0x488</load_address>
         <run_address>0x488</run_address>
         <size>0x18</size>
         <input_file_ref idref="fl-9"/>
      </object_component>
      <object_component id="oc-45">
         <name>.debug_aranges</name>
         <load_address>0x4a0</load_address>
         <run_address>0x4a0</run_address>
         <size>0x70</size>
         <input_file_ref idref="fl-a"/>
      </object_component>
      <object_component id="oc-4b">
         <name>.debug_aranges</name>
         <load_address>0x510</load_address>
         <run_address>0x510</run_address>
         <size>0xf8</size>
         <input_file_ref idref="fl-b"/>
      </object_component>
      <object_component id="oc-50">
         <name>.debug_aranges</name>
         <load_address>0x608</load_address>
         <run_address>0x608</run_address>
         <size>0xa8</size>
         <input_file_ref idref="fl-c"/>
      </object_component>
      <object_component id="oc-55">
         <name>.debug_aranges</name>
         <load_address>0x6b0</load_address>
         <run_address>0x6b0</run_address>
         <size>0x360</size>
         <input_file_ref idref="fl-d"/>
      </object_component>
      <object_component id="oc-5a">
         <name>.debug_aranges</name>
         <load_address>0xa10</load_address>
         <run_address>0xa10</run_address>
         <size>0x78</size>
         <input_file_ref idref="fl-e"/>
      </object_component>
      <object_component id="oc-5f">
         <name>.debug_aranges</name>
         <load_address>0xa88</load_address>
         <run_address>0xa88</run_address>
         <size>0x68</size>
         <input_file_ref idref="fl-f"/>
      </object_component>
      <object_component id="oc-65">
         <name>.debug_aranges</name>
         <load_address>0xaf0</load_address>
         <run_address>0xaf0</run_address>
         <size>0x20</size>
         <input_file_ref idref="fl-1f"/>
      </object_component>
      <object_component id="oc-6b">
         <name>.debug_aranges</name>
         <load_address>0xb10</load_address>
         <run_address>0xb10</run_address>
         <size>0x20</size>
         <input_file_ref idref="fl-20"/>
      </object_component>
      <object_component id="oc-70">
         <name>.debug_aranges</name>
         <load_address>0xb30</load_address>
         <run_address>0xb30</run_address>
         <size>0x20</size>
         <input_file_ref idref="fl-21"/>
      </object_component>
      <object_component id="oc-75">
         <name>.debug_aranges</name>
         <load_address>0xb50</load_address>
         <run_address>0xb50</run_address>
         <size>0x20</size>
         <input_file_ref idref="fl-22"/>
      </object_component>
      <object_component id="oc-7a">
         <name>.debug_aranges</name>
         <load_address>0xb70</load_address>
         <run_address>0xb70</run_address>
         <size>0x20</size>
         <input_file_ref idref="fl-23"/>
      </object_component>
      <object_component id="oc-7f">
         <name>.debug_aranges</name>
         <load_address>0xb90</load_address>
         <run_address>0xb90</run_address>
         <size>0x20</size>
         <input_file_ref idref="fl-24"/>
      </object_component>
      <object_component id="oc-84">
         <name>.debug_aranges</name>
         <load_address>0xbb0</load_address>
         <run_address>0xbb0</run_address>
         <size>0x20</size>
         <input_file_ref idref="fl-25"/>
      </object_component>
      <object_component id="oc-89">
         <name>.debug_aranges</name>
         <load_address>0xbd0</load_address>
         <run_address>0xbd0</run_address>
         <size>0x20</size>
         <input_file_ref idref="fl-26"/>
      </object_component>
      <object_component id="oc-8e">
         <name>.debug_aranges</name>
         <load_address>0xbf0</load_address>
         <run_address>0xbf0</run_address>
         <size>0x20</size>
         <input_file_ref idref="fl-27"/>
      </object_component>
      <object_component id="oc-93">
         <name>.debug_aranges</name>
         <load_address>0xc10</load_address>
         <run_address>0xc10</run_address>
         <size>0x20</size>
         <input_file_ref idref="fl-28"/>
      </object_component>
      <object_component id="oc-98">
         <name>.debug_aranges</name>
         <load_address>0xc30</load_address>
         <run_address>0xc30</run_address>
         <size>0x20</size>
         <input_file_ref idref="fl-29"/>
      </object_component>
      <object_component id="oc-9d">
         <name>.debug_aranges</name>
         <load_address>0xc50</load_address>
         <run_address>0xc50</run_address>
         <size>0x20</size>
         <input_file_ref idref="fl-2a"/>
      </object_component>
      <object_component id="oc-a2">
         <name>.debug_aranges</name>
         <load_address>0xc70</load_address>
         <run_address>0xc70</run_address>
         <size>0x20</size>
         <input_file_ref idref="fl-2b"/>
      </object_component>
      <object_component id="oc-a9">
         <name>.debug_aranges</name>
         <load_address>0xc90</load_address>
         <run_address>0xc90</run_address>
         <size>0x28</size>
         <input_file_ref idref="fl-2c"/>
      </object_component>
      <object_component id="oc-ae">
         <name>.debug_aranges</name>
         <load_address>0xcb8</load_address>
         <run_address>0xcb8</run_address>
         <size>0x30</size>
         <input_file_ref idref="fl-2d"/>
      </object_component>
      <object_component id="oc-b3">
         <name>.debug_aranges</name>
         <load_address>0xce8</load_address>
         <run_address>0xce8</run_address>
         <size>0x20</size>
         <input_file_ref idref="fl-2e"/>
      </object_component>
   </object_component_list>
   <logical_group_list>
      <logical_group id="lg-2" display="no" color="cyan">
         <name>codestart</name>
         <run_address>0x0</run_address>
         <size>0x0</size>
         <contents>
         </contents>
      </logical_group>
      <logical_group id="lg-3" display="no" color="cyan">
         <name>ramfuncs</name>
         <run_address>0x50</run_address>
         <size>0x0</size>
         <contents>
         </contents>
      </logical_group>
      <logical_group id="lg-4" display="no" color="cyan">
         <name>.cinit</name>
         <load_address>0x3f6ae0</load_address>
         <run_address>0x3f6ae0</run_address>
         <size>0x75</size>
         <contents>
            <object_component_ref idref="oc-15"/>
            <object_component_ref idref="oc-a4"/>
            <object_component_ref idref="oc-be"/>
            <object_component_ref idref="oc-c9"/>
         </contents>
      </logical_group>
      <logical_group id="lg-5" display="no" color="cyan">
         <name>.pinit</name>
         <run_address>0x0</run_address>
         <size>0x0</size>
         <contents>
         </contents>
      </logical_group>
      <logical_group id="lg-ea" display="no" color="cyan">
         <name>.text.1</name>
         <load_address>0x3f6000</load_address>
         <run_address>0x3f6000</run_address>
         <size>0x9de</size>
         <contents>
            <object_component_ref idref="oc-bf"/>
            <object_component_ref idref="oc-c7"/>
            <object_component_ref idref="oc-37"/>
            <object_component_ref idref="oc-17"/>
            <object_component_ref idref="oc-c3"/>
            <object_component_ref idref="oc-ba"/>
            <object_component_ref idref="oc-c5"/>
            <object_component_ref idref="oc-76"/>
            <object_component_ref idref="oc-c6"/>
            <object_component_ref idref="oc-6c"/>
            <object_component_ref idref="oc-cb"/>
            <object_component_ref idref="oc-13"/>
            <object_component_ref idref="oc-c1"/>
            <object_component_ref idref="oc-b8"/>
            <object_component_ref idref="oc-b5"/>
            <object_component_ref idref="oc-85"/>
            <object_component_ref idref="oc-bc"/>
            <object_component_ref idref="oc-b7"/>
            <object_component_ref idref="oc-71"/>
            <object_component_ref idref="oc-8a"/>
            <object_component_ref idref="oc-c8"/>
            <object_component_ref idref="oc-80"/>
            <object_component_ref idref="oc-b4"/>
         </contents>
      </logical_group>
      <logical_group id="lg-eb" display="no" color="cyan">
         <name>.text.2</name>
         <load_address>0x3f7000</load_address>
         <run_address>0x3f7000</run_address>
         <size>0xf80</size>
         <contents>
            <object_component_ref idref="oc-c4"/>
            <object_component_ref idref="oc-bb"/>
            <object_component_ref idref="oc-b9"/>
            <object_component_ref idref="oc-c2"/>
            <object_component_ref idref="oc-c0"/>
            <object_component_ref idref="oc-7b"/>
            <object_component_ref idref="oc-47"/>
            <object_component_ref idref="oc-b6"/>
         </contents>
      </logical_group>
      <split_section id="lg-6" display="no" color="cyan">
         <name>.text</name>
         <contents>
            <logical_group_ref idref="lg-ea"/>
            <logical_group_ref idref="lg-eb"/>
         </contents>
      </split_section>
      <logical_group id="lg-7" display="no" color="cyan">
         <name>csmpasswds</name>
         <run_address>0x0</run_address>
         <size>0x0</size>
         <contents>
         </contents>
      </logical_group>
      <logical_group id="lg-8" display="no" color="cyan">
         <name>csm_rsvd</name>
         <run_address>0x0</run_address>
         <size>0x0</size>
         <contents>
         </contents>
      </logical_group>
      <logical_group id="lg-9" display="no" color="cyan">
         <name>.stack</name>
         <run_address>0x400</run_address>
         <size>0x300</size>
         <contents>
            <object_component_ref idref="oc-66"/>
            <object_component_ref idref="oc-e9"/>
         </contents>
      </logical_group>
      <logical_group id="lg-ec" display="no" color="cyan">
         <name>.ebss</name>
         <run_address>0x700</run_address>
         <size>0x8b</size>
         <contents>
            <object_component_ref idref="oc-16"/>
            <object_component_ref idref="oc-a5"/>
            <object_component_ref idref="oc-bd"/>
            <object_component_ref idref="oc-cc"/>
            <object_component_ref idref="oc-31"/>
         </contents>
      </logical_group>
      <split_section id="lg-a" display="no" color="cyan">
         <name>.ebss</name>
         <contents>
            <logical_group_ref idref="lg-ec"/>
         </contents>
      </split_section>
      <logical_group id="lg-b" display="no" color="cyan">
         <name>.esysmem</name>
         <run_address>0x0</run_address>
         <size>0x0</size>
         <contents>
         </contents>
      </logical_group>
      <logical_group id="lg-ed" display="no" color="cyan">
         <name>.econst</name>
         <load_address>0x3f69de</load_address>
         <run_address>0x3f69de</run_address>
         <size>0x102</size>
         <contents>
            <object_component_ref idref="oc-ca"/>
            <object_component_ref idref="oc-61"/>
         </contents>
      </logical_group>
      <split_section id="lg-c" display="no" color="cyan">
         <name>.econst</name>
         <contents>
            <logical_group_ref idref="lg-ed"/>
         </contents>
      </split_section>
      <logical_group id="lg-d" display="no" color="cyan">
         <name>.switch</name>
         <run_address>0x0</run_address>
         <size>0x0</size>
         <contents>
         </contents>
      </logical_group>
      <logical_group id="lg-e" display="no" color="cyan">
         <name>IQmath</name>
         <run_address>0x0</run_address>
         <size>0x0</size>
         <contents>
         </contents>
      </logical_group>
      <logical_group id="lg-f" display="no" color="cyan">
         <name>IQmathTables</name>
         <run_address>0x0</run_address>
         <size>0x0</size>
         <contents>
         </contents>
      </logical_group>
      <logical_group id="lg-10" display="no" color="cyan">
         <name>.reset</name>
         <load_address>0x3fffc0</load_address>
         <run_address>0x3fffc0</run_address>
         <size>0x2</size>
         <contents>
            <object_component_ref idref="oc-67"/>
         </contents>
      </logical_group>
      <logical_group id="lg-11" display="no" color="cyan">
         <name>vectors</name>
         <run_address>0x3fffc2</run_address>
         <size>0x0</size>
         <contents>
         </contents>
      </logical_group>
      <logical_group id="lg-dd" display="never" color="cyan">
         <name>.debug_info</name>
         <load_address>0x0</load_address>
         <run_address>0x0</run_address>
         <size>0x23801</size>
         <contents>
            <object_component_ref idref="oc-14"/>
            <object_component_ref idref="oc-1c"/>
            <object_component_ref idref="oc-21"/>
            <object_component_ref idref="oc-26"/>
            <object_component_ref idref="oc-2b"/>
            <object_component_ref idref="oc-30"/>
            <object_component_ref idref="oc-36"/>
            <object_component_ref idref="oc-3c"/>
            <object_component_ref idref="oc-41"/>
            <object_component_ref idref="oc-46"/>
            <object_component_ref idref="oc-4c"/>
            <object_component_ref idref="oc-51"/>
            <object_component_ref idref="oc-56"/>
            <object_component_ref idref="oc-5b"/>
            <object_component_ref idref="oc-60"/>
            <object_component_ref idref="oc-68"/>
            <object_component_ref idref="oc-6d"/>
            <object_component_ref idref="oc-72"/>
            <object_component_ref idref="oc-77"/>
            <object_component_ref idref="oc-7c"/>
            <object_component_ref idref="oc-81"/>
            <object_component_ref idref="oc-86"/>
            <object_component_ref idref="oc-8b"/>
            <object_component_ref idref="oc-8f"/>
            <object_component_ref idref="oc-94"/>
            <object_component_ref idref="oc-99"/>
            <object_component_ref idref="oc-9e"/>
            <object_component_ref idref="oc-a3"/>
            <object_component_ref idref="oc-aa"/>
            <object_component_ref idref="oc-af"/>
            <object_component_ref idref="oc-ee"/>
         </contents>
      </logical_group>
      <logical_group id="lg-df" display="never" color="cyan">
         <name>.debug_frame</name>
         <load_address>0x0</load_address>
         <run_address>0x0</run_address>
         <size>0x2590</size>
         <contents>
            <object_component_ref idref="oc-18"/>
            <object_component_ref idref="oc-1d"/>
            <object_component_ref idref="oc-22"/>
            <object_component_ref idref="oc-27"/>
            <object_component_ref idref="oc-2c"/>
            <object_component_ref idref="oc-32"/>
            <object_component_ref idref="oc-38"/>
            <object_component_ref idref="oc-3d"/>
            <object_component_ref idref="oc-42"/>
            <object_component_ref idref="oc-48"/>
            <object_component_ref idref="oc-4d"/>
            <object_component_ref idref="oc-52"/>
            <object_component_ref idref="oc-57"/>
            <object_component_ref idref="oc-5c"/>
            <object_component_ref idref="oc-62"/>
            <object_component_ref idref="oc-90"/>
            <object_component_ref idref="oc-95"/>
            <object_component_ref idref="oc-9a"/>
            <object_component_ref idref="oc-9f"/>
            <object_component_ref idref="oc-a6"/>
            <object_component_ref idref="oc-ab"/>
            <object_component_ref idref="oc-b0"/>
         </contents>
      </logical_group>
      <logical_group id="lg-e1" display="never" color="cyan">
         <name>.debug_line</name>
         <load_address>0x0</load_address>
         <run_address>0x0</run_address>
         <size>0x3072</size>
         <contents>
            <object_component_ref idref="oc-19"/>
            <object_component_ref idref="oc-1e"/>
            <object_component_ref idref="oc-23"/>
            <object_component_ref idref="oc-28"/>
            <object_component_ref idref="oc-2d"/>
            <object_component_ref idref="oc-33"/>
            <object_component_ref idref="oc-39"/>
            <object_component_ref idref="oc-3e"/>
            <object_component_ref idref="oc-43"/>
            <object_component_ref idref="oc-49"/>
            <object_component_ref idref="oc-4e"/>
            <object_component_ref idref="oc-53"/>
            <object_component_ref idref="oc-58"/>
            <object_component_ref idref="oc-5d"/>
            <object_component_ref idref="oc-63"/>
            <object_component_ref idref="oc-69"/>
            <object_component_ref idref="oc-6e"/>
            <object_component_ref idref="oc-73"/>
            <object_component_ref idref="oc-78"/>
            <object_component_ref idref="oc-7d"/>
            <object_component_ref idref="oc-82"/>
            <object_component_ref idref="oc-87"/>
            <object_component_ref idref="oc-8c"/>
            <object_component_ref idref="oc-91"/>
            <object_component_ref idref="oc-96"/>
            <object_component_ref idref="oc-9b"/>
            <object_component_ref idref="oc-a0"/>
            <object_component_ref idref="oc-a7"/>
            <object_component_ref idref="oc-ac"/>
            <object_component_ref idref="oc-b1"/>
         </contents>
      </logical_group>
      <logical_group id="lg-e3" display="never" color="cyan">
         <name>.debug_abbrev</name>
         <load_address>0x0</load_address>
         <run_address>0x0</run_address>
         <size>0x19c7</size>
         <contents>
            <object_component_ref idref="oc-1a"/>
            <object_component_ref idref="oc-1f"/>
            <object_component_ref idref="oc-24"/>
            <object_component_ref idref="oc-29"/>
            <object_component_ref idref="oc-2e"/>
            <object_component_ref idref="oc-34"/>
            <object_component_ref idref="oc-3a"/>
            <object_component_ref idref="oc-3f"/>
            <object_component_ref idref="oc-44"/>
            <object_component_ref idref="oc-4a"/>
            <object_component_ref idref="oc-4f"/>
            <object_component_ref idref="oc-54"/>
            <object_component_ref idref="oc-59"/>
            <object_component_ref idref="oc-5e"/>
            <object_component_ref idref="oc-64"/>
            <object_component_ref idref="oc-6a"/>
            <object_component_ref idref="oc-6f"/>
            <object_component_ref idref="oc-74"/>
            <object_component_ref idref="oc-79"/>
            <object_component_ref idref="oc-7e"/>
            <object_component_ref idref="oc-83"/>
            <object_component_ref idref="oc-88"/>
            <object_component_ref idref="oc-8d"/>
            <object_component_ref idref="oc-92"/>
            <object_component_ref idref="oc-97"/>
            <object_component_ref idref="oc-9c"/>
            <object_component_ref idref="oc-a1"/>
            <object_component_ref idref="oc-a8"/>
            <object_component_ref idref="oc-ad"/>
            <object_component_ref idref="oc-b2"/>
            <object_component_ref idref="oc-ef"/>
         </contents>
      </logical_group>
      <logical_group id="lg-e5" display="never" color="cyan">
         <name>.debug_aranges</name>
         <load_address>0x0</load_address>
         <run_address>0x0</run_address>
         <size>0xd08</size>
         <contents>
            <object_component_ref idref="oc-1b"/>
            <object_component_ref idref="oc-20"/>
            <object_component_ref idref="oc-25"/>
            <object_component_ref idref="oc-2a"/>
            <object_component_ref idref="oc-2f"/>
            <object_component_ref idref="oc-35"/>
            <object_component_ref idref="oc-3b"/>
            <object_component_ref idref="oc-40"/>
            <object_component_ref idref="oc-45"/>
            <object_component_ref idref="oc-4b"/>
            <object_component_ref idref="oc-50"/>
            <object_component_ref idref="oc-55"/>
            <object_component_ref idref="oc-5a"/>
            <object_component_ref idref="oc-5f"/>
            <object_component_ref idref="oc-65"/>
            <object_component_ref idref="oc-6b"/>
            <object_component_ref idref="oc-70"/>
            <object_component_ref idref="oc-75"/>
            <object_component_ref idref="oc-7a"/>
            <object_component_ref idref="oc-7f"/>
            <object_component_ref idref="oc-84"/>
            <object_component_ref idref="oc-89"/>
            <object_component_ref idref="oc-8e"/>
            <object_component_ref idref="oc-93"/>
            <object_component_ref idref="oc-98"/>
            <object_component_ref idref="oc-9d"/>
            <object_component_ref idref="oc-a2"/>
            <object_component_ref idref="oc-a9"/>
            <object_component_ref idref="oc-ae"/>
            <object_component_ref idref="oc-b3"/>
         </contents>
      </logical_group>
   </logical_group_list>
   <placement_map>
      <memory_area display="yes" color="green">
         <name>RAMM0</name>
         <page_id>0x0</page_id>
         <origin>0x50</origin>
         <length>0x3b0</length>
         <used_space>0x0</used_space>
         <unused_space>0x3b0</unused_space>
         <attributes>RWIX</attributes>
         <usage_details>
            <allocated_space>
               <start_address>0x50</start_address>
               <size>0x0</size>
               <logical_group_ref idref="lg-3"/>
            </allocated_space>
            <available_space>
               <start_address>0x50</start_address>
               <size>0x3b0</size>
            </available_space>
         </usage_details>
      </memory_area>
      <memory_area display="yes" color="green">
         <name>OTP</name>
         <page_id>0x0</page_id>
         <origin>0x3d7800</origin>
         <length>0x400</length>
         <used_space>0x0</used_space>
         <unused_space>0x400</unused_space>
         <attributes>RWIX</attributes>
         <usage_details>
         </usage_details>
      </memory_area>
      <memory_area display="yes" color="green">
         <name>FLASHB</name>
         <page_id>0x0</page_id>
         <origin>0x3f6000</origin>
         <length>0x1000</length>
         <used_space>0xb55</used_space>
         <unused_space>0x4ab</unused_space>
         <attributes>RWIX</attributes>
         <usage_details>
            <allocated_space>
               <start_address>0x3f6000</start_address>
               <size>0x9de</size>
               <logical_group_ref idref="lg-ea"/>
            </allocated_space>
            <allocated_space>
               <start_address>0x3f69de</start_address>
               <size>0x102</size>
               <logical_group_ref idref="lg-ed"/>
            </allocated_space>
            <allocated_space>
               <start_address>0x3f6ae0</start_address>
               <size>0x75</size>
               <logical_group_ref idref="lg-4"/>
            </allocated_space>
            <available_space>
               <start_address>0x3f6b55</start_address>
               <size>0x4ab</size>
            </available_space>
         </usage_details>
      </memory_area>
      <memory_area display="yes" color="green">
         <name>FLASHA</name>
         <page_id>0x0</page_id>
         <origin>0x3f7000</origin>
         <length>0xf80</length>
         <used_space>0xf80</used_space>
         <unused_space>0x0</unused_space>
         <attributes>RWIX</attributes>
         <usage_details>
            <allocated_space>
               <start_address>0x3f7000</start_address>
               <size>0xf80</size>
               <logical_group_ref idref="lg-eb"/>
            </allocated_space>
         </usage_details>
      </memory_area>
      <memory_area display="yes" color="green">
         <name>CSM_RSVD</name>
         <page_id>0x0</page_id>
         <origin>0x3f7f80</origin>
         <length>0x76</length>
         <used_space>0x0</used_space>
         <unused_space>0x76</unused_space>
         <attributes>RWIX</attributes>
         <usage_details>
         </usage_details>
      </memory_area>
      <memory_area display="no" color="green">
         <name>BEGIN</name>
         <page_id>0x0</page_id>
         <origin>0x3f7ff6</origin>
         <length>0x2</length>
         <used_space>0x0</used_space>
         <unused_space>0x2</unused_space>
         <attributes>RWIX</attributes>
         <usage_details>
         </usage_details>
      </memory_area>
      <memory_area display="no" color="green">
         <name>CSM_PWL_P0</name>
         <page_id>0x0</page_id>
         <origin>0x3f7ff8</origin>
         <length>0x8</length>
         <used_space>0x0</used_space>
         <unused_space>0x8</unused_space>
         <attributes>RWIX</attributes>
         <usage_details>
         </usage_details>
      </memory_area>
      <memory_area display="yes" color="green">
         <name>IQTABLES</name>
         <page_id>0x0</page_id>
         <origin>0x3fe000</origin>
         <length>0xb50</length>
         <used_space>0x0</used_space>
         <unused_space>0xb50</unused_space>
         <attributes>RWIX</attributes>
         <usage_details>
         </usage_details>
      </memory_area>
      <memory_area display="yes" color="green">
         <name>IQTABLES2</name>
         <page_id>0x0</page_id>
         <origin>0x3feb50</origin>
         <length>0x8c</length>
         <used_space>0x0</used_space>
         <unused_space>0x8c</unused_space>
         <attributes>RWIX</attributes>
         <usage_details>
         </usage_details>
      </memory_area>
      <memory_area display="yes" color="green">
         <name>IQTABLES3</name>
         <page_id>0x0</page_id>
         <origin>0x3febdc</origin>
         <length>0xaa</length>
         <used_space>0x0</used_space>
         <unused_space>0xaa</unused_space>
         <attributes>RWIX</attributes>
         <usage_details>
         </usage_details>
      </memory_area>
      <memory_area display="yes" color="green">
         <name>ROM</name>
         <page_id>0x0</page_id>
         <origin>0x3ff27c</origin>
         <length>0xd44</length>
         <used_space>0x0</used_space>
         <unused_space>0xd44</unused_space>
         <attributes>RWIX</attributes>
         <usage_details>
         </usage_details>
      </memory_area>
      <memory_area display="no" color="green">
         <name>RESET</name>
         <page_id>0x0</page_id>
         <origin>0x3fffc0</origin>
         <length>0x2</length>
         <used_space>0x0</used_space>
         <unused_space>0x2</unused_space>
         <attributes>RWIX</attributes>
         <usage_details>
         </usage_details>
      </memory_area>
      <memory_area display="no" color="green">
         <name>VECTORS</name>
         <page_id>0x0</page_id>
         <origin>0x3fffc2</origin>
         <length>0x3e</length>
         <used_space>0x0</used_space>
         <unused_space>0x3e</unused_space>
         <attributes>RWIX</attributes>
         <usage_details>
         </usage_details>
      </memory_area>
      <memory_area display="no" color="green">
         <name>BOOT_RSVD</name>
         <page_id>0x1</page_id>
         <origin>0x0</origin>
         <length>0x50</length>
         <used_space>0x0</used_space>
         <unused_space>0x50</unused_space>
         <attributes>RWIX</attributes>
         <usage_details>
         </usage_details>
      </memory_area>
      <memory_area display="yes" color="green">
         <name>RAMM1</name>
         <page_id>0x1</page_id>
         <origin>0x400</origin>
         <length>0x400</length>
         <used_space>0x38b</used_space>
         <unused_space>0x75</unused_space>
         <attributes>RWIX</attributes>
         <usage_details>
            <allocated_space>
               <start_address>0x400</start_address>
               <size>0x300</size>
               <logical_group_ref idref="lg-9"/>
            </allocated_space>
            <allocated_space>
               <start_address>0x700</start_address>
               <size>0x8b</size>
               <logical_group_ref idref="lg-ec"/>
            </allocated_space>
            <available_space>
               <start_address>0x78b</start_address>
               <size>0x75</size>
            </available_space>
         </usage_details>
      </memory_area>
      <memory_area display="yes" color="green">
         <name>RAML0</name>
         <page_id>0x1</page_id>
         <origin>0x8000</origin>
         <length>0x400</length>
         <used_space>0x0</used_space>
         <unused_space>0x400</unused_space>
         <attributes>RWIX</attributes>
         <usage_details>
         </usage_details>
      </memory_area>
   </placement_map>
   <symbol_table>
      <symbol id="sm-0">
         <name>_RamfuncsLoadStart</name>
         <value>0x50</value>
      </symbol>
      <symbol id="sm-1">
         <name>_RamfuncsLoadSize</name>
         <value>0x0</value>
      </symbol>
      <symbol id="sm-2">
         <name>_RamfuncsRunStart</name>
         <value>0x50</value>
      </symbol>
      <symbol id="sm-3">
         <name>cinit</name>
         <value>0x3f6ae0</value>
      </symbol>
      <symbol id="sm-4">
         <name>___cinit__</name>
         <value>0x3f6ae0</value>
      </symbol>
      <symbol id="sm-5">
         <name>pinit</name>
         <value>0xffffffff</value>
      </symbol>
      <symbol id="sm-6">
         <name>___pinit__</name>
         <value>0xffffffff</value>
      </symbol>
      <symbol id="sm-7">
         <name>binit</name>
         <value>0xffffffff</value>
      </symbol>
      <symbol id="sm-8">
         <name>___binit__</name>
         <value>0xffffffff</value>
      </symbol>
      <symbol id="sm-9">
         <name>__STACK_SIZE</name>
         <value>0x300</value>
      </symbol>
      <symbol id="sm-a">
         <name>__STACK_END</name>
         <value>0x700</value>
      </symbol>
      <symbol id="sm-b">
         <name>___c_args__</name>
         <value>0xffffffff</value>
      </symbol>
      <symbol id="sm-c">
         <name>.text</name>
         <value>0xffffffff</value>
      </symbol>
      <symbol id="sm-d">
         <name>___text__</name>
         <value>0xffffffff</value>
      </symbol>
      <symbol id="sm-e">
         <name>etext</name>
         <value>0xffffffff</value>
      </symbol>
      <symbol id="sm-f">
         <name>___etext__</name>
         <value>0xffffffff</value>
      </symbol>
      <symbol id="sm-10">
         <name>___TI_pprof_out_hndl</name>
         <value>0xffffffff</value>
      </symbol>
      <symbol id="sm-11">
         <name>___TI_prof_data_start</name>
         <value>0xffffffff</value>
      </symbol>
      <symbol id="sm-12">
         <name>___TI_prof_data_size</name>
         <value>0xffffffff</value>
      </symbol>
      <symbol id="sm-62">
         <name>_main</name>
         <value>0x3f7676</value>
         <object_component_ref idref="oc-bb"/>
      </symbol>
      <symbol id="sm-63">
         <name>_InitEGpio</name>
         <value>0x3f7777</value>
         <object_component_ref idref="oc-bb"/>
      </symbol>
      <symbol id="sm-64">
         <name>_adc_isr</name>
[...]
      </symbol>
      <symbol id="sm-254">
         <name>_PWM_setPhase</name>
         <value>0x3f74d2</value>
         <object_component_ref idref="oc-c4"/>
      </symbol>
      <symbol id="sm-255">
         <name>_PWM_setDeadBandPolarity</name>
         <value>0x3f7388</value>
         <object_component_ref idref="oc-c4"/>
      </symbol>
      <symbol id="sm-256">
         <name>_PWM_setIntMode</name>
         <value>0x3f7482</value>
         <object_component_ref idref="oc-c4"/>
      </symbol>
      <symbol id="sm-257">
         <name>_PWM_setPhaseDir</name>
         <value>0x3f74db</value>
         <object_component_ref idref="oc-c4"/>
      </symbol>
      <symbol id="sm-258">
         <name>_PWM_setLoadMode_CmpB</name>
         <value>0x3f74b0</value>
         <object_component_ref idref="oc-c4"/>
      </symbol>
      <symbol id="sm-259">
         <name>_PWM_setLoadMode_CmpA</name>
         <value>0x3f74a4</value>
         <object_component_ref idref="oc-c4"/>
      </symbol>
      <symbol id="sm-25a">
         <name>_PWM_disableDigitalCompareBlankingWindowInversion</name>
         <value>0x3f7067</value>
         <object_component_ref idref="oc-c4"/>
      </symbol>
      <symbol id="sm-25b">
         <name>_PWM_enableCounterLoad</name>
         <value>0x3f70f8</value>
         <object_component_ref idref="oc-c4"/>
      </symbol>
      <symbol id="sm-25c">
         <name>_PWM_disableCounterLoad</name>
         <value>0x3f703c</value>
         <object_component_ref idref="oc-c4"/>
      </symbol>
      <symbol id="sm-25d">
         <name>_PWM_disableDigitalCompareBlankingWindow</name>
         <value>0x3f7059</value>
         <object_component_ref idref="oc-c4"/>
      </symbol>
      <symbol id="sm-25e">
         <name>_PWM_setHrEdgeMode</name>
         <value>0x3f71e8</value>
         <object_component_ref idref="oc-c4"/>
      </symbol>
      <symbol id="sm-25f">
         <name>_PWM_setDeadBandOutputMode</name>
         <value>0x3f7377</value>
         <object_component_ref idref="oc-c4"/>
      </symbol>
      <symbol id="sm-260">
         <name>_PWM_setActionQual_CntUp_CmpA_PwmB</name>
         <value>0x3f728a</value>
         <object_component_ref idref="oc-c4"/>
      </symbol>
      <symbol id="sm-261">
         <name>_PWM_setActionQual_CntUp_CmpA_PwmA</name>
         <value>0x3f7278</value>
         <object_component_ref idref="oc-c4"/>
      </symbol>
      <symbol id="sm-262">
         <name>_PWM_setActionQual_CntUp_CmpB_PwmB</name>
         <value>0x3f72ae</value>
         <object_component_ref idref="oc-c4"/>
      </symbol>
      <symbol id="sm-263">
         <name>_PWM_setActionQual_CntUp_CmpB_PwmA</name>
         <value>0x3f729c</value>
         <object_component_ref idref="oc-c4"/>
      </symbol>
      <symbol id="sm-264">
         <name>_PWM_setSyncMode</name>
         <value>0x3f7569</value>
         <object_component_ref idref="oc-c4"/>
      </symbol>
      <symbol id="sm-265">
         <name>_PWM_getDeadBandRisingEdgeDelay</name>
         <value>0x3f718c</value>
         <object_component_ref idref="oc-c4"/>
      </symbol>
      <symbol id="sm-266">
         <name>_PWM_clearTripZone</name>
         <value>0x3f7000</value>
         <object_component_ref idref="oc-c4"/>
      </symbol>
      <symbol id="sm-267">
         <name>_PWM_setSocBPulseSrc</name>
         <value>0x3f7535</value>
         <object_component_ref idref="oc-c4"/>
      </symbol>
      <symbol id="sm-268">
         <name>_PWM_getDeadBandFallingEdgeDelay</name>
         <value>0x3f7182</value>
         <object_component_ref idref="oc-c4"/>
      </symbol>
      <symbol id="sm-269">
         <name>_PWM_disableInt</name>
         <value>0x3f7091</value>
         <object_component_ref idref="oc-c4"/>
      </symbol>
      <symbol id="sm-26a">
         <name>_PWM_setIntPeriod</name>
         <value>0x3f7493</value>
         <object_component_ref idref="oc-c4"/>
      </symbol>
      <symbol id="sm-26b">
         <name>_PWM_enableHrPeriod</name>
         <value>0x3f7127</value>
         <object_component_ref idref="oc-c4"/>
      </symbol>
      <symbol id="sm-26c">
         <name>_PWM_enableDeadBandHalfCycle</name>
         <value>0x3f7100</value>
         <object_component_ref idref="oc-c4"/>
      </symbol>
      <symbol id="sm-26d">
         <name>_PWM_setDeadBandInputMode</name>
         <value>0x3f7366</value>
         <object_component_ref idref="oc-c4"/>
      </symbol>
      <symbol id="sm-26e">
         <name>_PWM_setSocBPeriod</name>
         <value>0x3f7523</value>
         <object_component_ref idref="oc-c4"/>
      </symbol>
      <symbol id="sm-26f">
         <name>_PWM_decrementDeadBandFallingEdgeDelay</name>
         <value>0x3f700f</value>
         <object_component_ref idref="oc-c4"/>
      </symbol>
      <symbol id="sm-270">
         <name>_PWM_disableChopping</name>
         <value>0x3f7031</value>
         <object_component_ref idref="oc-c4"/>
      </symbol>
      <symbol id="sm-271">
         <name>_PWM_setPeriodLoad</name>
         <value>0x3f74e7</value>
         <object_component_ref idref="oc-c4"/>
      </symbol>
      <symbol id="sm-272">
         <name>_PWM_enableSocAPulse</name>
         <value>0x3f714e</value>
         <object_component_ref idref="oc-c4"/>
      </symbol>
      <symbol id="sm-273">
         <name>_PWM_enableSocBPulse</name>
         <value>0x3f7159</value>
         <object_component_ref idref="oc-c4"/>
      </symbol>
      <symbol id="sm-274">
         <name>_PWM_disableSocBPulse</name>
         <value>0x3f70a7</value>
         <object_component_ref idref="oc-c4"/>
      </symbol>
      <symbol id="sm-275">
         <name>_PWM_disableSocAPulse</name>
         <value>0x3f709c</value>
         <object_component_ref idref="oc-c4"/>
      </symbol>
      <symbol id="sm-276">
         <name>_PWM_setClkDiv</name>
         <value>0x3f7339</value>
         <object_component_ref idref="oc-c4"/>
      </symbol>
      <symbol id="sm-277">
         <name>_PWM_setChoppingClkFreq</name>
         <value>0x3f7306</value>
         <object_component_ref idref="oc-c4"/>
      </symbol>
      <symbol id="sm-278">
         <name>_PWM_enableTripZoneSrc</name>
         <value>0x3f7173</value>
         <object_component_ref idref="oc-c4"/>
      </symbol>
      <symbol id="sm-279">
         <name>_PWM_disableTripZoneInt</name>
         <value>0x3f70bf</value>
         <object_component_ref idref="oc-c4"/>
      </symbol>
      <symbol id="sm-27a">
         <name>_PWM_enableHrPhaseSync</name>
         <value>0x3f7140</value>
         <object_component_ref idref="oc-c4"/>
      </symbol>
      <symbol id="sm-27b">
         <name>_PWM_disableHrPhaseSync</name>
         <value>0x3f7083</value>
         <object_component_ref idref="oc-c4"/>
      </symbol>
      <symbol id="sm-27c">
         <name>_PWM_enableInt</name>
         <value>0x3f7135</value>
         <object_component_ref idref="oc-c4"/>
      </symbol>
      <symbol id="sm-27d">
         <name>_PWM_setHrShadowMode</name>
         <value>0x3f71fc</value>
         <object_component_ref idref="oc-c4"/>
      </symbol>
      <symbol id="sm-27e">
         <name>_PWM_enableAutoConvert</name>
         <value>0x3f70df</value>
         <object_component_ref idref="oc-c4"/>
      </symbol>
      <symbol id="sm-27f">
         <name>_PWM_setDigitalCompareBlankingPulse</name>
         <value>0x3f73b9</value>
         <object_component_ref idref="oc-c4"/>
      </symbol>
      <symbol id="sm-280">
         <name>_PWM_setCounterMode</name>
         <value>0x3f734e</value>
         <object_component_ref idref="oc-c4"/>
      </symbol>
      <symbol id="sm-281">
         <name>_PWM_getIntCount</name>
         <value>0x3f7196</value>
         <object_component_ref idref="oc-c4"/>
      </symbol>
      <symbol id="sm-282">
         <name>_PWM_enableChopping</name>
         <value>0x3f70ed</value>
         <object_component_ref idref="oc-c4"/>
      </symbol>
      <symbol id="sm-283">
         <name>_PWM_disableDeadBandHalfCycle</name>
         <value>0x3f704e</value>
         <object_component_ref idref="oc-c4"/>
      </symbol>
      <symbol id="sm-284">
         <name>_PWM_disableAutoConvert</name>
         <value>0x3f7023</value>
         <object_component_ref idref="oc-c4"/>
      </symbol>
      <symbol id="sm-285">
         <name>_PWM_setTripZoneDCEventSelect_DCBEVT2</name>
         <value>0x3f75b3</value>
         <object_component_ref idref="oc-c4"/>
      </symbol>
      <symbol id="sm-286">
         <name>_PWM_setTripZoneDCEventSelect_DCBEVT1</name>
         <value>0x3f759e</value>
         <object_component_ref idref="oc-c4"/>
      </symbol>
      <symbol id="sm-287">
         <name>_PWM_setDeadBandRisingEdgeDelay</name>
         <value>0x3f7399</value>
         <object_component_ref idref="oc-c4"/>
      </symbol>
      <symbol id="sm-288">
         <name>_PWM_setDigitalCompareBEvent2</name>
         <value>0x3f745c</value>
         <object_component_ref idref="oc-c4"/>
      </symbol>
      <symbol id="sm-289">
         <name>_PWM_setDigitalCompareBEvent1</name>
         <value>0x3f743b</value>
         <object_component_ref idref="oc-c4"/>
      </symbol>
      <symbol id="sm-28a">
         <name>_PWM_disableTripZoneSrc</name>
         <value>0x3f70cf</value>
         <object_component_ref idref="oc-c4"/>
      </symbol>
      <symbol id="sm-28b">
         <name>_PWM_setChoppingDutyCycle</name>
         <value>0x3f7317</value>
         <object_component_ref idref="oc-c4"/>
      </symbol>
      <symbol id="sm-28c">
         <name>_PWM_setChoppingPulseWidth</name>
         <value>0x3f7328</value>
         <object_component_ref idref="oc-c4"/>
      </symbol>
      <symbol id="sm-28d">
         <name>_PWM_setSwSync</name>
         <value>0x3f7561</value>
         <object_component_ref idref="oc-c4"/>
      </symbol>
      <symbol id="sm-28e">
         <name>_PWM_setSocAPulseSrc</name>
         <value>0x3f7511</value>
         <object_component_ref idref="oc-c4"/>
      </symbol>
      <symbol id="sm-28f">
         <name>_PWM_setDigitalCompareFilterWindow</name>
         <value>0x3f73da</value>
         <object_component_ref idref="oc-c4"/>
      </symbol>
      <symbol id="sm-290">
         <name>_PWM_setActionQual_CntDown_CmpA_PwmB</name>
         <value>0x3f7242</value>
         <object_component_ref idref="oc-c4"/>
      </symbol>
      <symbol id="sm-291">
         <name>_PWM_setActionQual_CntDown_CmpA_PwmA</name>
         <value>0x3f7230</value>
         <object_component_ref idref="oc-c4"/>
      </symbol>
      <symbol id="sm-292">
         <name>_PWM_setActionQual_CntDown_CmpB_PwmB</name>
         <value>0x3f7266</value>
         <object_component_ref idref="oc-c4"/>
      </symbol>
      <symbol id="sm-293">
         <name>_PWM_setActionQual_CntDown_CmpB_PwmA</name>
         <value>0x3f7254</value>
         <object_component_ref idref="oc-c4"/>
      </symbol>
      <symbol id="sm-294">
         <name>_PWM_setCount</name>
         <value>0x3f7345</value>
         <object_component_ref idref="oc-c4"/>
      </symbol>
      <symbol id="sm-295">
         <name>_PWM_enableTripZoneInt</name>
         <value>0x3f7164</value>
         <object_component_ref idref="oc-c4"/>
      </symbol>
      <symbol id="sm-296">
         <name>_PWM_setTripZoneState_DCBEVT1</name>
         <value>0x3f75f2</value>
         <object_component_ref idref="oc-c4"/>
      </symbol>
      <symbol id="sm-297">
         <name>_PWM_setTripZoneState_DCBEVT2</name>
         <value>0x3f7607</value>
         <object_component_ref idref="oc-c4"/>
      </symbol>
      <symbol id="sm-298">
         <name>_PWM_setActionQual_Period_PwmA</name>
         <value>0x3f72c0</value>
         <object_component_ref idref="oc-c4"/>
      </symbol>
      <symbol id="sm-299">
         <name>_PWM_setActionQual_Period_PwmB</name>
         <value>0x3f72d2</value>
         <object_component_ref idref="oc-c4"/>
      </symbol>
      <symbol id="sm-2a7">
         <name>_TIMER_setEmulationMode</name>
         <value>0x3f6649</value>
         <object_component_ref idref="oc-c5"/>
      </symbol>
      <symbol id="sm-2a8">
         <name>_TIMER_disableInt</name>
         <value>0x3f6606</value>
         <object_component_ref idref="oc-c5"/>
      </symbol>
      <symbol id="sm-2a9">
         <name>_TIMER_start</name>
         <value>0x3f6674</value>
         <object_component_ref idref="oc-c5"/>
      </symbol>
      <symbol id="sm-2aa">
         <name>_TIMER_setPreScaler</name>
         <value>0x3f665f</value>
         <object_component_ref idref="oc-c5"/>
      </symbol>
      <symbol id="sm-2ab">
         <name>_TIMER_setPeriod</name>
         <value>0x3f6656</value>
         <object_component_ref idref="oc-c5"/>
      </symbol>
      <symbol id="sm-2ac">
         <name>_TIMER_setDecimationFactor</name>
         <value>0x3f6634</value>
         <object_component_ref idref="oc-c5"/>
      </symbol>
      <symbol id="sm-2ad">
         <name>_TIMER_getStatus</name>
         <value>0x3f6616</value>
         <object_component_ref idref="oc-c5"/>
      </symbol>
      <symbol id="sm-2ae">
         <name>_TIMER_init</name>
         <value>0x3f6620</value>
         <object_component_ref idref="oc-c5"/>
      </symbol>
      <symbol id="sm-2af">
         <name>_TIMER_clearFlag</name>
         <value>0x3f65fc</value>
         <object_component_ref idref="oc-c5"/>
      </symbol>
      <symbol id="sm-2b0">
         <name>_TIMER_reload</name>
         <value>0x3f662c</value>
         <object_component_ref idref="oc-c5"/>
      </symbol>
      <symbol id="sm-2b1">
         <name>_TIMER_enableInt</name>
         <value>0x3f660e</value>
         <object_component_ref idref="oc-c5"/>
      </symbol>
      <symbol id="sm-2b2">
         <name>_TIMER_stop</name>
         <value>0x3f667c</value>
         <object_component_ref idref="oc-c5"/>
      </symbol>
      <symbol id="sm-2c0">
         <name>_WDOG_disableInt</name>
         <value>0x3f6725</value>
         <object_component_ref idref="oc-c6"/>
      </symbol>
      <symbol id="sm-2c1">
         <name>_WDOG_setPreScaler</name>
         <value>0x3f6773</value>
         <object_component_ref idref="oc-c6"/>
      </symbol>
      <symbol id="sm-2c2">
         <name>_WDOG_enableInt</name>
         <value>0x3f673f</value>
         <object_component_ref idref="oc-c6"/>
      </symbol>
      <symbol id="sm-2c3">
         <name>_WDOG_enable</name>
         <value>0x3f672f</value>
         <object_component_ref idref="oc-c6"/>
      </symbol>
      <symbol id="sm-2c4">
         <name>_WDOG_setCount</name>
         <value>0x3f676a</value>
         <object_component_ref idref="oc-c6"/>
      </symbol>
      <symbol id="sm-2c5">
         <name>_WDOG_init</name>
         <value>0x3f675e</value>
         <object_component_ref idref="oc-c6"/>
      </symbol>
      <symbol id="sm-2c6">
         <name>_WDOG_getIntStatus</name>
         <value>0x3f6755</value>
         <object_component_ref idref="oc-c6"/>
      </symbol>
      <symbol id="sm-2c7">
         <name>_WDOG_disable</name>
         <value>0x3f6715</value>
         <object_component_ref idref="oc-c6"/>
      </symbol>
      <symbol id="sm-2c8">
         <name>_WDOG_enableOverRide</name>
         <value>0x3f674a</value>
         <object_component_ref idref="oc-c6"/>
      </symbol>
      <symbol id="sm-2c9">
         <name>_WDOG_clearCounter</name>
         <value>0x3f6707</value>
         <object_component_ref idref="oc-c6"/>
      </symbol>
      <symbol id="sm-2e1">
         <name>_ceilf</name>
         <value>0x3f67fe</value>
         <object_component_ref idref="oc-cb"/>
      </symbol>
      <symbol id="sm-2e2">
         <name>_ceil</name>
         <value>0x3f67fe</value>
         <object_component_ref idref="oc-cb"/>
      </symbol>
      <symbol id="sm-2fd">
         <name>_c_int00</name>
         <value>0x3f6867</value>
         <object_component_ref idref="oc-13"/>
      </symbol>
      <symbol id="sm-2fe">
         <name>__stack</name>
         <value>0x400</value>
         <object_component_ref idref="oc-66"/>
      </symbol>
      <symbol id="sm-318">
         <name>FS$$ADD</name>
         <value>0x3f678b</value>
         <object_component_ref idref="oc-6c"/>
      </symbol>
      <symbol id="sm-319">
         <name>FS$$SUB</name>
         <value>0x3f6786</value>
         <object_component_ref idref="oc-6c"/>
      </symbol>
      <symbol id="sm-32b">
         <name>FS$$CMP</name>
         <value>0x3f69a7</value>
         <object_component_ref idref="oc-71"/>
      </symbol>
      <symbol id="sm-33c">
         <name>FS$$DIV</name>
         <value>0x3f6684</value>
         <object_component_ref idref="oc-76"/>
      </symbol>
      <symbol id="sm-34d">
         <name>FS$$MPY</name>
         <value>0x3f7f20</value>
         <object_component_ref idref="oc-7b"/>
      </symbol>
      <symbol id="sm-35a">
         <name>FS$$NEG</name>
         <value>0x3f69d7</value>
         <object_component_ref idref="oc-80"/>
      </symbol>
      <symbol id="sm-36b">
         <name>FS$$TOU</name>
         <value>0x3f6954</value>
         <object_component_ref idref="oc-85"/>
      </symbol>
      <symbol id="sm-379">
         <name>U$$TOFS</name>
         <value>0x3f69be</value>
         <object_component_ref idref="oc-8a"/>
      </symbol>
      <symbol id="sm-388">
         <name>_copy_in</name>
         <value>0x3f6930</value>
         <object_component_ref idref="oc-b5"/>
      </symbol>
      <symbol id="sm-399">
         <name>_memcpy</name>
         <value>0x3f6971</value>
         <object_component_ref idref="oc-bc"/>
      </symbol>
      <symbol id="sm-3a5">
         <name>__system_pre_init</name>
         <value>0x3f69dc</value>
         <object_component_ref idref="oc-b4"/>
      </symbol>
      <symbol id="sm-3b2">
         <name>__system_post_cinit</name>
         <value>0x3f7f7f</value>
         <object_component_ref idref="oc-b6"/>
      </symbol>
      <symbol id="sm-3c6">
         <name>C$$EXIT</name>
         <value>0x3f6907</value>
         <object_component_ref idref="oc-b8"/>
      </symbol>
      <symbol id="sm-3c7">
         <name>_exit</name>
         <value>0x3f6909</value>
         <object_component_ref idref="oc-b8"/>
      </symbol>
      <symbol id="sm-3c8">
         <name>___TI_cleanup_ptr</name>
         <value>0x782</value>
         <object_component_ref idref="oc-a5"/>
      </symbol>
      <symbol id="sm-3c9">
         <name>___TI_enable_exit_profile_output</name>
         <value>0x780</value>
         <object_component_ref idref="oc-a5"/>
      </symbol>
      <symbol id="sm-3ca">
         <name>_abort</name>
         <value>0x3f6907</value>
         <object_component_ref idref="oc-b8"/>
      </symbol>
      <symbol id="sm-3cb">
         <name>___TI_dtors_ptr</name>
         <value>0x784</value>
         <object_component_ref idref="oc-a5"/>
      </symbol>
      <symbol id="sm-3df">
         <name>__unlock</name>
         <value>0x788</value>
         <object_component_ref idref="oc-cc"/>
      </symbol>
      <symbol id="sm-3e0">
         <name>__lock</name>
         <value>0x786</value>
         <object_component_ref idref="oc-bd"/>
      </symbol>
      <symbol id="sm-3e1">
         <name>__register_lock</name>
         <value>0x3f69d2</value>
         <object_component_ref idref="oc-c8"/>
      </symbol>
      <symbol id="sm-3e2">
         <name>__nop</name>
         <value>0x3f69d6</value>
         <object_component_ref idref="oc-c8"/>
      </symbol>
      <symbol id="sm-3e3">
         <name>__register_unlock</name>
         <value>0x3f69ce</value>
         <object_component_ref idref="oc-c8"/>
      </symbol>
      <symbol id="sm-3f2">
         <name>__args_main</name>
         <value>0x3f698e</value>
         <object_component_ref idref="oc-b7"/>
      </symbol>
   </symbol_table>
   <title>Link successful</title>
</link_info>
